[0.098s] DEBUG:colcon:Command line arguments: ['/usr/bin/colcon', 'build', '--packages-select', 'pathbot_navigation']
[0.098s] DEBUG:colcon:Parsed command line arguments: Namespace(log_base=None, log_level=None, verb_name='build', build_base='build', install_base='install', merge_install=False, symlink_install=False, test_result_base=None, continue_on_error=False, executor='parallel', parallel_workers=16, event_handlers=None, ignore_user_meta=False, metas=['./colcon.meta'], base_paths=['.'], packages_ignore=None, packages_ignore_regex=None, paths=None, packages_up_to=None, packages_up_to_regex=None, packages_above=None, packages_above_and_dependencies=None, packages_above_depth=None, packages_select_by_dep=None, packages_skip_by_dep=None, packages_skip_up_to=None, packages_select_build_failed=False, packages_skip_build_finished=False, packages_select_test_failures=False, packages_skip_test_passed=False, packages_select=['pathbot_navigation'], packages_skip=None, packages_select_regex=None, packages_skip_regex=None, packages_start=None, packages_end=None, allow_overriding=[], cmake_args=None, cmake_target=None, cmake_target_skip_unavailable=False, cmake_clean_cache=False, cmake_clean_first=False, cmake_force_configure=False, ament_cmake_args=None, catkin_cmake_args=None, catkin_skip_building_tests=False, mixin_files=None, mixin=None, verb_parser=<colcon_mixin.mixin.mixin_argument.MixinArgumentDecorator object at 0x74eab217b0e0>, verb_extension=<colcon_core.verb.build.BuildVerb object at 0x74eab22e1340>, main=<bound method BuildVerb.main of <colcon_core.verb.build.BuildVerb object at 0x74eab22e1340>>, mixin_verb=('build',))
[0.130s] Level 1:colcon.colcon_core.package_discovery:discover_packages(colcon_meta) check parameters
[0.130s] Level 1:colcon.colcon_core.package_discovery:discover_packages(recursive) check parameters
[0.130s] Level 1:colcon.colcon_core.package_discovery:discover_packages(ignore) check parameters
[0.130s] Level 1:colcon.colcon_core.package_discovery:discover_packages(path) check parameters
[0.130s] Level 1:colcon.colcon_core.package_discovery:discover_packages(colcon_meta) discover
[0.130s] Level 1:colcon.colcon_core.package_discovery:discover_packages(recursive) discover
[0.130s] INFO:colcon.colcon_core.package_discovery:Crawling recursively for packages in '/home/hornet/Desktop/pathfollowingbot'
[0.130s] Level 1:colcon.colcon_core.package_identification:_identify(.) by extensions ['ignore', 'ignore_ament_install']
[0.131s] Level 1:colcon.colcon_core.package_identification:_identify(.) by extension 'ignore'
[0.131s] Level 1:colcon.colcon_core.package_identification:_identify(.) by extension 'ignore_ament_install'
[0.131s] Level 1:colcon.colcon_core.package_identification:_identify(.) by extensions ['colcon_pkg']
[0.131s] Level 1:colcon.colcon_core.package_identification:_identify(.) by extension 'colcon_pkg'
[0.131s] Level 1:colcon.colcon_core.package_identification:_identify(.) by extensions ['colcon_meta']
[0.131s] Level 1:colcon.colcon_core.package_identification:_identify(.) by extension 'colcon_meta'
[0.131s] Level 1:colcon.colcon_core.package_identification:_identify(.) by extensions ['ros']
[0.131s] Level 1:colcon.colcon_core.package_identification:_identify(.) by extension 'ros'
[0.155s] Level 1:colcon.colcon_core.package_identification:_identify(.) by extensions ['cmake', 'python']
[0.155s] Level 1:colcon.colcon_core.package_identification:_identify(.) by extension 'cmake'
[0.155s] Level 1:colcon.colcon_core.package_identification:_identify(.) by extension 'python'
[0.155s] Level 1:colcon.colcon_core.package_identification:_identify(.) by extensions ['python_setup_py']
[0.155s] Level 1:colcon.colcon_core.package_identification:_identify(.) by extension 'python_setup_py'
[0.156s] Level 1:colcon.colcon_core.package_identification:_identify(build) by extensions ['ignore', 'ignore_ament_install']
[0.156s] Level 1:colcon.colcon_core.package_identification:_identify(build) by extension 'ignore'
[0.156s] Level 1:colcon.colcon_core.package_identification:_identify(build) ignored
[0.156s] Level 1:colcon.colcon_core.package_identification:_identify(install) by extensions ['ignore', 'ignore_ament_install']
[0.156s] Level 1:colcon.colcon_core.package_identification:_identify(install) by extension 'ignore'
[0.156s] Level 1:colcon.colcon_core.package_identification:_identify(install) ignored
[0.156s] Level 1:colcon.colcon_core.package_identification:_identify(log) by extensions ['ignore', 'ignore_ament_install']
[0.156s] Level 1:colcon.colcon_core.package_identification:_identify(log) by extension 'ignore'
[0.156s] Level 1:colcon.colcon_core.package_identification:_identify(log) ignored
[0.156s] Level 1:colcon.colcon_core.package_identification:_identify(src) by extensions ['ignore', 'ignore_ament_install']
[0.156s] Level 1:colcon.colcon_core.package_identification:_identify(src) by extension 'ignore'
[0.156s] Level 1:colcon.colcon_core.package_identification:_identify(src) by extension 'ignore_ament_install'
[0.156s] Level 1:colcon.colcon_core.package_identification:_identify(src) by extensions ['colcon_pkg']
[0.156s] Level 1:colcon.colcon_core.package_identification:_identify(src) by extension 'colcon_pkg'
[0.156s] Level 1:colcon.colcon_core.package_identification:_identify(src) by extensions ['colcon_meta']
[0.156s] Level 1:colcon.colcon_core.package_identification:_identify(src) by extension 'colcon_meta'
[0.156s] Level 1:colcon.colcon_core.package_identification:_identify(src) by extensions ['ros']
[0.156s] Level 1:colcon.colcon_core.package_identification:_identify(src) by extension 'ros'
[0.156s] Level 1:colcon.colcon_core.package_identification:_identify(src) by extensions ['cmake', 'python']
[0.156s] Level 1:colcon.colcon_core.package_identification:_identify(src) by extension 'cmake'
[0.156s] Level 1:colcon.colcon_core.package_identification:_identify(src) by extension 'python'
[0.156s] Level 1:colcon.colcon_core.package_identification:_identify(src) by extensions ['python_setup_py']
[0.156s] Level 1:colcon.colcon_core.package_identification:_identify(src) by extension 'python_setup_py'
[0.156s] Level 1:colcon.colcon_core.package_identification:_identify(src/build) by extensions ['ignore', 'ignore_ament_install']
[0.157s] Level 1:colcon.colcon_core.package_identification:_identify(src/build) by extension 'ignore'
[0.157s] Level 1:colcon.colcon_core.package_identification:_identify(src/build) ignored
[0.157s] Level 1:colcon.colcon_core.package_identification:_identify(src/install) by extensions ['ignore', 'ignore_ament_install']
[0.157s] Level 1:colcon.colcon_core.package_identification:_identify(src/install) by extension 'ignore'
[0.157s] Level 1:colcon.colcon_core.package_identification:_identify(src/install) ignored
[0.157s] Level 1:colcon.colcon_core.package_identification:_identify(src/log) by extensions ['ignore', 'ignore_ament_install']
[0.157s] Level 1:colcon.colcon_core.package_identification:_identify(src/log) by extension 'ignore'
[0.157s] Level 1:colcon.colcon_core.package_identification:_identify(src/log) ignored
[0.157s] Level 1:colcon.colcon_core.package_identification:_identify(src/pathbot_bringup) by extensions ['ignore', 'ignore_ament_install']
[0.157s] Level 1:colcon.colcon_core.package_identification:_identify(src/pathbot_bringup) by extension 'ignore'
[0.157s] Level 1:colcon.colcon_core.package_identification:_identify(src/pathbot_bringup) by extension 'ignore_ament_install'
[0.157s] Level 1:colcon.colcon_core.package_identification:_identify(src/pathbot_bringup) by extensions ['colcon_pkg']
[0.157s] Level 1:colcon.colcon_core.package_identification:_identify(src/pathbot_bringup) by extension 'colcon_pkg'
[0.157s] Level 1:colcon.colcon_core.package_identification:_identify(src/pathbot_bringup) by extensions ['colcon_meta']
[0.157s] Level 1:colcon.colcon_core.package_identification:_identify(src/pathbot_bringup) by extension 'colcon_meta'
[0.157s] Level 1:colcon.colcon_core.package_identification:_identify(src/pathbot_bringup) by extensions ['ros']
[0.157s] Level 1:colcon.colcon_core.package_identification:_identify(src/pathbot_bringup) by extension 'ros'
[0.159s] DEBUG:colcon.colcon_core.package_identification:Package 'src/pathbot_bringup' with type 'ros.ament_cmake' and name 'pathbot_bringup'
[0.159s] Level 1:colcon.colcon_core.package_identification:_identify(src/pathbot_control) by extensions ['ignore', 'ignore_ament_install']
[0.159s] Level 1:colcon.colcon_core.package_identification:_identify(src/pathbot_control) by extension 'ignore'
[0.159s] Level 1:colcon.colcon_core.package_identification:_identify(src/pathbot_control) by extension 'ignore_ament_install'
[0.159s] Level 1:colcon.colcon_core.package_identification:_identify(src/pathbot_control) by extensions ['colcon_pkg']
[0.160s] Level 1:colcon.colcon_core.package_identification:_identify(src/pathbot_control) by extension 'colcon_pkg'
[0.160s] Level 1:colcon.colcon_core.package_identification:_identify(src/pathbot_control) by extensions ['colcon_meta']
[0.160s] Level 1:colcon.colcon_core.package_identification:_identify(src/pathbot_control) by extension 'colcon_meta'
[0.160s] Level 1:colcon.colcon_core.package_identification:_identify(src/pathbot_control) by extensions ['ros']
[0.160s] Level 1:colcon.colcon_core.package_identification:_identify(src/pathbot_control) by extension 'ros'
[0.160s] DEBUG:colcon.colcon_core.package_identification:Package 'src/pathbot_control' with type 'ros.ament_cmake' and name 'pathbot_control'
[0.160s] Level 1:colcon.colcon_core.package_identification:_identify(src/pathbot_description) by extensions ['ignore', 'ignore_ament_install']
[0.160s] Level 1:colcon.colcon_core.package_identification:_identify(src/pathbot_description) by extension 'ignore'
[0.160s] Level 1:colcon.colcon_core.package_identification:_identify(src/pathbot_description) by extension 'ignore_ament_install'
[0.160s] Level 1:colcon.colcon_core.package_identification:_identify(src/pathbot_description) by extensions ['colcon_pkg']
[0.160s] Level 1:colcon.colcon_core.package_identification:_identify(src/pathbot_description) by extension 'colcon_pkg'
[0.160s] Level 1:colcon.colcon_core.package_identification:_identify(src/pathbot_description) by extensions ['colcon_meta']
[0.160s] Level 1:colcon.colcon_core.package_identification:_identify(src/pathbot_description) by extension 'colcon_meta'
[0.160s] Level 1:colcon.colcon_core.package_identification:_identify(src/pathbot_description) by extensions ['ros']
[0.160s] Level 1:colcon.colcon_core.package_identification:_identify(src/pathbot_description) by extension 'ros'
[0.161s] DEBUG:colcon.colcon_core.package_identification:Package 'src/pathbot_description' with type 'ros.ament_cmake' and name 'pathbot_description'
[0.161s] Level 1:colcon.colcon_core.package_identification:_identify(src/pathbot_navigation) by extensions ['ignore', 'ignore_ament_install']
[0.161s] Level 1:colcon.colcon_core.package_identification:_identify(src/pathbot_navigation) by extension 'ignore'
[0.161s] Level 1:colcon.colcon_core.package_identification:_identify(src/pathbot_navigation) by extension 'ignore_ament_install'
[0.161s] Level 1:colcon.colcon_core.package_identification:_identify(src/pathbot_navigation) by extensions ['colcon_pkg']
[0.161s] Level 1:colcon.colcon_core.package_identification:_identify(src/pathbot_navigation) by extension 'colcon_pkg'
[0.161s] Level 1:colcon.colcon_core.package_identification:_identify(src/pathbot_navigation) by extensions ['colcon_meta']
[0.161s] Level 1:colcon.colcon_core.package_identification:_identify(src/pathbot_navigation) by extension 'colcon_meta'
[0.161s] Level 1:colcon.colcon_core.package_identification:_identify(src/pathbot_navigation) by extensions ['ros']
[0.161s] Level 1:colcon.colcon_core.package_identification:_identify(src/pathbot_navigation) by extension 'ros'
[0.161s] DEBUG:colcon.colcon_core.package_identification:Package 'src/pathbot_navigation' with type 'ros.ament_cmake' and name 'pathbot_navigation'
[0.161s] Level 1:colcon.colcon_core.package_identification:_identify(src/pathbot_nodes) by extensions ['ignore', 'ignore_ament_install']
[0.161s] Level 1:colcon.colcon_core.package_identification:_identify(src/pathbot_nodes) by extension 'ignore'
[0.161s] Level 1:colcon.colcon_core.package_identification:_identify(src/pathbot_nodes) by extension 'ignore_ament_install'
[0.162s] Level 1:colcon.colcon_core.package_identification:_identify(src/pathbot_nodes) by extensions ['colcon_pkg']
[0.162s] Level 1:colcon.colcon_core.package_identification:_identify(src/pathbot_nodes) by extension 'colcon_pkg'
[0.162s] Level 1:colcon.colcon_core.package_identification:_identify(src/pathbot_nodes) by extensions ['colcon_meta']
[0.162s] Level 1:colcon.colcon_core.package_identification:_identify(src/pathbot_nodes) by extension 'colcon_meta'
[0.162s] Level 1:colcon.colcon_core.package_identification:_identify(src/pathbot_nodes) by extensions ['ros']
[0.162s] Level 1:colcon.colcon_core.package_identification:_identify(src/pathbot_nodes) by extension 'ros'
[0.162s] DEBUG:colcon.colcon_core.package_identification:Package 'src/pathbot_nodes' with type 'ros.ament_cmake' and name 'pathbot_nodes'
[0.162s] Level 1:colcon.colcon_core.package_identification:_identify(src/pathbot_simulation) by extensions ['ignore', 'ignore_ament_install']
[0.162s] Level 1:colcon.colcon_core.package_identification:_identify(src/pathbot_simulation) by extension 'ignore'
[0.162s] Level 1:colcon.colcon_core.package_identification:_identify(src/pathbot_simulation) by extension 'ignore_ament_install'
[0.162s] Level 1:colcon.colcon_core.package_identification:_identify(src/pathbot_simulation) by extensions ['colcon_pkg']
[0.162s] Level 1:colcon.colcon_core.package_identification:_identify(src/pathbot_simulation) by extension 'colcon_pkg'
[0.162s] Level 1:colcon.colcon_core.package_identification:_identify(src/pathbot_simulation) by extensions ['colcon_meta']
[0.162s] Level 1:colcon.colcon_core.package_identification:_identify(src/pathbot_simulation) by extension 'colcon_meta'
[0.162s] Level 1:colcon.colcon_core.package_identification:_identify(src/pathbot_simulation) by extensions ['ros']
[0.162s] Level 1:colcon.colcon_core.package_identification:_identify(src/pathbot_simulation) by extension 'ros'
[0.162s] DEBUG:colcon.colcon_core.package_identification:Package 'src/pathbot_simulation' with type 'ros.ament_cmake' and name 'pathbot_simulation'
[0.163s] Level 1:colcon.colcon_core.package_discovery:discover_packages(recursive) using defaults
[0.163s] Level 1:colcon.colcon_core.package_discovery:discover_packages(ignore) discover
[0.163s] Level 1:colcon.colcon_core.package_discovery:discover_packages(ignore) using defaults
[0.163s] Level 1:colcon.colcon_core.package_discovery:discover_packages(path) discover
[0.163s] Level 1:colcon.colcon_core.package_discovery:discover_packages(path) using defaults
[0.180s] INFO:colcon.colcon_core.package_selection:Skipping not selected package 'pathbot_control' in 'src/pathbot_control'
[0.181s] INFO:colcon.colcon_core.package_selection:Skipping not selected package 'pathbot_description' in 'src/pathbot_description'
[0.181s] INFO:colcon.colcon_core.package_selection:Skipping not selected package 'pathbot_nodes' in 'src/pathbot_nodes'
[0.181s] INFO:colcon.colcon_core.package_selection:Skipping not selected package 'pathbot_simulation' in 'src/pathbot_simulation'
[0.181s] INFO:colcon.colcon_core.package_selection:Skipping not selected package 'pathbot_bringup' in 'src/pathbot_bringup'
[0.181s] Level 1:colcon.colcon_core.package_discovery:discover_packages(prefix_path) check parameters
[0.181s] Level 1:colcon.colcon_core.package_discovery:discover_packages(prefix_path) discover
[0.183s] DEBUG:colcon.colcon_installed_package_information.package_discovery:Found 431 installed packages in /opt/ros/jazzy
[0.184s] Level 1:colcon.colcon_core.package_discovery:discover_packages(prefix_path) using defaults
[0.228s] Level 5:colcon.colcon_core.verb:set package 'pathbot_navigation' build argument 'cmake_args' from command line to 'None'
[0.229s] Level 5:colcon.colcon_core.verb:set package 'pathbot_navigation' build argument 'cmake_target' from command line to 'None'
[0.229s] Level 5:colcon.colcon_core.verb:set package 'pathbot_navigation' build argument 'cmake_target_skip_unavailable' from command line to 'False'
[0.229s] Level 5:colcon.colcon_core.verb:set package 'pathbot_navigation' build argument 'cmake_clean_cache' from command line to 'False'
[0.229s] Level 5:colcon.colcon_core.verb:set package 'pathbot_navigation' build argument 'cmake_clean_first' from command line to 'False'
[0.229s] Level 5:colcon.colcon_core.verb:set package 'pathbot_navigation' build argument 'cmake_force_configure' from command line to 'False'
[0.229s] Level 5:colcon.colcon_core.verb:set package 'pathbot_navigation' build argument 'ament_cmake_args' from command line to 'None'
[0.229s] Level 5:colcon.colcon_core.verb:set package 'pathbot_navigation' build argument 'catkin_cmake_args' from command line to 'None'
[0.229s] Level 5:colcon.colcon_core.verb:set package 'pathbot_navigation' build argument 'catkin_skip_building_tests' from command line to 'False'
[0.229s] DEBUG:colcon.colcon_core.verb:Building package 'pathbot_navigation' with the following arguments: {'ament_cmake_args': None, 'build_base': '/home/hornet/Desktop/pathfollowingbot/build/pathbot_navigation', 'catkin_cmake_args': None, 'catkin_skip_building_tests': False, 'cmake_args': None, 'cmake_clean_cache': False, 'cmake_clean_first': False, 'cmake_force_configure': False, 'cmake_target': None, 'cmake_target_skip_unavailable': False, 'install_base': '/home/hornet/Desktop/pathfollowingbot/install/pathbot_navigation', 'merge_install': False, 'path': '/home/hornet/Desktop/pathfollowingbot/src/pathbot_navigation', 'symlink_install': False, 'test_result_base': None}
[0.229s] INFO:colcon.colcon_core.executor:Executing jobs using 'parallel' executor
[0.230s] DEBUG:colcon.colcon_parallel_executor.executor.parallel:run_until_complete
[0.231s] INFO:colcon.colcon_ros.task.ament_cmake.build:Building ROS package in '/home/hornet/Desktop/pathfollowingbot/src/pathbot_navigation' with build type 'ament_cmake'
[0.231s] INFO:colcon.colcon_cmake.task.cmake.build:Building CMake package in '/home/hornet/Desktop/pathfollowingbot/src/pathbot_navigation'
[0.233s] INFO:colcon.colcon_core.plugin_system:Skipping extension 'colcon_core.shell.bat': Not used on non-Windows systems
[0.233s] INFO:colcon.colcon_core.shell:Skip shell extension 'powershell' for command environment: Not usable outside of PowerShell
[0.234s] DEBUG:colcon.colcon_core.shell:Skip shell extension 'dsv' for command environment
[0.248s] DEBUG:colcon.colcon_core.event_handler.log_command:Invoking command in '/home/hornet/Desktop/pathfollowingbot/build/pathbot_navigation': AMENT_PREFIX_PATH=/home/hornet/Desktop/pathfollowingbot/install/pathbot_nodes:${AMENT_PREFIX_PATH} CMAKE_PREFIX_PATH=/home/hornet/Desktop/pathfollowingbot/install/pathbot_nodes:/opt/ros/jazzy/opt/gz_sim_vendor:/opt/ros/jazzy/opt/gz_sensors_vendor:/opt/ros/jazzy/opt/gz_physics_vendor:/opt/ros/jazzy/opt/sdformat_vendor:/opt/ros/jazzy/opt/gz_gui_vendor:/opt/ros/jazzy/opt/gz_transport_vendor:/opt/ros/jazzy/opt/gz_rendering_vendor:/opt/ros/jazzy/opt/gz_plugin_vendor:/opt/ros/jazzy/opt/gz_fuel_tools_vendor:/opt/ros/jazzy/opt/gz_msgs_vendor:/opt/ros/jazzy/opt/gz_common_vendor:/opt/ros/jazzy/opt/gz_math_vendor:/opt/ros/jazzy/opt/gz_utils_vendor:/opt/ros/jazzy/opt/gz_tools_vendor:/opt/ros/jazzy/opt/gz_ogre_next_vendor:/opt/ros/jazzy/opt/gz_dartsim_vendor:/opt/ros/jazzy/opt/gz_cmake_vendor:/opt/ros/jazzy DEBUGINFOD_URLS=https://debuginfod.ubuntu.com /usr/bin/cmake --build /home/hornet/Desktop/pathfollowingbot/build/pathbot_navigation -- -j16 -l16
[0.291s] DEBUG:colcon.colcon_core.event_handler.log_command:Invoked command in '/home/hornet/Desktop/pathfollowingbot/build/pathbot_navigation' returned '0': AMENT_PREFIX_PATH=/home/hornet/Desktop/pathfollowingbot/install/pathbot_nodes:${AMENT_PREFIX_PATH} CMAKE_PREFIX_PATH=/home/hornet/Desktop/pathfollowingbot/install/pathbot_nodes:/opt/ros/jazzy/opt/gz_sim_vendor:/opt/ros/jazzy/opt/gz_sensors_vendor:/opt/ros/jazzy/opt/gz_physics_vendor:/opt/ros/jazzy/opt/sdformat_vendor:/opt/ros/jazzy/opt/gz_gui_vendor:/opt/ros/jazzy/opt/gz_transport_vendor:/opt/ros/jazzy/opt/gz_rendering_vendor:/opt/ros/jazzy/opt/gz_plugin_vendor:/opt/ros/jazzy/opt/gz_fuel_tools_vendor:/opt/ros/jazzy/opt/gz_msgs_vendor:/opt/ros/jazzy/opt/gz_common_vendor:/opt/ros/jazzy/opt/gz_math_vendor:/opt/ros/jazzy/opt/gz_utils_vendor:/opt/ros/jazzy/opt/gz_tools_vendor:/opt/ros/jazzy/opt/gz_ogre_next_vendor:/opt/ros/jazzy/opt/gz_dartsim_vendor:/opt/ros/jazzy/opt/gz_cmake_vendor:/opt/ros/jazzy DEBUGINFOD_URLS=https://debuginfod.ubuntu.com /usr/bin/cmake --build /home/hornet/Desktop/pathfollowingbot/build/pathbot_navigation -- -j16 -l16
[0.302s] DEBUG:colcon.colcon_core.event_handler.log_command:Invoking command in '/home/hornet/Desktop/pathfollowingbot/build/pathbot_navigation': AMENT_PREFIX_PATH=/home/hornet/Desktop/pathfollowingbot/install/pathbot_nodes:${AMENT_PREFIX_PATH} CMAKE_PREFIX_PATH=/home/hornet/Desktop/pathfollowingbot/install/pathbot_nodes:/opt/ros/jazzy/opt/gz_sim_vendor:/opt/ros/jazzy/opt/gz_sensors_vendor:/opt/ros/jazzy/opt/gz_physics_vendor:/opt/ros/jazzy/opt/sdformat_vendor:/opt/ros/jazzy/opt/gz_gui_vendor:/opt/ros/jazzy/opt/gz_transport_vendor:/opt/ros/jazzy/opt/gz_rendering_vendor:/opt/ros/jazzy/opt/gz_plugin_vendor:/opt/ros/jazzy/opt/gz_fuel_tools_vendor:/opt/ros/jazzy/opt/gz_msgs_vendor:/opt/ros/jazzy/opt/gz_common_vendor:/opt/ros/jazzy/opt/gz_math_vendor:/opt/ros/jazzy/opt/gz_utils_vendor:/opt/ros/jazzy/opt/gz_tools_vendor:/opt/ros/jazzy/opt/gz_ogre_next_vendor:/opt/ros/jazzy/opt/gz_dartsim_vendor:/opt/ros/jazzy/opt/gz_cmake_vendor:/opt/ros/jazzy DEBUGINFOD_URLS=https://debuginfod.ubuntu.com /usr/bin/cmake --install /home/hornet/Desktop/pathfollowingbot/build/pathbot_navigation
[0.313s] Level 1:colcon.colcon_core.environment:create_environment_scripts_only(pathbot_navigation)
[0.314s] DEBUG:colcon.colcon_core.event_handler.log_command:Invoked command in '/home/hornet/Desktop/pathfollowingbot/build/pathbot_navigation' returned '0': AMENT_PREFIX_PATH=/home/hornet/Desktop/pathfollowingbot/install/pathbot_nodes:${AMENT_PREFIX_PATH} CMAKE_PREFIX_PATH=/home/hornet/Desktop/pathfollowingbot/install/pathbot_nodes:/opt/ros/jazzy/opt/gz_sim_vendor:/opt/ros/jazzy/opt/gz_sensors_vendor:/opt/ros/jazzy/opt/gz_physics_vendor:/opt/ros/jazzy/opt/sdformat_vendor:/opt/ros/jazzy/opt/gz_gui_vendor:/opt/ros/jazzy/opt/gz_transport_vendor:/opt/ros/jazzy/opt/gz_rendering_vendor:/opt/ros/jazzy/opt/gz_plugin_vendor:/opt/ros/jazzy/opt/gz_fuel_tools_vendor:/opt/ros/jazzy/opt/gz_msgs_vendor:/opt/ros/jazzy/opt/gz_common_vendor:/opt/ros/jazzy/opt/gz_math_vendor:/opt/ros/jazzy/opt/gz_utils_vendor:/opt/ros/jazzy/opt/gz_tools_vendor:/opt/ros/jazzy/opt/gz_ogre_next_vendor:/opt/ros/jazzy/opt/gz_dartsim_vendor:/opt/ros/jazzy/opt/gz_cmake_vendor:/opt/ros/jazzy DEBUGINFOD_URLS=https://debuginfod.ubuntu.com /usr/bin/cmake --install /home/hornet/Desktop/pathfollowingbot/build/pathbot_navigation
[0.315s] Level 1:colcon.colcon_core.environment:checking '/home/hornet/Desktop/pathfollowingbot/install/pathbot_navigation' for CMake module files
[0.316s] Level 1:colcon.colcon_core.environment:checking '/home/hornet/Desktop/pathfollowingbot/install/pathbot_navigation' for CMake config files
[0.316s] Level 1:colcon.colcon_core.shell:create_environment_hook('pathbot_navigation', 'cmake_prefix_path')
[0.316s] INFO:colcon.colcon_core.shell:Creating environment hook '/home/hornet/Desktop/pathfollowingbot/install/pathbot_navigation/share/pathbot_navigation/hook/cmake_prefix_path.ps1'
[0.317s] INFO:colcon.colcon_core.shell:Creating environment descriptor '/home/hornet/Desktop/pathfollowingbot/install/pathbot_navigation/share/pathbot_navigation/hook/cmake_prefix_path.dsv'
[0.317s] INFO:colcon.colcon_core.shell:Creating environment hook '/home/hornet/Desktop/pathfollowingbot/install/pathbot_navigation/share/pathbot_navigation/hook/cmake_prefix_path.sh'
[0.318s] Level 1:colcon.colcon_core.environment:checking '/home/hornet/Desktop/pathfollowingbot/install/pathbot_navigation/bin'
[0.318s] Level 1:colcon.colcon_core.environment:checking '/home/hornet/Desktop/pathfollowingbot/install/pathbot_navigation/lib/pkgconfig/pathbot_navigation.pc'
[0.318s] Level 1:colcon.colcon_core.environment:checking '/home/hornet/Desktop/pathfollowingbot/install/pathbot_navigation/lib/python3.12/site-packages'
[0.318s] Level 1:colcon.colcon_core.environment:checking '/home/hornet/Desktop/pathfollowingbot/install/pathbot_navigation/bin'
[0.319s] INFO:colcon.colcon_core.shell:Creating package script '/home/hornet/Desktop/pathfollowingbot/install/pathbot_navigation/share/pathbot_navigation/package.ps1'
[0.320s] INFO:colcon.colcon_core.shell:Creating package descriptor '/home/hornet/Desktop/pathfollowingbot/install/pathbot_navigation/share/pathbot_navigation/package.dsv'
[0.320s] INFO:colcon.colcon_core.shell:Creating package script '/home/hornet/Desktop/pathfollowingbot/install/pathbot_navigation/share/pathbot_navigation/package.sh'
[0.320s] INFO:colcon.colcon_core.shell:Creating package script '/home/hornet/Desktop/pathfollowingbot/install/pathbot_navigation/share/pathbot_navigation/package.bash'
[0.321s] INFO:colcon.colcon_core.shell:Creating package script '/home/hornet/Desktop/pathfollowingbot/install/pathbot_navigation/share/pathbot_navigation/package.zsh'
[0.321s] Level 1:colcon.colcon_core.environment:create_file_with_runtime_dependencies(/home/hornet/Desktop/pathfollowingbot/install/pathbot_navigation/share/colcon-core/packages/pathbot_navigation)
[0.322s] Level 1:colcon.colcon_core.environment:create_environment_scripts_only(pathbot_navigation)
[0.322s] Level 1:colcon.colcon_core.environment:checking '/home/hornet/Desktop/pathfollowingbot/install/pathbot_navigation' for CMake module files
[0.322s] Level 1:colcon.colcon_core.environment:checking '/home/hornet/Desktop/pathfollowingbot/install/pathbot_navigation' for CMake config files
[0.322s] Level 1:colcon.colcon_core.shell:create_environment_hook('pathbot_navigation', 'cmake_prefix_path')
[0.323s] INFO:colcon.colcon_core.shell:Creating environment hook '/home/hornet/Desktop/pathfollowingbot/install/pathbot_navigation/share/pathbot_navigation/hook/cmake_prefix_path.ps1'
[0.323s] INFO:colcon.colcon_core.shell:Creating environment descriptor '/home/hornet/Desktop/pathfollowingbot/install/pathbot_navigation/share/pathbot_navigation/hook/cmake_prefix_path.dsv'
[0.323s] INFO:colcon.colcon_core.shell:Creating environment hook '/home/hornet/Desktop/pathfollowingbot/install/pathbot_navigation/share/pathbot_navigation/hook/cmake_prefix_path.sh'
[0.324s] Level 1:colcon.colcon_core.environment:checking '/home/hornet/Desktop/pathfollowingbot/install/pathbot_navigation/bin'
[0.324s] Level 1:colcon.colcon_core.environment:checking '/home/hornet/Desktop/pathfollowingbot/install/pathbot_navigation/lib/pkgconfig/pathbot_navigation.pc'
[0.324s] Level 1:colcon.colcon_core.environment:checking '/home/hornet/Desktop/pathfollowingbot/install/pathbot_navigation/lib/python3.12/site-packages'
[0.324s] Level 1:colcon.colcon_core.environment:checking '/home/hornet/Desktop/pathfollowingbot/install/pathbot_navigation/bin'
[0.325s] INFO:colcon.colcon_core.shell:Creating package script '/home/hornet/Desktop/pathfollowingbot/install/pathbot_navigation/share/pathbot_navigation/package.ps1'
[0.325s] INFO:colcon.colcon_core.shell:Creating package descriptor '/home/hornet/Desktop/pathfollowingbot/install/pathbot_navigation/share/pathbot_navigation/package.dsv'
[0.325s] INFO:colcon.colcon_core.shell:Creating package script '/home/hornet/Desktop/pathfollowingbot/install/pathbot_navigation/share/pathbot_navigation/package.sh'
[0.326s] INFO:colcon.colcon_core.shell:Creating package script '/home/hornet/Desktop/pathfollowingbot/install/pathbot_navigation/share/pathbot_navigation/package.bash'
[0.326s] INFO:colcon.colcon_core.shell:Creating package script '/home/hornet/Desktop/pathfollowingbot/install/pathbot_navigation/share/pathbot_navigation/package.zsh'
[0.326s] Level 1:colcon.colcon_core.environment:create_file_with_runtime_dependencies(/home/hornet/Desktop/pathfollowingbot/install/pathbot_navigation/share/colcon-core/packages/pathbot_navigation)
[0.326s] DEBUG:colcon.colcon_parallel_executor.executor.parallel:closing loop
[0.327s] DEBUG:colcon.colcon_parallel_executor.executor.parallel:loop closed
[0.327s] DEBUG:colcon.colcon_parallel_executor.executor.parallel:run_until_complete finished with '0'
[0.327s] DEBUG:colcon.colcon_core.event_reactor:joining thread
[0.332s] INFO:colcon.colcon_core.plugin_system:Skipping extension 'colcon_notification.desktop_notification.terminal_notifier': Not used on non-Darwin systems
[0.332s] INFO:colcon.colcon_core.plugin_system:Skipping extension 'colcon_notification.desktop_notification.win32': Not used on non-Windows systems
[0.332s] INFO:colcon.colcon_notification.desktop_notification:Sending desktop notification using 'notify2'
[0.346s] DEBUG:colcon.colcon_core.event_reactor:joined thread
[0.347s] INFO:colcon.colcon_core.shell:Creating prefix script '/home/hornet/Desktop/pathfollowingbot/install/local_setup.ps1'
[0.348s] INFO:colcon.colcon_core.shell:Creating prefix util module '/home/hornet/Desktop/pathfollowingbot/install/_local_setup_util_ps1.py'
[0.349s] INFO:colcon.colcon_core.shell:Creating prefix chain script '/home/hornet/Desktop/pathfollowingbot/install/setup.ps1'
[0.349s] INFO:colcon.colcon_core.shell:Creating prefix script '/home/hornet/Desktop/pathfollowingbot/install/local_setup.sh'
[0.350s] INFO:colcon.colcon_core.shell:Creating prefix util module '/home/hornet/Desktop/pathfollowingbot/install/_local_setup_util_sh.py'
[0.375s] INFO:colcon.colcon_core.shell:Creating prefix chain script '/home/hornet/Desktop/pathfollowingbot/install/setup.sh'
[0.376s] INFO:colcon.colcon_core.shell:Creating prefix script '/home/hornet/Desktop/pathfollowingbot/install/local_setup.bash'
[0.377s] INFO:colcon.colcon_core.shell:Creating prefix chain script '/home/hornet/Desktop/pathfollowingbot/install/setup.bash'
[0.377s] INFO:colcon.colcon_core.shell:Creating prefix script '/home/hornet/Desktop/pathfollowingbot/install/local_setup.zsh'
[0.378s] INFO:colcon.colcon_core.shell:Creating prefix chain script '/home/hornet/Desktop/pathfollowingbot/install/setup.zsh'
