[0.011s] Invoking command in '/home/hornet/Desktop/pathfollowingbot/build/pathbot_bringup': AMENT_PREFIX_PATH=/home/hornet/Desktop/pathfollowingbot/install/pathbot_simulation:/home/hornet/Desktop/pathfollowingbot/install/pathbot_navigation:/home/hornet/Desktop/pathfollowingbot/install/pathbot_nodes:/home/hornet/Desktop/pathfollowingbot/install/pathbot_description:/home/hornet/Desktop/pathfollowingbot/install/pathbot_control:${AMENT_PREFIX_PATH} CMAKE_PREFIX_PATH=/home/hornet/Desktop/pathfollowingbot/install/pathbot_simulation:/home/hornet/Desktop/pathfollowingbot/install/pathbot_navigation:/home/hornet/Desktop/pathfollowingbot/install/pathbot_nodes:/home/hornet/Desktop/pathfollowingbot/install/pathbot_description:/home/hornet/Desktop/pathfollowingbot/install/pathbot_control:/opt/ros/jazzy/opt/gz_sim_vendor:/opt/ros/jazzy/opt/gz_sensors_vendor:/opt/ros/jazzy/opt/gz_physics_vendor:/opt/ros/jazzy/opt/sdformat_vendor:/opt/ros/jazzy/opt/gz_gui_vendor:/opt/ros/jazzy/opt/gz_transport_vendor:/opt/ros/jazzy/opt/gz_rendering_vendor:/opt/ros/jazzy/opt/gz_plugin_vendor:/opt/ros/jazzy/opt/gz_fuel_tools_vendor:/opt/ros/jazzy/opt/gz_msgs_vendor:/opt/ros/jazzy/opt/gz_common_vendor:/opt/ros/jazzy/opt/gz_math_vendor:/opt/ros/jazzy/opt/gz_utils_vendor:/opt/ros/jazzy/opt/gz_tools_vendor:/opt/ros/jazzy/opt/gz_ogre_next_vendor:/opt/ros/jazzy/opt/gz_dartsim_vendor:/opt/ros/jazzy/opt/gz_cmake_vendor:/opt/ros/jazzy DEBUGINFOD_URLS=https://debuginfod.ubuntu.com /usr/bin/cmake /home/hornet/Desktop/pathfollowingbot/src/pathbot_bringup -DCMAKE_INSTALL_PREFIX=/home/hornet/Desktop/pathfollowingbot/install/pathbot_bringup
[0.058s] -- The C compiler identification is GNU 11.5.0
[0.100s] -- The CXX compiler identification is GNU 11.5.0
[0.116s] -- Detecting C compiler ABI info
[0.191s] -- Detecting C compiler ABI info - done
[0.198s] -- Check for working C compiler: /usr/bin/cc - skipped
[0.198s] -- Detecting C compile features
[0.198s] -- Detecting C compile features - done
[0.207s] -- Detecting CXX compiler ABI info
[0.291s] -- Detecting CXX compiler ABI info - done
[0.298s] -- Check for working CXX compiler: /usr/bin/c++ - skipped
[0.298s] -- Detecting CXX compile features
[0.299s] -- Detecting CXX compile features - done
[0.301s] -- Found ament_cmake: 2.5.6 (/opt/ros/jazzy/share/ament_cmake/cmake)
[0.437s] -- Found Python3: /usr/bin/python3 (found version "3.12.3") found components: Interpreter 
[0.527s] -- Found ament_lint_auto: 0.17.5 (/opt/ros/jazzy/share/ament_lint_auto/cmake)
[0.634s] -- Added test 'flake8' to check Python code syntax and style conventions
[0.634s] -- Configured 'flake8' exclude dirs and/or files: 
[0.635s] -- Added test 'lint_cmake' to check CMake code style
[0.635s] -- Added test 'pep257' to check Python code against some of the docstring style conventions in PEP 257
[0.636s] -- Added test 'xmllint' to check XML markup files
[0.637s] -- Configuring done (0.6s)
[0.639s] -- Generating done (0.0s)
[0.640s] -- Build files have been written to: /home/hornet/Desktop/pathfollowingbot/build/pathbot_bringup
[0.644s] Invoked command in '/home/hornet/Desktop/pathfollowingbot/build/pathbot_bringup' returned '0': AMENT_PREFIX_PATH=/home/hornet/Desktop/pathfollowingbot/install/pathbot_simulation:/home/hornet/Desktop/pathfollowingbot/install/pathbot_navigation:/home/hornet/Desktop/pathfollowingbot/install/pathbot_nodes:/home/hornet/Desktop/pathfollowingbot/install/pathbot_description:/home/hornet/Desktop/pathfollowingbot/install/pathbot_control:${AMENT_PREFIX_PATH} CMAKE_PREFIX_PATH=/home/hornet/Desktop/pathfollowingbot/install/pathbot_simulation:/home/hornet/Desktop/pathfollowingbot/install/pathbot_navigation:/home/hornet/Desktop/pathfollowingbot/install/pathbot_nodes:/home/hornet/Desktop/pathfollowingbot/install/pathbot_description:/home/hornet/Desktop/pathfollowingbot/install/pathbot_control:/opt/ros/jazzy/opt/gz_sim_vendor:/opt/ros/jazzy/opt/gz_sensors_vendor:/opt/ros/jazzy/opt/gz_physics_vendor:/opt/ros/jazzy/opt/sdformat_vendor:/opt/ros/jazzy/opt/gz_gui_vendor:/opt/ros/jazzy/opt/gz_transport_vendor:/opt/ros/jazzy/opt/gz_rendering_vendor:/opt/ros/jazzy/opt/gz_plugin_vendor:/opt/ros/jazzy/opt/gz_fuel_tools_vendor:/opt/ros/jazzy/opt/gz_msgs_vendor:/opt/ros/jazzy/opt/gz_common_vendor:/opt/ros/jazzy/opt/gz_math_vendor:/opt/ros/jazzy/opt/gz_utils_vendor:/opt/ros/jazzy/opt/gz_tools_vendor:/opt/ros/jazzy/opt/gz_ogre_next_vendor:/opt/ros/jazzy/opt/gz_dartsim_vendor:/opt/ros/jazzy/opt/gz_cmake_vendor:/opt/ros/jazzy DEBUGINFOD_URLS=https://debuginfod.ubuntu.com /usr/bin/cmake /home/hornet/Desktop/pathfollowingbot/src/pathbot_bringup -DCMAKE_INSTALL_PREFIX=/home/hornet/Desktop/pathfollowingbot/install/pathbot_bringup
[0.645s] Invoking command in '/home/hornet/Desktop/pathfollowingbot/build/pathbot_bringup': AMENT_PREFIX_PATH=/home/hornet/Desktop/pathfollowingbot/install/pathbot_simulation:/home/hornet/Desktop/pathfollowingbot/install/pathbot_navigation:/home/hornet/Desktop/pathfollowingbot/install/pathbot_nodes:/home/hornet/Desktop/pathfollowingbot/install/pathbot_description:/home/hornet/Desktop/pathfollowingbot/install/pathbot_control:${AMENT_PREFIX_PATH} CMAKE_PREFIX_PATH=/home/hornet/Desktop/pathfollowingbot/install/pathbot_simulation:/home/hornet/Desktop/pathfollowingbot/install/pathbot_navigation:/home/hornet/Desktop/pathfollowingbot/install/pathbot_nodes:/home/hornet/Desktop/pathfollowingbot/install/pathbot_description:/home/hornet/Desktop/pathfollowingbot/install/pathbot_control:/opt/ros/jazzy/opt/gz_sim_vendor:/opt/ros/jazzy/opt/gz_sensors_vendor:/opt/ros/jazzy/opt/gz_physics_vendor:/opt/ros/jazzy/opt/sdformat_vendor:/opt/ros/jazzy/opt/gz_gui_vendor:/opt/ros/jazzy/opt/gz_transport_vendor:/opt/ros/jazzy/opt/gz_rendering_vendor:/opt/ros/jazzy/opt/gz_plugin_vendor:/opt/ros/jazzy/opt/gz_fuel_tools_vendor:/opt/ros/jazzy/opt/gz_msgs_vendor:/opt/ros/jazzy/opt/gz_common_vendor:/opt/ros/jazzy/opt/gz_math_vendor:/opt/ros/jazzy/opt/gz_utils_vendor:/opt/ros/jazzy/opt/gz_tools_vendor:/opt/ros/jazzy/opt/gz_ogre_next_vendor:/opt/ros/jazzy/opt/gz_dartsim_vendor:/opt/ros/jazzy/opt/gz_cmake_vendor:/opt/ros/jazzy DEBUGINFOD_URLS=https://debuginfod.ubuntu.com /usr/bin/cmake --build /home/hornet/Desktop/pathfollowingbot/build/pathbot_bringup -- -j16 -l16
[0.679s] Invoked command in '/home/hornet/Desktop/pathfollowingbot/build/pathbot_bringup' returned '0': AMENT_PREFIX_PATH=/home/hornet/Desktop/pathfollowingbot/install/pathbot_simulation:/home/hornet/Desktop/pathfollowingbot/install/pathbot_navigation:/home/hornet/Desktop/pathfollowingbot/install/pathbot_nodes:/home/hornet/Desktop/pathfollowingbot/install/pathbot_description:/home/hornet/Desktop/pathfollowingbot/install/pathbot_control:${AMENT_PREFIX_PATH} CMAKE_PREFIX_PATH=/home/hornet/Desktop/pathfollowingbot/install/pathbot_simulation:/home/hornet/Desktop/pathfollowingbot/install/pathbot_navigation:/home/hornet/Desktop/pathfollowingbot/install/pathbot_nodes:/home/hornet/Desktop/pathfollowingbot/install/pathbot_description:/home/hornet/Desktop/pathfollowingbot/install/pathbot_control:/opt/ros/jazzy/opt/gz_sim_vendor:/opt/ros/jazzy/opt/gz_sensors_vendor:/opt/ros/jazzy/opt/gz_physics_vendor:/opt/ros/jazzy/opt/sdformat_vendor:/opt/ros/jazzy/opt/gz_gui_vendor:/opt/ros/jazzy/opt/gz_transport_vendor:/opt/ros/jazzy/opt/gz_rendering_vendor:/opt/ros/jazzy/opt/gz_plugin_vendor:/opt/ros/jazzy/opt/gz_fuel_tools_vendor:/opt/ros/jazzy/opt/gz_msgs_vendor:/opt/ros/jazzy/opt/gz_common_vendor:/opt/ros/jazzy/opt/gz_math_vendor:/opt/ros/jazzy/opt/gz_utils_vendor:/opt/ros/jazzy/opt/gz_tools_vendor:/opt/ros/jazzy/opt/gz_ogre_next_vendor:/opt/ros/jazzy/opt/gz_dartsim_vendor:/opt/ros/jazzy/opt/gz_cmake_vendor:/opt/ros/jazzy DEBUGINFOD_URLS=https://debuginfod.ubuntu.com /usr/bin/cmake --build /home/hornet/Desktop/pathfollowingbot/build/pathbot_bringup -- -j16 -l16
[0.679s] Invoking command in '/home/hornet/Desktop/pathfollowingbot/build/pathbot_bringup': AMENT_PREFIX_PATH=/home/hornet/Desktop/pathfollowingbot/install/pathbot_simulation:/home/hornet/Desktop/pathfollowingbot/install/pathbot_navigation:/home/hornet/Desktop/pathfollowingbot/install/pathbot_nodes:/home/hornet/Desktop/pathfollowingbot/install/pathbot_description:/home/hornet/Desktop/pathfollowingbot/install/pathbot_control:${AMENT_PREFIX_PATH} CMAKE_PREFIX_PATH=/home/hornet/Desktop/pathfollowingbot/install/pathbot_simulation:/home/hornet/Desktop/pathfollowingbot/install/pathbot_navigation:/home/hornet/Desktop/pathfollowingbot/install/pathbot_nodes:/home/hornet/Desktop/pathfollowingbot/install/pathbot_description:/home/hornet/Desktop/pathfollowingbot/install/pathbot_control:/opt/ros/jazzy/opt/gz_sim_vendor:/opt/ros/jazzy/opt/gz_sensors_vendor:/opt/ros/jazzy/opt/gz_physics_vendor:/opt/ros/jazzy/opt/sdformat_vendor:/opt/ros/jazzy/opt/gz_gui_vendor:/opt/ros/jazzy/opt/gz_transport_vendor:/opt/ros/jazzy/opt/gz_rendering_vendor:/opt/ros/jazzy/opt/gz_plugin_vendor:/opt/ros/jazzy/opt/gz_fuel_tools_vendor:/opt/ros/jazzy/opt/gz_msgs_vendor:/opt/ros/jazzy/opt/gz_common_vendor:/opt/ros/jazzy/opt/gz_math_vendor:/opt/ros/jazzy/opt/gz_utils_vendor:/opt/ros/jazzy/opt/gz_tools_vendor:/opt/ros/jazzy/opt/gz_ogre_next_vendor:/opt/ros/jazzy/opt/gz_dartsim_vendor:/opt/ros/jazzy/opt/gz_cmake_vendor:/opt/ros/jazzy DEBUGINFOD_URLS=https://debuginfod.ubuntu.com /usr/bin/cmake --install /home/hornet/Desktop/pathfollowingbot/build/pathbot_bringup
[0.687s] -- Install configuration: ""
[0.687s] -- Installing: /home/hornet/Desktop/pathfollowingbot/install/pathbot_bringup/share/pathbot_bringup/launch
[0.687s] -- Installing: /home/hornet/Desktop/pathfollowingbot/install/pathbot_bringup/share/pathbot_bringup/launch/bringup.launch.py
[0.687s] -- Installing: /home/hornet/Desktop/pathfollowingbot/install/pathbot_bringup/share/ament_index/resource_index/package_run_dependencies/pathbot_bringup
[0.687s] -- Installing: /home/hornet/Desktop/pathfollowingbot/install/pathbot_bringup/share/ament_index/resource_index/parent_prefix_path/pathbot_bringup
[0.687s] -- Installing: /home/hornet/Desktop/pathfollowingbot/install/pathbot_bringup/share/pathbot_bringup/environment/ament_prefix_path.sh
[0.687s] -- Installing: /home/hornet/Desktop/pathfollowingbot/install/pathbot_bringup/share/pathbot_bringup/environment/ament_prefix_path.dsv
[0.687s] -- Installing: /home/hornet/Desktop/pathfollowingbot/install/pathbot_bringup/share/pathbot_bringup/environment/path.sh
[0.687s] -- Installing: /home/hornet/Desktop/pathfollowingbot/install/pathbot_bringup/share/pathbot_bringup/environment/path.dsv
[0.687s] -- Installing: /home/hornet/Desktop/pathfollowingbot/install/pathbot_bringup/share/pathbot_bringup/local_setup.bash
[0.687s] -- Installing: /home/hornet/Desktop/pathfollowingbot/install/pathbot_bringup/share/pathbot_bringup/local_setup.sh
[0.687s] -- Installing: /home/hornet/Desktop/pathfollowingbot/install/pathbot_bringup/share/pathbot_bringup/local_setup.zsh
[0.687s] -- Installing: /home/hornet/Desktop/pathfollowingbot/install/pathbot_bringup/share/pathbot_bringup/local_setup.dsv
[0.687s] -- Installing: /home/hornet/Desktop/pathfollowingbot/install/pathbot_bringup/share/pathbot_bringup/package.dsv
[0.687s] -- Installing: /home/hornet/Desktop/pathfollowingbot/install/pathbot_bringup/share/ament_index/resource_index/packages/pathbot_bringup
[0.687s] -- Installing: /home/hornet/Desktop/pathfollowingbot/install/pathbot_bringup/share/pathbot_bringup/cmake/pathbot_bringupConfig.cmake
[0.688s] -- Installing: /home/hornet/Desktop/pathfollowingbot/install/pathbot_bringup/share/pathbot_bringup/cmake/pathbot_bringupConfig-version.cmake
[0.688s] -- Installing: /home/hornet/Desktop/pathfollowingbot/install/pathbot_bringup/share/pathbot_bringup/package.xml
[0.689s] Invoked command in '/home/hornet/Desktop/pathfollowingbot/build/pathbot_bringup' returned '0': AMENT_PREFIX_PATH=/home/hornet/Desktop/pathfollowingbot/install/pathbot_simulation:/home/hornet/Desktop/pathfollowingbot/install/pathbot_navigation:/home/hornet/Desktop/pathfollowingbot/install/pathbot_nodes:/home/hornet/Desktop/pathfollowingbot/install/pathbot_description:/home/hornet/Desktop/pathfollowingbot/install/pathbot_control:${AMENT_PREFIX_PATH} CMAKE_PREFIX_PATH=/home/hornet/Desktop/pathfollowingbot/install/pathbot_simulation:/home/hornet/Desktop/pathfollowingbot/install/pathbot_navigation:/home/hornet/Desktop/pathfollowingbot/install/pathbot_nodes:/home/hornet/Desktop/pathfollowingbot/install/pathbot_description:/home/hornet/Desktop/pathfollowingbot/install/pathbot_control:/opt/ros/jazzy/opt/gz_sim_vendor:/opt/ros/jazzy/opt/gz_sensors_vendor:/opt/ros/jazzy/opt/gz_physics_vendor:/opt/ros/jazzy/opt/sdformat_vendor:/opt/ros/jazzy/opt/gz_gui_vendor:/opt/ros/jazzy/opt/gz_transport_vendor:/opt/ros/jazzy/opt/gz_rendering_vendor:/opt/ros/jazzy/opt/gz_plugin_vendor:/opt/ros/jazzy/opt/gz_fuel_tools_vendor:/opt/ros/jazzy/opt/gz_msgs_vendor:/opt/ros/jazzy/opt/gz_common_vendor:/opt/ros/jazzy/opt/gz_math_vendor:/opt/ros/jazzy/opt/gz_utils_vendor:/opt/ros/jazzy/opt/gz_tools_vendor:/opt/ros/jazzy/opt/gz_ogre_next_vendor:/opt/ros/jazzy/opt/gz_dartsim_vendor:/opt/ros/jazzy/opt/gz_cmake_vendor:/opt/ros/jazzy DEBUGINFOD_URLS=https://debuginfod.ubuntu.com /usr/bin/cmake --install /home/hornet/Desktop/pathfollowingbot/build/pathbot_bringup
