[0.006s] Invoking command in '/home/hornet/Desktop/pathfollowingbot/build/pathbot_control': CMAKE_PREFIX_PATH=${CMAKE_PREFIX_PATH}:/opt/ros/jazzy DEBUGINFOD_URLS=https://debuginfod.ubuntu.com /usr/bin/cmake /home/hornet/Desktop/pathfollowingbot/src/pathbot_control -DCMAKE_INSTALL_PREFIX=/home/hornet/Desktop/pathfollowingbot/install/pathbot_control
[0.042s] -- The C compiler identification is GNU 11.5.0
[0.084s] -- The CXX compiler identification is GNU 11.5.0
[0.098s] -- Detecting C compiler ABI info
[0.180s] -- Detecting C compiler ABI info - done
[0.188s] -- Check for working C compiler: /usr/bin/cc - skipped
[0.188s] -- Detecting C compile features
[0.188s] -- Detecting C compile features - done
[0.195s] -- Detecting CXX compiler ABI info
[0.285s] -- Detecting CXX compiler ABI info - done
[0.297s] -- Check for working CXX compiler: /usr/bin/c++ - skipped
[0.298s] -- Detecting CXX compile features
[0.298s] -- Detecting CXX compile features - done
[0.303s] -- Found ament_cmake: 2.5.6 (/opt/ros/jazzy/share/ament_cmake/cmake)
[0.443s] -- Found Python3: /usr/bin/python3 (found version "3.12.3") found components: Interpreter 
[0.550s] -- Found ament_lint_auto: 0.17.5 (/opt/ros/jazzy/share/ament_lint_auto/cmake)
[0.666s] -- Added test 'flake8' to check Python code syntax and style conventions
[0.667s] -- Configured 'flake8' exclude dirs and/or files: 
[0.667s] -- Added test 'lint_cmake' to check CMake code style
[0.668s] -- Added test 'pep257' to check Python code against some of the docstring style conventions in PEP 257
[0.669s] -- Added test 'xmllint' to check XML markup files
[0.670s] -- Configuring done (0.7s)
[0.673s] -- Generating done (0.0s)
[0.674s] -- Build files have been written to: /home/hornet/Desktop/pathfollowingbot/build/pathbot_control
[0.680s] Invoked command in '/home/hornet/Desktop/pathfollowingbot/build/pathbot_control' returned '0': CMAKE_PREFIX_PATH=${CMAKE_PREFIX_PATH}:/opt/ros/jazzy DEBUGINFOD_URLS=https://debuginfod.ubuntu.com /usr/bin/cmake /home/hornet/Desktop/pathfollowingbot/src/pathbot_control -DCMAKE_INSTALL_PREFIX=/home/hornet/Desktop/pathfollowingbot/install/pathbot_control
[0.681s] Invoking command in '/home/hornet/Desktop/pathfollowingbot/build/pathbot_control': CMAKE_PREFIX_PATH=${CMAKE_PREFIX_PATH}:/opt/ros/jazzy DEBUGINFOD_URLS=https://debuginfod.ubuntu.com /usr/bin/cmake --build /home/hornet/Desktop/pathfollowingbot/build/pathbot_control -- -j16 -l16
[0.740s] Invoked command in '/home/hornet/Desktop/pathfollowingbot/build/pathbot_control' returned '0': CMAKE_PREFIX_PATH=${CMAKE_PREFIX_PATH}:/opt/ros/jazzy DEBUGINFOD_URLS=https://debuginfod.ubuntu.com /usr/bin/cmake --build /home/hornet/Desktop/pathfollowingbot/build/pathbot_control -- -j16 -l16
[0.741s] Invoking command in '/home/hornet/Desktop/pathfollowingbot/build/pathbot_control': CMAKE_PREFIX_PATH=${CMAKE_PREFIX_PATH}:/opt/ros/jazzy DEBUGINFOD_URLS=https://debuginfod.ubuntu.com /usr/bin/cmake --install /home/hornet/Desktop/pathfollowingbot/build/pathbot_control
[0.749s] -- Install configuration: ""
[0.749s] -- Installing: /home/hornet/Desktop/pathfollowingbot/install/pathbot_control/lib/pathbot_control/path_planner.py
[0.749s] -- Installing: /home/hornet/Desktop/pathfollowingbot/install/pathbot_control/lib/pathbot_control/pure_pursuit.py
[0.749s] -- Installing: /home/hornet/Desktop/pathfollowingbot/install/pathbot_control/lib/pathbot_control/publish_path.py
[0.750s] -- Installing: /home/hornet/Desktop/pathfollowingbot/install/pathbot_control/share/pathbot_control/launch
[0.750s] -- Installing: /home/hornet/Desktop/pathfollowingbot/install/pathbot_control/share/pathbot_control/launch/path_follower.launch.py
[0.750s] -- Installing: /home/hornet/Desktop/pathfollowingbot/install/pathbot_control/share/pathbot_control/docs
[0.750s] -- Installing: /home/hornet/Desktop/pathfollowingbot/install/pathbot_control/share/pathbot_control/docs/PURE_PURSUIT.md
[0.767s] -- Installing: /home/hornet/Desktop/pathfollowingbot/install/pathbot_control/share/ament_index/resource_index/package_run_dependencies/pathbot_control
[0.768s] -- Installing: /home/hornet/Desktop/pathfollowingbot/install/pathbot_control/share/ament_index/resource_index/parent_prefix_path/pathbot_control
[0.768s] -- Installing: /home/hornet/Desktop/pathfollowingbot/install/pathbot_control/share/pathbot_control/environment/ament_prefix_path.sh
[0.768s] -- Installing: /home/hornet/Desktop/pathfollowingbot/install/pathbot_control/share/pathbot_control/environment/ament_prefix_path.dsv
[0.768s] -- Installing: /home/hornet/Desktop/pathfollowingbot/install/pathbot_control/share/pathbot_control/environment/path.sh
[0.768s] -- Installing: /home/hornet/Desktop/pathfollowingbot/install/pathbot_control/share/pathbot_control/environment/path.dsv
[0.768s] -- Installing: /home/hornet/Desktop/pathfollowingbot/install/pathbot_control/share/pathbot_control/local_setup.bash
[0.768s] -- Installing: /home/hornet/Desktop/pathfollowingbot/install/pathbot_control/share/pathbot_control/local_setup.sh
[0.768s] -- Installing: /home/hornet/Desktop/pathfollowingbot/install/pathbot_control/share/pathbot_control/local_setup.zsh
[0.768s] -- Installing: /home/hornet/Desktop/pathfollowingbot/install/pathbot_control/share/pathbot_control/local_setup.dsv
[0.768s] -- Installing: /home/hornet/Desktop/pathfollowingbot/install/pathbot_control/share/pathbot_control/package.dsv
[0.768s] -- Installing: /home/hornet/Desktop/pathfollowingbot/install/pathbot_control/share/ament_index/resource_index/packages/pathbot_control
[0.768s] -- Installing: /home/hornet/Desktop/pathfollowingbot/install/pathbot_control/share/pathbot_control/cmake/pathbot_controlConfig.cmake
[0.768s] -- Installing: /home/hornet/Desktop/pathfollowingbot/install/pathbot_control/share/pathbot_control/cmake/pathbot_controlConfig-version.cmake
[0.768s] -- Installing: /home/hornet/Desktop/pathfollowingbot/install/pathbot_control/share/pathbot_control/package.xml
[0.768s] Invoked command in '/home/hornet/Desktop/pathfollowingbot/build/pathbot_control' returned '0': CMAKE_PREFIX_PATH=${CMAKE_PREFIX_PATH}:/opt/ros/jazzy DEBUGINFOD_URLS=https://debuginfod.ubuntu.com /usr/bin/cmake --install /home/hornet/Desktop/pathfollowingbot/build/pathbot_control
