[0.006s] Invoking command in '/home/hornet/Desktop/pathfollowingbot/build/mobile_robot': DEBUGINFOD_URLS=https://debuginfod.ubuntu.com /usr/bin/cmake /home/hornet/Desktop/pathfollowingbot/src/mobile_robot -DCMAKE_INSTALL_PREFIX=/home/hornet/Desktop/pathfollowingbot/install/mobile_robot
[0.016s] -- Found ament_cmake: 2.5.6 (/opt/ros/jazzy/share/ament_cmake/cmake)
[2.934s] Traceback (most recent call last):
[2.934s]   File "/opt/ros/jazzy/share/ament_cmake_core/cmake/package_templates/templates_2_cmake.py", line 21, in <module>
[2.934s]     from ament_package.templates import get_environment_hook_template_path
[2.934s] ModuleNotFoundError: No module named 'ament_package'
[2.970s] CMake Error at /opt/ros/jazzy/share/ament_cmake_core/cmake/ament_cmake_package_templates-extras.cmake:41 (message):
[2.970s]   execute_process(/usr/bin/python3
[2.970s]   /opt/ros/jazzy/share/ament_cmake_core/cmake/package_templates/templates_2_cmake.py
[2.970s]   /home/hornet/Desktop/pathfollowingbot/build/mobile_robot/ament_cmake_package_templates/templates.cmake)
[2.970s]   returned error code 1
[2.970s] Call Stack (most recent call first):
[2.970s]   /opt/ros/jazzy/share/ament_cmake_core/cmake/ament_cmake_coreConfig.cmake:41 (include)
[2.970s]   /opt/ros/jazzy/share/ament_cmake/cmake/ament_cmake_export_dependencies-extras.cmake:15 (find_package)
[2.971s]   /opt/ros/jazzy/share/ament_cmake/cmake/ament_cmakeConfig.cmake:41 (include)
[2.971s]   CMakeLists.txt:9 (find_package)
[2.971s] 
[2.971s] 
[2.971s] -- Configuring incomplete, errors occurred!
[2.974s] Invoked command in '/home/hornet/Desktop/pathfollowingbot/build/mobile_robot' returned '1': DEBUGINFOD_URLS=https://debuginfod.ubuntu.com /usr/bin/cmake /home/hornet/Desktop/pathfollowingbot/src/mobile_robot -DCMAKE_INSTALL_PREFIX=/home/hornet/Desktop/pathfollowingbot/install/mobile_robot
