-- Found ament_cmake: 2.5.6 (/opt/ros/jazzy/share/ament_cmake/cmake)
-- Override CMake install command with custom implementation using symlinks instead of copying resources
-- Found ament_lint_auto: 0.17.5 (/opt/ros/jazzy/share/ament_lint_auto/cmake)
-- Added test 'flake8' to check Python code syntax and style conventions
-- Configured 'flake8' exclude dirs and/or files: 
-- Added test 'lint_cmake' to check CMake code style
-- Added test 'pep257' to check Python code against some of the docstring style conventions in PEP 257
-- Added test 'xmllint' to check XML markup files
-- Configuring done (0.3s)
-- Generating done (0.0s)
-- Build files have been written to: /home/hornet/Desktop/pathfollowingbot/build/pathbot_description
-- Install configuration: ""
-- Execute custom install script
-- Symlinking: /home/hornet/Desktop/pathfollowingbot/install/pathbot_description/share/pathbot_description/launch/rviz.launch.py
-- Symlinking: /home/hornet/Desktop/pathfollowingbot/install/pathbot_description/share/pathbot_description/urdf/robot.gazebo.xacro
-- Symlinking: /home/hornet/Desktop/pathfollowingbot/install/pathbot_description/share/pathbot_description/urdf/robot.xacro
-- Symlinking: /home/hornet/Desktop/pathfollowingbot/install/pathbot_description/share/pathbot_description/rviz/slam.rviz
-- Symlinking: /home/hornet/Desktop/pathfollowingbot/install/pathbot_description/share/ament_index/resource_index/package_run_dependencies/pathbot_description
-- Symlinking: /home/hornet/Desktop/pathfollowingbot/install/pathbot_description/share/ament_index/resource_index/parent_prefix_path/pathbot_description
-- Symlinking: /home/hornet/Desktop/pathfollowingbot/install/pathbot_description/share/pathbot_description/environment/ament_prefix_path.sh
-- Symlinking: /home/hornet/Desktop/pathfollowingbot/install/pathbot_description/share/pathbot_description/environment/ament_prefix_path.dsv
-- Symlinking: /home/hornet/Desktop/pathfollowingbot/install/pathbot_description/share/pathbot_description/environment/path.sh
-- Symlinking: /home/hornet/Desktop/pathfollowingbot/install/pathbot_description/share/pathbot_description/environment/path.dsv
-- Symlinking: /home/hornet/Desktop/pathfollowingbot/install/pathbot_description/share/pathbot_description/local_setup.bash
-- Symlinking: /home/hornet/Desktop/pathfollowingbot/install/pathbot_description/share/pathbot_description/local_setup.sh
-- Symlinking: /home/hornet/Desktop/pathfollowingbot/install/pathbot_description/share/pathbot_description/local_setup.zsh
-- Symlinking: /home/hornet/Desktop/pathfollowingbot/install/pathbot_description/share/pathbot_description/local_setup.dsv
-- Symlinking: /home/hornet/Desktop/pathfollowingbot/install/pathbot_description/share/pathbot_description/package.dsv
-- Symlinking: /home/hornet/Desktop/pathfollowingbot/install/pathbot_description/share/ament_index/resource_index/packages/pathbot_description
-- Symlinking: /home/hornet/Desktop/pathfollowingbot/install/pathbot_description/share/pathbot_description/cmake/pathbot_descriptionConfig.cmake
-- Symlinking: /home/hornet/Desktop/pathfollowingbot/install/pathbot_description/share/pathbot_description/cmake/pathbot_descriptionConfig-version.cmake
-- Symlinking: /home/hornet/Desktop/pathfollowingbot/install/pathbot_description/share/pathbot_description/package.xml
