[0.007s] Invoking command in '/home/hornet/Desktop/pathfollowingbot/build/pathbot_control': CMAKE_PREFIX_PATH=${CMAKE_PREFIX_PATH}:/opt/ros/jazzy DEBUGINFOD_URLS=https://debuginfod.ubuntu.com /usr/bin/cmake /home/hornet/Desktop/pathfollowingbot/src/pathbot_control -DCMAKE_INSTALL_PREFIX=/home/hornet/Desktop/pathfollowingbot/install/pathbot_control
[0.140s] -- The C compiler identification is GNU 11.5.0
[0.263s] -- The CXX compiler identification is GNU 11.5.0
[0.287s] -- Detecting C compiler ABI info
[0.389s] -- Detecting C compiler ABI info - done
[0.403s] -- Check for working C compiler: /usr/bin/cc - skipped
[0.403s] -- Detecting C compile features
[0.403s] -- Detecting C compile features - done
[0.413s] -- Detecting CXX compiler ABI info
[0.513s] -- Detecting CXX compiler ABI info - done
[0.523s] -- Check for working CXX compiler: /usr/bin/c++ - skipped
[0.523s] -- Detecting CXX compile features
[0.523s] -- Detecting CXX compile features - done
[0.538s] -- Found ament_cmake: 2.5.6 (/opt/ros/jazzy/share/ament_cmake/cmake)
[0.720s] -- Found Python3: /usr/bin/python3 (found version "3.12.3") found components: Interpreter 
[0.868s] -- Found ament_lint_auto: 0.17.5 (/opt/ros/jazzy/share/ament_lint_auto/cmake)
[1.005s] -- Added test 'flake8' to check Python code syntax and style conventions
[1.005s] -- Configured 'flake8' exclude dirs and/or files: 
[1.006s] -- Added test 'lint_cmake' to check CMake code style
[1.007s] -- Added test 'pep257' to check Python code against some of the docstring style conventions in PEP 257
[1.009s] -- Added test 'xmllint' to check XML markup files
[1.012s] -- Configuring done (1.0s)
[1.015s] -- Generating done (0.0s)
[1.017s] -- Build files have been written to: /home/hornet/Desktop/pathfollowingbot/build/pathbot_control
[1.023s] Invoked command in '/home/hornet/Desktop/pathfollowingbot/build/pathbot_control' returned '0': CMAKE_PREFIX_PATH=${CMAKE_PREFIX_PATH}:/opt/ros/jazzy DEBUGINFOD_URLS=https://debuginfod.ubuntu.com /usr/bin/cmake /home/hornet/Desktop/pathfollowingbot/src/pathbot_control -DCMAKE_INSTALL_PREFIX=/home/hornet/Desktop/pathfollowingbot/install/pathbot_control
[1.024s] Invoking command in '/home/hornet/Desktop/pathfollowingbot/build/pathbot_control': CMAKE_PREFIX_PATH=${CMAKE_PREFIX_PATH}:/opt/ros/jazzy DEBUGINFOD_URLS=https://debuginfod.ubuntu.com /usr/bin/cmake --build /home/hornet/Desktop/pathfollowingbot/build/pathbot_control -- -j16 -l16
[1.072s] Invoked command in '/home/hornet/Desktop/pathfollowingbot/build/pathbot_control' returned '0': CMAKE_PREFIX_PATH=${CMAKE_PREFIX_PATH}:/opt/ros/jazzy DEBUGINFOD_URLS=https://debuginfod.ubuntu.com /usr/bin/cmake --build /home/hornet/Desktop/pathfollowingbot/build/pathbot_control -- -j16 -l16
[1.074s] Invoking command in '/home/hornet/Desktop/pathfollowingbot/build/pathbot_control': CMAKE_PREFIX_PATH=${CMAKE_PREFIX_PATH}:/opt/ros/jazzy DEBUGINFOD_URLS=https://debuginfod.ubuntu.com /usr/bin/cmake --install /home/hornet/Desktop/pathfollowingbot/build/pathbot_control
[1.083s] -- Install configuration: ""
[1.083s] -- Installing: /home/hornet/Desktop/pathfollowingbot/install/pathbot_control/lib/pathbot_control/path_planner.py
[1.084s] -- Installing: /home/hornet/Desktop/pathfollowingbot/install/pathbot_control/lib/pathbot_control/pure_pursuit.py
[1.084s] -- Installing: /home/hornet/Desktop/pathfollowingbot/install/pathbot_control/lib/pathbot_control/publish_path.py
[1.084s] -- Installing: /home/hornet/Desktop/pathfollowingbot/install/pathbot_control/share/pathbot_control/launch
[1.084s] -- Installing: /home/hornet/Desktop/pathfollowingbot/install/pathbot_control/share/pathbot_control/launch/path_follower.launch.py
[1.084s] -- Installing: /home/hornet/Desktop/pathfollowingbot/install/pathbot_control/share/pathbot_control/docs
[1.084s] -- Installing: /home/hornet/Desktop/pathfollowingbot/install/pathbot_control/share/pathbot_control/docs/PURE_PURSUIT.md
[1.084s] -- Installing: /home/hornet/Desktop/pathfollowingbot/install/pathbot_control/share/ament_index/resource_index/package_run_dependencies/pathbot_control
[1.085s] -- Installing: /home/hornet/Desktop/pathfollowingbot/install/pathbot_control/share/ament_index/resource_index/parent_prefix_path/pathbot_control
[1.085s] -- Installing: /home/hornet/Desktop/pathfollowingbot/install/pathbot_control/share/pathbot_control/environment/ament_prefix_path.sh
[1.085s] -- Installing: /home/hornet/Desktop/pathfollowingbot/install/pathbot_control/share/pathbot_control/environment/ament_prefix_path.dsv
[1.085s] -- Installing: /home/hornet/Desktop/pathfollowingbot/install/pathbot_control/share/pathbot_control/environment/path.sh
[1.085s] -- Installing: /home/hornet/Desktop/pathfollowingbot/install/pathbot_control/share/pathbot_control/environment/path.dsv
[1.085s] -- Installing: /home/hornet/Desktop/pathfollowingbot/install/pathbot_control/share/pathbot_control/local_setup.bash
[1.085s] -- Installing: /home/hornet/Desktop/pathfollowingbot/install/pathbot_control/share/pathbot_control/local_setup.sh
[1.085s] -- Installing: /home/hornet/Desktop/pathfollowingbot/install/pathbot_control/share/pathbot_control/local_setup.zsh
[1.085s] -- Installing: /home/hornet/Desktop/pathfollowingbot/install/pathbot_control/share/pathbot_control/local_setup.dsv
[1.086s] -- Installing: /home/hornet/Desktop/pathfollowingbot/install/pathbot_control/share/pathbot_control/package.dsv
[1.086s] -- Installing: /home/hornet/Desktop/pathfollowingbot/install/pathbot_control/share/ament_index/resource_index/packages/pathbot_control
[1.086s] -- Installing: /home/hornet/Desktop/pathfollowingbot/install/pathbot_control/share/pathbot_control/cmake/pathbot_controlConfig.cmake
[1.086s] -- Installing: /home/hornet/Desktop/pathfollowingbot/install/pathbot_control/share/pathbot_control/cmake/pathbot_controlConfig-version.cmake
[1.086s] -- Installing: /home/hornet/Desktop/pathfollowingbot/install/pathbot_control/share/pathbot_control/package.xml
[1.101s] Invoked command in '/home/hornet/Desktop/pathfollowingbot/build/pathbot_control' returned '0': CMAKE_PREFIX_PATH=${CMAKE_PREFIX_PATH}:/opt/ros/jazzy DEBUGINFOD_URLS=https://debuginfod.ubuntu.com /usr/bin/cmake --install /home/hornet/Desktop/pathfollowingbot/build/pathbot_control
