-- Found ament_cmake: 2.5.6 (/opt/ros/jazzy/share/ament_cmake/cmake)
-- Override CMake install command with custom implementation using symlinks instead of copying resources
-- Found ament_lint_auto: 0.17.5 (/opt/ros/jazzy/share/ament_lint_auto/cmake)
-- Added test 'flake8' to check Python code syntax and style conventions
-- Configured 'flake8' exclude dirs and/or files: 
-- Added test 'lint_cmake' to check CMake code style
-- Added test 'pep257' to check Python code against some of the docstring style conventions in PEP 257
-- Added test 'xmllint' to check XML markup files
-- Configuring done (0.3s)
-- Generating done (0.0s)
-- Build files have been written to: /home/hornet/Desktop/pathfollowingbot/build/pathbot_simulation
-- Install configuration: ""
-- Execute custom install script
-- Symlinking: /home/hornet/Desktop/pathfollowingbot/install/pathbot_simulation/share/pathbot_simulation/launch/gazebo_model.launch.py
-- Symlinking: /home/hornet/Desktop/pathfollowingbot/install/pathbot_simulation/share/pathbot_simulation/launch/spawn_in_track.launch.py
-- Symlinking: /home/hornet/Desktop/pathfollowingbot/install/pathbot_simulation/share/pathbot_simulation/worlds/small_warehouse.world
-- Symlinking: /home/hornet/Desktop/pathfollowingbot/install/pathbot_simulation/share/pathbot_simulation/models/aws_robomaker_warehouse_Bucket_01/materials/textures/aws_robomaker_warehouse_Bucket_01.png
-- Symlinking: /home/hornet/Desktop/pathfollowingbot/install/pathbot_simulation/share/pathbot_simulation/models/aws_robomaker_warehouse_Bucket_01/meshes/aws_robomaker_warehouse_Bucket_01_collision.DAE
-- Symlinking: /home/hornet/Desktop/pathfollowingbot/install/pathbot_simulation/share/pathbot_simulation/models/aws_robomaker_warehouse_Bucket_01/meshes/aws_robomaker_warehouse_Bucket_01_visual.DAE
-- Symlinking: /home/hornet/Desktop/pathfollowingbot/install/pathbot_simulation/share/pathbot_simulation/models/aws_robomaker_warehouse_Bucket_01/model.config
-- Symlinking: /home/hornet/Desktop/pathfollowingbot/install/pathbot_simulation/share/pathbot_simulation/models/aws_robomaker_warehouse_Bucket_01/model.sdf
-- Symlinking: /home/hornet/Desktop/pathfollowingbot/install/pathbot_simulation/share/pathbot_simulation/models/aws_robomaker_warehouse_ClutteringA_01/materials/textures/aws_robomaker_warehouse_ClutteringA_01.png
-- Symlinking: /home/hornet/Desktop/pathfollowingbot/install/pathbot_simulation/share/pathbot_simulation/models/aws_robomaker_warehouse_ClutteringA_01/materials/textures/aws_robomaker_warehouse_ClutteringA_02.png
-- Symlinking: /home/hornet/Desktop/pathfollowingbot/install/pathbot_simulation/share/pathbot_simulation/models/aws_robomaker_warehouse_ClutteringA_01/materials/textures/aws_robomaker_warehouse_ClutteringA_03.png
-- Symlinking: /home/hornet/Desktop/pathfollowingbot/install/pathbot_simulation/share/pathbot_simulation/models/aws_robomaker_warehouse_ClutteringA_01/meshes/aws_robomaker_warehouse_ClutteringA_01_collision.DAE
-- Symlinking: /home/hornet/Desktop/pathfollowingbot/install/pathbot_simulation/share/pathbot_simulation/models/aws_robomaker_warehouse_ClutteringA_01/meshes/aws_robomaker_warehouse_ClutteringA_01_visual.DAE
-- Symlinking: /home/hornet/Desktop/pathfollowingbot/install/pathbot_simulation/share/pathbot_simulation/models/aws_robomaker_warehouse_ClutteringA_01/model.config
-- Symlinking: /home/hornet/Desktop/pathfollowingbot/install/pathbot_simulation/share/pathbot_simulation/models/aws_robomaker_warehouse_ClutteringA_01/model.sdf
-- Symlinking: /home/hornet/Desktop/pathfollowingbot/install/pathbot_simulation/share/pathbot_simulation/models/aws_robomaker_warehouse_ClutteringC_01/materials/textures/aws_robomaker_warehouse_ClutteringC_01.png
-- Symlinking: /home/hornet/Desktop/pathfollowingbot/install/pathbot_simulation/share/pathbot_simulation/models/aws_robomaker_warehouse_ClutteringC_01/materials/textures/aws_robomaker_warehouse_ClutteringC_02.png
-- Symlinking: /home/hornet/Desktop/pathfollowingbot/install/pathbot_simulation/share/pathbot_simulation/models/aws_robomaker_warehouse_ClutteringC_01/meshes/aws_robomaker_warehouse_ClutteringC_01_collision.DAE
-- Symlinking: /home/hornet/Desktop/pathfollowingbot/install/pathbot_simulation/share/pathbot_simulation/models/aws_robomaker_warehouse_ClutteringC_01/meshes/aws_robomaker_warehouse_ClutteringC_01_visual.DAE
-- Symlinking: /home/hornet/Desktop/pathfollowingbot/install/pathbot_simulation/share/pathbot_simulation/models/aws_robomaker_warehouse_ClutteringC_01/model.config
-- Symlinking: /home/hornet/Desktop/pathfollowingbot/install/pathbot_simulation/share/pathbot_simulation/models/aws_robomaker_warehouse_ClutteringC_01/model.sdf
-- Symlinking: /home/hornet/Desktop/pathfollowingbot/install/pathbot_simulation/share/pathbot_simulation/models/aws_robomaker_warehouse_ClutteringD_01/materials/textures/aws_robomaker_warehouse_ClutteringD_01.png
-- Symlinking: /home/hornet/Desktop/pathfollowingbot/install/pathbot_simulation/share/pathbot_simulation/models/aws_robomaker_warehouse_ClutteringD_01/materials/textures/aws_robomaker_warehouse_ClutteringD_02.png
-- Symlinking: /home/hornet/Desktop/pathfollowingbot/install/pathbot_simulation/share/pathbot_simulation/models/aws_robomaker_warehouse_ClutteringD_01/meshes/aws_robomaker_warehouse_ClutteringD_01_collision.DAE
-- Symlinking: /home/hornet/Desktop/pathfollowingbot/install/pathbot_simulation/share/pathbot_simulation/models/aws_robomaker_warehouse_ClutteringD_01/meshes/aws_robomaker_warehouse_ClutteringD_01_visual.DAE
-- Symlinking: /home/hornet/Desktop/pathfollowingbot/install/pathbot_simulation/share/pathbot_simulation/models/aws_robomaker_warehouse_ClutteringD_01/model.config
-- Symlinking: /home/hornet/Desktop/pathfollowingbot/install/pathbot_simulation/share/pathbot_simulation/models/aws_robomaker_warehouse_ClutteringD_01/model.sdf
-- Symlinking: /home/hornet/Desktop/pathfollowingbot/install/pathbot_simulation/share/pathbot_simulation/models/aws_robomaker_warehouse_DeskC_01/materials/textures/aws_robomaker_warehouse_DeskC_01.png
-- Symlinking: /home/hornet/Desktop/pathfollowingbot/install/pathbot_simulation/share/pathbot_simulation/models/aws_robomaker_warehouse_DeskC_01/materials/textures/aws_robomaker_warehouse_DeskC_02.png
-- Symlinking: /home/hornet/Desktop/pathfollowingbot/install/pathbot_simulation/share/pathbot_simulation/models/aws_robomaker_warehouse_DeskC_01/materials/textures/aws_robomaker_warehouse_DeskC_03.png
-- Symlinking: /home/hornet/Desktop/pathfollowingbot/install/pathbot_simulation/share/pathbot_simulation/models/aws_robomaker_warehouse_DeskC_01/materials/textures/aws_robomaker_warehouse_DeskC_03.psd
-- Symlinking: /home/hornet/Desktop/pathfollowingbot/install/pathbot_simulation/share/pathbot_simulation/models/aws_robomaker_warehouse_DeskC_01/materials/textures/aws_robomaker_warehouse_DeskC_04.png
-- Symlinking: /home/hornet/Desktop/pathfollowingbot/install/pathbot_simulation/share/pathbot_simulation/models/aws_robomaker_warehouse_DeskC_01/meshes/aws_robomaker_warehouse_DeskC_01_collision.DAE
-- Symlinking: /home/hornet/Desktop/pathfollowingbot/install/pathbot_simulation/share/pathbot_simulation/models/aws_robomaker_warehouse_DeskC_01/meshes/aws_robomaker_warehouse_DeskC_01_visual.DAE
-- Symlinking: /home/hornet/Desktop/pathfollowingbot/install/pathbot_simulation/share/pathbot_simulation/models/aws_robomaker_warehouse_DeskC_01/model.config
-- Symlinking: /home/hornet/Desktop/pathfollowingbot/install/pathbot_simulation/share/pathbot_simulation/models/aws_robomaker_warehouse_DeskC_01/model.sdf
-- Symlinking: /home/hornet/Desktop/pathfollowingbot/install/pathbot_simulation/share/pathbot_simulation/models/aws_robomaker_warehouse_GroundB_01/materials/textures/aws_robomaker_warehouse_GroundB_01.png
-- Symlinking: /home/hornet/Desktop/pathfollowingbot/install/pathbot_simulation/share/pathbot_simulation/models/aws_robomaker_warehouse_GroundB_01/materials/textures/aws_robomaker_warehouse_GroundB_02.png
-- Symlinking: /home/hornet/Desktop/pathfollowingbot/install/pathbot_simulation/share/pathbot_simulation/models/aws_robomaker_warehouse_GroundB_01/meshes/aws_robomaker_warehouse_GroundB_01_collision.DAE
-- Symlinking: /home/hornet/Desktop/pathfollowingbot/install/pathbot_simulation/share/pathbot_simulation/models/aws_robomaker_warehouse_GroundB_01/meshes/aws_robomaker_warehouse_GroundB_01_visual.DAE
-- Symlinking: /home/hornet/Desktop/pathfollowingbot/install/pathbot_simulation/share/pathbot_simulation/models/aws_robomaker_warehouse_GroundB_01/model.config
-- Symlinking: /home/hornet/Desktop/pathfollowingbot/install/pathbot_simulation/share/pathbot_simulation/models/aws_robomaker_warehouse_GroundB_01/model.sdf
-- Symlinking: /home/hornet/Desktop/pathfollowingbot/install/pathbot_simulation/share/pathbot_simulation/models/aws_robomaker_warehouse_Lamp_01/materials/textures/aws_robomaker_warehouse_Lamp_01.png
-- Symlinking: /home/hornet/Desktop/pathfollowingbot/install/pathbot_simulation/share/pathbot_simulation/models/aws_robomaker_warehouse_Lamp_01/meshes/aws_robomaker_warehouse_Lamp_01_collision.DAE
-- Symlinking: /home/hornet/Desktop/pathfollowingbot/install/pathbot_simulation/share/pathbot_simulation/models/aws_robomaker_warehouse_Lamp_01/meshes/aws_robomaker_warehouse_Lamp_01_visual.DAE
-- Symlinking: /home/hornet/Desktop/pathfollowingbot/install/pathbot_simulation/share/pathbot_simulation/models/aws_robomaker_warehouse_Lamp_01/model.config
-- Symlinking: /home/hornet/Desktop/pathfollowingbot/install/pathbot_simulation/share/pathbot_simulation/models/aws_robomaker_warehouse_Lamp_01/model.sdf
-- Symlinking: /home/hornet/Desktop/pathfollowingbot/install/pathbot_simulation/share/pathbot_simulation/models/aws_robomaker_warehouse_PalletJackB_01/materials/textures/aws_robomaker_warehouse_PalletJackB_01.png
-- Symlinking: /home/hornet/Desktop/pathfollowingbot/install/pathbot_simulation/share/pathbot_simulation/models/aws_robomaker_warehouse_PalletJackB_01/materials/textures/aws_robomaker_warehouse_PalletJackB_02.png
-- Symlinking: /home/hornet/Desktop/pathfollowingbot/install/pathbot_simulation/share/pathbot_simulation/models/aws_robomaker_warehouse_PalletJackB_01/meshes/aws_robomaker_warehouse_PalletJackB_01_collision.DAE
-- Symlinking: /home/hornet/Desktop/pathfollowingbot/install/pathbot_simulation/share/pathbot_simulation/models/aws_robomaker_warehouse_PalletJackB_01/meshes/aws_robomaker_warehouse_PalletJackB_01_visual.DAE
-- Symlinking: /home/hornet/Desktop/pathfollowingbot/install/pathbot_simulation/share/pathbot_simulation/models/aws_robomaker_warehouse_PalletJackB_01/model.config
-- Symlinking: /home/hornet/Desktop/pathfollowingbot/install/pathbot_simulation/share/pathbot_simulation/models/aws_robomaker_warehouse_PalletJackB_01/model.sdf
-- Symlinking: /home/hornet/Desktop/pathfollowingbot/install/pathbot_simulation/share/pathbot_simulation/models/aws_robomaker_warehouse_RoofB_01/materials/textures/aws_robomaker_warehouse_RoofB_01.png
-- Symlinking: /home/hornet/Desktop/pathfollowingbot/install/pathbot_simulation/share/pathbot_simulation/models/aws_robomaker_warehouse_RoofB_01/meshes/aws_robomaker_warehouse_RoofB_01_collision.DAE
-- Symlinking: /home/hornet/Desktop/pathfollowingbot/install/pathbot_simulation/share/pathbot_simulation/models/aws_robomaker_warehouse_RoofB_01/meshes/aws_robomaker_warehouse_RoofB_01_visual.DAE
-- Symlinking: /home/hornet/Desktop/pathfollowingbot/install/pathbot_simulation/share/pathbot_simulation/models/aws_robomaker_warehouse_RoofB_01/model.config
-- Symlinking: /home/hornet/Desktop/pathfollowingbot/install/pathbot_simulation/share/pathbot_simulation/models/aws_robomaker_warehouse_RoofB_01/model.sdf
-- Symlinking: /home/hornet/Desktop/pathfollowingbot/install/pathbot_simulation/share/pathbot_simulation/models/aws_robomaker_warehouse_ShelfD_01/materials/textures/aws_robomaker_warehouse_ShelfD_01.png
-- Symlinking: /home/hornet/Desktop/pathfollowingbot/install/pathbot_simulation/share/pathbot_simulation/models/aws_robomaker_warehouse_ShelfD_01/materials/textures/aws_robomaker_warehouse_ShelfD_02.png
-- Symlinking: /home/hornet/Desktop/pathfollowingbot/install/pathbot_simulation/share/pathbot_simulation/models/aws_robomaker_warehouse_ShelfD_01/materials/textures/aws_robomaker_warehouse_ShelfD_03.png
-- Symlinking: /home/hornet/Desktop/pathfollowingbot/install/pathbot_simulation/share/pathbot_simulation/models/aws_robomaker_warehouse_ShelfD_01/materials/textures/aws_robomaker_warehouse_ShelfD_04.png
-- Symlinking: /home/hornet/Desktop/pathfollowingbot/install/pathbot_simulation/share/pathbot_simulation/models/aws_robomaker_warehouse_ShelfD_01/meshes/aws_robomaker_warehouse_ShelfD_01_collision.DAE
-- Symlinking: /home/hornet/Desktop/pathfollowingbot/install/pathbot_simulation/share/pathbot_simulation/models/aws_robomaker_warehouse_ShelfD_01/meshes/aws_robomaker_warehouse_ShelfD_01_visual.DAE
-- Symlinking: /home/hornet/Desktop/pathfollowingbot/install/pathbot_simulation/share/pathbot_simulation/models/aws_robomaker_warehouse_ShelfD_01/model.config
-- Symlinking: /home/hornet/Desktop/pathfollowingbot/install/pathbot_simulation/share/pathbot_simulation/models/aws_robomaker_warehouse_ShelfD_01/model.sdf
-- Symlinking: /home/hornet/Desktop/pathfollowingbot/install/pathbot_simulation/share/pathbot_simulation/models/aws_robomaker_warehouse_ShelfE_01/materials/textures/aws_robomaker_warehouse_ShelfE_01.png
-- Symlinking: /home/hornet/Desktop/pathfollowingbot/install/pathbot_simulation/share/pathbot_simulation/models/aws_robomaker_warehouse_ShelfE_01/materials/textures/aws_robomaker_warehouse_ShelfE_02.png
-- Symlinking: /home/hornet/Desktop/pathfollowingbot/install/pathbot_simulation/share/pathbot_simulation/models/aws_robomaker_warehouse_ShelfE_01/materials/textures/aws_robomaker_warehouse_ShelfE_03.png
-- Symlinking: /home/hornet/Desktop/pathfollowingbot/install/pathbot_simulation/share/pathbot_simulation/models/aws_robomaker_warehouse_ShelfE_01/materials/textures/aws_robomaker_warehouse_ShelfE_04.png
-- Symlinking: /home/hornet/Desktop/pathfollowingbot/install/pathbot_simulation/share/pathbot_simulation/models/aws_robomaker_warehouse_ShelfE_01/meshes/aws_robomaker_warehouse_ShelfE_01_collision.DAE
-- Symlinking: /home/hornet/Desktop/pathfollowingbot/install/pathbot_simulation/share/pathbot_simulation/models/aws_robomaker_warehouse_ShelfE_01/meshes/aws_robomaker_warehouse_ShelfE_01_visual.DAE
-- Symlinking: /home/hornet/Desktop/pathfollowingbot/install/pathbot_simulation/share/pathbot_simulation/models/aws_robomaker_warehouse_ShelfE_01/model.config
-- Symlinking: /home/hornet/Desktop/pathfollowingbot/install/pathbot_simulation/share/pathbot_simulation/models/aws_robomaker_warehouse_ShelfE_01/model.sdf
-- Symlinking: /home/hornet/Desktop/pathfollowingbot/install/pathbot_simulation/share/pathbot_simulation/models/aws_robomaker_warehouse_ShelfF_01/materials/textures/aws_robomaker_warehouse_ShelfF_01.png
-- Symlinking: /home/hornet/Desktop/pathfollowingbot/install/pathbot_simulation/share/pathbot_simulation/models/aws_robomaker_warehouse_ShelfF_01/materials/textures/aws_robomaker_warehouse_ShelfF_02.png
-- Symlinking: /home/hornet/Desktop/pathfollowingbot/install/pathbot_simulation/share/pathbot_simulation/models/aws_robomaker_warehouse_ShelfF_01/materials/textures/aws_robomaker_warehouse_ShelfF_03.png
-- Symlinking: /home/hornet/Desktop/pathfollowingbot/install/pathbot_simulation/share/pathbot_simulation/models/aws_robomaker_warehouse_ShelfF_01/meshes/aws_robomaker_warehouse_ShelfF_01_collision.DAE
-- Symlinking: /home/hornet/Desktop/pathfollowingbot/install/pathbot_simulation/share/pathbot_simulation/models/aws_robomaker_warehouse_ShelfF_01/meshes/aws_robomaker_warehouse_ShelfF_01_visual.DAE
-- Symlinking: /home/hornet/Desktop/pathfollowingbot/install/pathbot_simulation/share/pathbot_simulation/models/aws_robomaker_warehouse_ShelfF_01/model.config
-- Symlinking: /home/hornet/Desktop/pathfollowingbot/install/pathbot_simulation/share/pathbot_simulation/models/aws_robomaker_warehouse_ShelfF_01/model.sdf
-- Symlinking: /home/hornet/Desktop/pathfollowingbot/install/pathbot_simulation/share/pathbot_simulation/models/aws_robomaker_warehouse_TrashCanC_01/materials/textures/aws_robomaker_warehouse_TrashCanC_01.png
-- Symlinking: /home/hornet/Desktop/pathfollowingbot/install/pathbot_simulation/share/pathbot_simulation/models/aws_robomaker_warehouse_TrashCanC_01/meshes/aws_robomaker_warehouse_TrashCanC_01_collision.DAE
-- Symlinking: /home/hornet/Desktop/pathfollowingbot/install/pathbot_simulation/share/pathbot_simulation/models/aws_robomaker_warehouse_TrashCanC_01/meshes/aws_robomaker_warehouse_TrashCanC_01_visual.DAE
-- Symlinking: /home/hornet/Desktop/pathfollowingbot/install/pathbot_simulation/share/pathbot_simulation/models/aws_robomaker_warehouse_TrashCanC_01/model.config
-- Symlinking: /home/hornet/Desktop/pathfollowingbot/install/pathbot_simulation/share/pathbot_simulation/models/aws_robomaker_warehouse_TrashCanC_01/model.sdf
-- Symlinking: /home/hornet/Desktop/pathfollowingbot/install/pathbot_simulation/share/pathbot_simulation/models/aws_robomaker_warehouse_WallB_01/materials/textures/aws_robomaker_warehouse_WallB_01.png
-- Symlinking: /home/hornet/Desktop/pathfollowingbot/install/pathbot_simulation/share/pathbot_simulation/models/aws_robomaker_warehouse_WallB_01/meshes/aws_robomaker_warehouse_WallB_01_collision.DAE
-- Symlinking: /home/hornet/Desktop/pathfollowingbot/install/pathbot_simulation/share/pathbot_simulation/models/aws_robomaker_warehouse_WallB_01/meshes/aws_robomaker_warehouse_WallB_01_visual.DAE
-- Symlinking: /home/hornet/Desktop/pathfollowingbot/install/pathbot_simulation/share/pathbot_simulation/models/aws_robomaker_warehouse_WallB_01/model.config
-- Symlinking: /home/hornet/Desktop/pathfollowingbot/install/pathbot_simulation/share/pathbot_simulation/models/aws_robomaker_warehouse_WallB_01/model.sdf
-- Symlinking: /home/hornet/Desktop/pathfollowingbot/install/pathbot_simulation/share/pathbot_simulation/config/bridge_parameters.yaml
-- Symlinking: /home/hornet/Desktop/pathfollowingbot/install/pathbot_simulation/share/ament_index/resource_index/package_run_dependencies/pathbot_simulation
-- Symlinking: /home/hornet/Desktop/pathfollowingbot/install/pathbot_simulation/share/ament_index/resource_index/parent_prefix_path/pathbot_simulation
-- Symlinking: /home/hornet/Desktop/pathfollowingbot/install/pathbot_simulation/share/pathbot_simulation/environment/ament_prefix_path.sh
-- Symlinking: /home/hornet/Desktop/pathfollowingbot/install/pathbot_simulation/share/pathbot_simulation/environment/ament_prefix_path.dsv
-- Symlinking: /home/hornet/Desktop/pathfollowingbot/install/pathbot_simulation/share/pathbot_simulation/environment/path.sh
-- Symlinking: /home/hornet/Desktop/pathfollowingbot/install/pathbot_simulation/share/pathbot_simulation/environment/path.dsv
-- Symlinking: /home/hornet/Desktop/pathfollowingbot/install/pathbot_simulation/share/pathbot_simulation/local_setup.bash
-- Symlinking: /home/hornet/Desktop/pathfollowingbot/install/pathbot_simulation/share/pathbot_simulation/local_setup.sh
-- Symlinking: /home/hornet/Desktop/pathfollowingbot/install/pathbot_simulation/share/pathbot_simulation/local_setup.zsh
-- Symlinking: /home/hornet/Desktop/pathfollowingbot/install/pathbot_simulation/share/pathbot_simulation/local_setup.dsv
-- Symlinking: /home/hornet/Desktop/pathfollowingbot/install/pathbot_simulation/share/pathbot_simulation/package.dsv
-- Symlinking: /home/hornet/Desktop/pathfollowingbot/install/pathbot_simulation/share/ament_index/resource_index/packages/pathbot_simulation
-- Symlinking: /home/hornet/Desktop/pathfollowingbot/install/pathbot_simulation/share/pathbot_simulation/cmake/pathbot_simulationConfig.cmake
-- Symlinking: /home/hornet/Desktop/pathfollowingbot/install/pathbot_simulation/share/pathbot_simulation/cmake/pathbot_simulationConfig-version.cmake
-- Symlinking: /home/hornet/Desktop/pathfollowingbot/install/pathbot_simulation/share/pathbot_simulation/package.xml
