[0.007s] Invoking command in '/home/hornet/Desktop/pathfollowingbot/build/pathbot_description': CMAKE_PREFIX_PATH=${CMAKE_PREFIX_PATH}:/opt/ros/jazzy DEBUGINFOD_URLS=https://debuginfod.ubuntu.com /usr/bin/cmake --build /home/hornet/Desktop/pathfollowingbot/build/pathbot_description -- -j16 -l16
[0.038s] Invoked command in '/home/hornet/Desktop/pathfollowingbot/build/pathbot_description' returned '0': CMAKE_PREFIX_PATH=${CMAKE_PREFIX_PATH}:/opt/ros/jazzy DEBUGINFOD_URLS=https://debuginfod.ubuntu.com /usr/bin/cmake --build /home/hornet/Desktop/pathfollowingbot/build/pathbot_description -- -j16 -l16
[0.045s] Invoking command in '/home/hornet/Desktop/pathfollowingbot/build/pathbot_description': CMAKE_PREFIX_PATH=${CMAKE_PREFIX_PATH}:/opt/ros/jazzy DEBUGINFOD_URLS=https://debuginfod.ubuntu.com /usr/bin/cmake --install /home/hornet/Desktop/pathfollowingbot/build/pathbot_description
[0.050s] -- Install configuration: ""
[0.051s] -- Up-to-date: /home/hornet/Desktop/pathfollowingbot/install/pathbot_description/share/pathbot_description/launch
[0.051s] -- Up-to-date: /home/hornet/Desktop/pathfollowingbot/install/pathbot_description/share/pathbot_description/launch/rviz.launch.py
[0.051s] -- Up-to-date: /home/hornet/Desktop/pathfollowingbot/install/pathbot_description/share/pathbot_description/urdf
[0.051s] -- Installing: /home/hornet/Desktop/pathfollowingbot/install/pathbot_description/share/pathbot_description/urdf/robot.gazebo.xacro
[0.051s] -- Up-to-date: /home/hornet/Desktop/pathfollowingbot/install/pathbot_description/share/pathbot_description/urdf/robot.xacro
[0.051s] -- Up-to-date: /home/hornet/Desktop/pathfollowingbot/install/pathbot_description/share/pathbot_description/rviz
[0.051s] -- Up-to-date: /home/hornet/Desktop/pathfollowingbot/install/pathbot_description/share/pathbot_description/rviz/slam.rviz
[0.051s] -- Up-to-date: /home/hornet/Desktop/pathfollowingbot/install/pathbot_description/share/ament_index/resource_index/package_run_dependencies/pathbot_description
[0.051s] -- Up-to-date: /home/hornet/Desktop/pathfollowingbot/install/pathbot_description/share/ament_index/resource_index/parent_prefix_path/pathbot_description
[0.051s] -- Up-to-date: /home/hornet/Desktop/pathfollowingbot/install/pathbot_description/share/pathbot_description/environment/ament_prefix_path.sh
[0.051s] -- Up-to-date: /home/hornet/Desktop/pathfollowingbot/install/pathbot_description/share/pathbot_description/environment/ament_prefix_path.dsv
[0.051s] -- Up-to-date: /home/hornet/Desktop/pathfollowingbot/install/pathbot_description/share/pathbot_description/environment/path.sh
[0.051s] -- Up-to-date: /home/hornet/Desktop/pathfollowingbot/install/pathbot_description/share/pathbot_description/environment/path.dsv
[0.051s] -- Up-to-date: /home/hornet/Desktop/pathfollowingbot/install/pathbot_description/share/pathbot_description/local_setup.bash
[0.051s] -- Up-to-date: /home/hornet/Desktop/pathfollowingbot/install/pathbot_description/share/pathbot_description/local_setup.sh
[0.051s] -- Up-to-date: /home/hornet/Desktop/pathfollowingbot/install/pathbot_description/share/pathbot_description/local_setup.zsh
[0.051s] -- Up-to-date: /home/hornet/Desktop/pathfollowingbot/install/pathbot_description/share/pathbot_description/local_setup.dsv
[0.051s] -- Installing: /home/hornet/Desktop/pathfollowingbot/install/pathbot_description/share/pathbot_description/package.dsv
[0.051s] -- Up-to-date: /home/hornet/Desktop/pathfollowingbot/install/pathbot_description/share/ament_index/resource_index/packages/pathbot_description
[0.051s] -- Up-to-date: /home/hornet/Desktop/pathfollowingbot/install/pathbot_description/share/pathbot_description/cmake/pathbot_descriptionConfig.cmake
[0.051s] -- Up-to-date: /home/hornet/Desktop/pathfollowingbot/install/pathbot_description/share/pathbot_description/cmake/pathbot_descriptionConfig-version.cmake
[0.051s] -- Up-to-date: /home/hornet/Desktop/pathfollowingbot/install/pathbot_description/share/pathbot_description/package.xml
[0.052s] Invoked command in '/home/hornet/Desktop/pathfollowingbot/build/pathbot_description' returned '0': CMAKE_PREFIX_PATH=${CMAKE_PREFIX_PATH}:/opt/ros/jazzy DEBUGINFOD_URLS=https://debuginfod.ubuntu.com /usr/bin/cmake --install /home/hornet/Desktop/pathfollowingbot/build/pathbot_description
