-- Install configuration: ""
-- Up-to-date: /home/hornet/Desktop/pathfollowingbot/install/pathbot_control/lib/pathbot_control/path_planner.py
-- Up-to-date: /home/hornet/Desktop/pathfollowingbot/install/pathbot_control/lib/pathbot_control/pure_pursuit.py
-- Up-to-date: /home/hornet/Desktop/pathfollowingbot/install/pathbot_control/lib/pathbot_control/publish_path.py
-- Up-to-date: /home/hornet/Desktop/pathfollowingbot/install/pathbot_control/share/pathbot_control/launch
-- Up-to-date: /home/hornet/Desktop/pathfollowingbot/install/pathbot_control/share/pathbot_control/launch/path_follower.launch.py
-- Up-to-date: /home/hornet/Desktop/pathfollowingbot/install/pathbot_control/share/pathbot_control/docs
-- Up-to-date: /home/hornet/Desktop/pathfollowingbot/install/pathbot_control/share/pathbot_control/docs/PURE_PURSUIT.md
-- Up-to-date: /home/hornet/Desktop/pathfollowingbot/install/pathbot_control/share/ament_index/resource_index/package_run_dependencies/pathbot_control
-- Up-to-date: /home/hornet/Desktop/pathfollowingbot/install/pathbot_control/share/ament_index/resource_index/parent_prefix_path/pathbot_control
-- Up-to-date: /home/hornet/Desktop/pathfollowingbot/install/pathbot_control/share/pathbot_control/environment/ament_prefix_path.sh
-- Up-to-date: /home/hornet/Desktop/pathfollowingbot/install/pathbot_control/share/pathbot_control/environment/ament_prefix_path.dsv
-- Up-to-date: /home/hornet/Desktop/pathfollowingbot/install/pathbot_control/share/pathbot_control/environment/path.sh
-- Up-to-date: /home/hornet/Desktop/pathfollowingbot/install/pathbot_control/share/pathbot_control/environment/path.dsv
-- Up-to-date: /home/hornet/Desktop/pathfollowingbot/install/pathbot_control/share/pathbot_control/local_setup.bash
-- Up-to-date: /home/hornet/Desktop/pathfollowingbot/install/pathbot_control/share/pathbot_control/local_setup.sh
-- Up-to-date: /home/hornet/Desktop/pathfollowingbot/install/pathbot_control/share/pathbot_control/local_setup.zsh
-- Up-to-date: /home/hornet/Desktop/pathfollowingbot/install/pathbot_control/share/pathbot_control/local_setup.dsv
-- Up-to-date: /home/hornet/Desktop/pathfollowingbot/install/pathbot_control/share/pathbot_control/package.dsv
-- Up-to-date: /home/hornet/Desktop/pathfollowingbot/install/pathbot_control/share/ament_index/resource_index/packages/pathbot_control
-- Up-to-date: /home/hornet/Desktop/pathfollowingbot/install/pathbot_control/share/pathbot_control/cmake/pathbot_controlConfig.cmake
-- Up-to-date: /home/hornet/Desktop/pathfollowingbot/install/pathbot_control/share/pathbot_control/cmake/pathbot_controlConfig-version.cmake
-- Up-to-date: /home/hornet/Desktop/pathfollowingbot/install/pathbot_control/share/pathbot_control/package.xml
