[0.007s] Invoking command in '/home/hornet/Desktop/pathfollowingbot/build/pathbot_control': CMAKE_PREFIX_PATH=${CMAKE_PREFIX_PATH}:/opt/ros/jazzy DEBUGINFOD_URLS=https://debuginfod.ubuntu.com /usr/bin/cmake --build /home/hornet/Desktop/pathfollowingbot/build/pathbot_control -- -j16 -l16
[0.039s] Invoked command in '/home/hornet/Desktop/pathfollowingbot/build/pathbot_control' returned '0': CMAKE_PREFIX_PATH=${CMAKE_PREFIX_PATH}:/opt/ros/jazzy DEBUGINFOD_URLS=https://debuginfod.ubuntu.com /usr/bin/cmake --build /home/hornet/Desktop/pathfollowingbot/build/pathbot_control -- -j16 -l16
[0.049s] Invoking command in '/home/hornet/Desktop/pathfollowingbot/build/pathbot_control': CMAKE_PREFIX_PATH=${CMAKE_PREFIX_PATH}:/opt/ros/jazzy DEBUGINFOD_URLS=https://debuginfod.ubuntu.com /usr/bin/cmake --install /home/hornet/Desktop/pathfollowingbot/build/pathbot_control
[0.055s] -- Install configuration: ""
[0.055s] -- Up-to-date: /home/hornet/Desktop/pathfollowingbot/install/pathbot_control/lib/pathbot_control/path_planner.py
[0.055s] -- Up-to-date: /home/hornet/Desktop/pathfollowingbot/install/pathbot_control/lib/pathbot_control/pure_pursuit.py
[0.055s] -- Up-to-date: /home/hornet/Desktop/pathfollowingbot/install/pathbot_control/lib/pathbot_control/publish_path.py
[0.055s] -- Up-to-date: /home/hornet/Desktop/pathfollowingbot/install/pathbot_control/share/pathbot_control/launch
[0.055s] -- Up-to-date: /home/hornet/Desktop/pathfollowingbot/install/pathbot_control/share/pathbot_control/launch/path_follower.launch.py
[0.055s] -- Up-to-date: /home/hornet/Desktop/pathfollowingbot/install/pathbot_control/share/pathbot_control/docs
[0.055s] -- Up-to-date: /home/hornet/Desktop/pathfollowingbot/install/pathbot_control/share/pathbot_control/docs/PURE_PURSUIT.md
[0.056s] -- Up-to-date: /home/hornet/Desktop/pathfollowingbot/install/pathbot_control/share/ament_index/resource_index/package_run_dependencies/pathbot_control
[0.056s] -- Up-to-date: /home/hornet/Desktop/pathfollowingbot/install/pathbot_control/share/ament_index/resource_index/parent_prefix_path/pathbot_control
[0.056s] -- Up-to-date: /home/hornet/Desktop/pathfollowingbot/install/pathbot_control/share/pathbot_control/environment/ament_prefix_path.sh
[0.056s] -- Up-to-date: /home/hornet/Desktop/pathfollowingbot/install/pathbot_control/share/pathbot_control/environment/ament_prefix_path.dsv
[0.056s] -- Up-to-date: /home/hornet/Desktop/pathfollowingbot/install/pathbot_control/share/pathbot_control/environment/path.sh
[0.056s] -- Up-to-date: /home/hornet/Desktop/pathfollowingbot/install/pathbot_control/share/pathbot_control/environment/path.dsv
[0.056s] -- Up-to-date: /home/hornet/Desktop/pathfollowingbot/install/pathbot_control/share/pathbot_control/local_setup.bash
[0.056s] -- Up-to-date: /home/hornet/Desktop/pathfollowingbot/install/pathbot_control/share/pathbot_control/local_setup.sh
[0.056s] -- Up-to-date: /home/hornet/Desktop/pathfollowingbot/install/pathbot_control/share/pathbot_control/local_setup.zsh
[0.056s] -- Up-to-date: /home/hornet/Desktop/pathfollowingbot/install/pathbot_control/share/pathbot_control/local_setup.dsv
[0.056s] -- Up-to-date: /home/hornet/Desktop/pathfollowingbot/install/pathbot_control/share/pathbot_control/package.dsv
[0.056s] -- Up-to-date: /home/hornet/Desktop/pathfollowingbot/install/pathbot_control/share/ament_index/resource_index/packages/pathbot_control
[0.056s] -- Up-to-date: /home/hornet/Desktop/pathfollowingbot/install/pathbot_control/share/pathbot_control/cmake/pathbot_controlConfig.cmake
[0.056s] -- Up-to-date: /home/hornet/Desktop/pathfollowingbot/install/pathbot_control/share/pathbot_control/cmake/pathbot_controlConfig-version.cmake
[0.056s] -- Up-to-date: /home/hornet/Desktop/pathfollowingbot/install/pathbot_control/share/pathbot_control/package.xml
[0.059s] Invoked command in '/home/hornet/Desktop/pathfollowingbot/build/pathbot_control' returned '0': CMAKE_PREFIX_PATH=${CMAKE_PREFIX_PATH}:/opt/ros/jazzy DEBUGINFOD_URLS=https://debuginfod.ubuntu.com /usr/bin/cmake --install /home/hornet/Desktop/pathfollowingbot/build/pathbot_control
