[0.005s] Invoking command in '/home/hornet/Desktop/pathfollowingbot/build/mobile_robot': DEBUGINFOD_URLS=https://debuginfod.ubuntu.com /usr/bin/cmake /home/hornet/Desktop/pathfollowingbot/src/mobile_robot -DCMAKE_INSTALL_PREFIX=/home/hornet/Desktop/pathfollowingbot/install/mobile_robot
[0.015s] -- Found ament_cmake: 2.5.6 (/opt/ros/jazzy/share/ament_cmake/cmake)
[1.506s] Traceback (most recent call last):
[1.506s]   File "/opt/ros/jazzy/share/ament_cmake_core/cmake/package_templates/templates_2_cmake.py", line 21, in <module>
[1.506s]     from ament_package.templates import get_environment_hook_template_path
[1.506s] ModuleNotFoundError: No module named 'ament_package'
[1.533s] CMake Error at /opt/ros/jazzy/share/ament_cmake_core/cmake/ament_cmake_package_templates-extras.cmake:41 (message):
[1.533s]   execute_process(/usr/bin/python3
[1.533s]   /opt/ros/jazzy/share/ament_cmake_core/cmake/package_templates/templates_2_cmake.py
[1.533s]   /home/hornet/Desktop/pathfollowingbot/build/mobile_robot/ament_cmake_package_templates/templates.cmake)
[1.533s]   returned error code 1
[1.533s] Call Stack (most recent call first):
[1.533s]   /opt/ros/jazzy/share/ament_cmake_core/cmake/ament_cmake_coreConfig.cmake:41 (include)
[1.533s]   /opt/ros/jazzy/share/ament_cmake/cmake/ament_cmake_export_dependencies-extras.cmake:15 (find_package)
[1.533s]   /opt/ros/jazzy/share/ament_cmake/cmake/ament_cmakeConfig.cmake:41 (include)
[1.533s]   CMakeLists.txt:9 (find_package)
[1.533s] 
[1.534s] 
[1.534s] -- Configuring incomplete, errors occurred!
[1.535s] Invoked command in '/home/hornet/Desktop/pathfollowingbot/build/mobile_robot' returned '1': DEBUGINFOD_URLS=https://debuginfod.ubuntu.com /usr/bin/cmake /home/hornet/Desktop/pathfollowingbot/src/mobile_robot -DCMAKE_INSTALL_PREFIX=/home/hornet/Desktop/pathfollowingbot/install/mobile_robot
