[0.068s] DEBUG:colcon:Command line arguments: ['/usr/bin/colcon', 'build']
[0.068s] DEBUG:colcon:Parsed command line arguments: Namespace(log_base=None, log_level=None, verb_name='build', build_base='build', install_base='install', merge_install=False, symlink_install=False, test_result_base=None, continue_on_error=False, executor='parallel', parallel_workers=16, event_handlers=None, ignore_user_meta=False, metas=['./colcon.meta'], base_paths=['.'], packages_ignore=None, packages_ignore_regex=None, paths=None, packages_up_to=None, packages_up_to_regex=None, packages_above=None, packages_above_and_dependencies=None, packages_above_depth=None, packages_select_by_dep=None, packages_skip_by_dep=None, packages_skip_up_to=None, packages_select_build_failed=False, packages_skip_build_finished=False, packages_select_test_failures=False, packages_skip_test_passed=False, packages_select=None, packages_skip=None, packages_select_regex=None, packages_skip_regex=None, packages_start=None, packages_end=None, allow_overriding=[], cmake_args=None, cmake_target=None, cmake_target_skip_unavailable=False, cmake_clean_cache=False, cmake_clean_first=False, cmake_force_configure=False, ament_cmake_args=None, catkin_cmake_args=None, catkin_skip_building_tests=False, mixin_files=None, mixin=None, verb_parser=<colcon_mixin.mixin.mixin_argument.MixinArgumentDecorator object at 0x7f0f1ff97230>, verb_extension=<colcon_core.verb.build.BuildVerb object at 0x7f0f1ff96f00>, main=<bound method BuildVerb.main of <colcon_core.verb.build.BuildVerb object at 0x7f0f1ff96f00>>, mixin_verb=('build',))
[0.092s] Level 1:colcon.colcon_core.package_discovery:discover_packages(colcon_meta) check parameters
[0.093s] Level 1:colcon.colcon_core.package_discovery:discover_packages(recursive) check parameters
[0.093s] Level 1:colcon.colcon_core.package_discovery:discover_packages(ignore) check parameters
[0.093s] Level 1:colcon.colcon_core.package_discovery:discover_packages(path) check parameters
[0.093s] Level 1:colcon.colcon_core.package_discovery:discover_packages(colcon_meta) discover
[0.093s] Level 1:colcon.colcon_core.package_discovery:discover_packages(recursive) discover
[0.093s] INFO:colcon.colcon_core.package_discovery:Crawling recursively for packages in '/home/hornet/Desktop/pathfollowingbot'
[0.093s] Level 1:colcon.colcon_core.package_identification:_identify(.) by extensions ['ignore', 'ignore_ament_install']
[0.093s] Level 1:colcon.colcon_core.package_identification:_identify(.) by extension 'ignore'
[0.093s] Level 1:colcon.colcon_core.package_identification:_identify(.) by extension 'ignore_ament_install'
[0.093s] Level 1:colcon.colcon_core.package_identification:_identify(.) by extensions ['colcon_pkg']
[0.093s] Level 1:colcon.colcon_core.package_identification:_identify(.) by extension 'colcon_pkg'
[0.093s] Level 1:colcon.colcon_core.package_identification:_identify(.) by extensions ['colcon_meta']
[0.093s] Level 1:colcon.colcon_core.package_identification:_identify(.) by extension 'colcon_meta'
[0.093s] Level 1:colcon.colcon_core.package_identification:_identify(.) by extensions ['ros']
[0.093s] Level 1:colcon.colcon_core.package_identification:_identify(.) by extension 'ros'
[0.111s] Level 1:colcon.colcon_core.package_identification:_identify(.) by extensions ['cmake', 'python']
[0.111s] Level 1:colcon.colcon_core.package_identification:_identify(.) by extension 'cmake'
[0.111s] Level 1:colcon.colcon_core.package_identification:_identify(.) by extension 'python'
[0.111s] Level 1:colcon.colcon_core.package_identification:_identify(.) by extensions ['python_setup_py']
[0.111s] Level 1:colcon.colcon_core.package_identification:_identify(.) by extension 'python_setup_py'
[0.111s] Level 1:colcon.colcon_core.package_identification:_identify(build) by extensions ['ignore', 'ignore_ament_install']
[0.112s] Level 1:colcon.colcon_core.package_identification:_identify(build) by extension 'ignore'
[0.112s] Level 1:colcon.colcon_core.package_identification:_identify(build) ignored
[0.112s] Level 1:colcon.colcon_core.package_identification:_identify(install) by extensions ['ignore', 'ignore_ament_install']
[0.112s] Level 1:colcon.colcon_core.package_identification:_identify(install) by extension 'ignore'
[0.112s] Level 1:colcon.colcon_core.package_identification:_identify(install) ignored
[0.112s] Level 1:colcon.colcon_core.package_identification:_identify(log) by extensions ['ignore', 'ignore_ament_install']
[0.112s] Level 1:colcon.colcon_core.package_identification:_identify(log) by extension 'ignore'
[0.112s] Level 1:colcon.colcon_core.package_identification:_identify(log) ignored
[0.112s] Level 1:colcon.colcon_core.package_identification:_identify(src) by extensions ['ignore', 'ignore_ament_install']
[0.112s] Level 1:colcon.colcon_core.package_identification:_identify(src) by extension 'ignore'
[0.112s] Level 1:colcon.colcon_core.package_identification:_identify(src) by extension 'ignore_ament_install'
[0.112s] Level 1:colcon.colcon_core.package_identification:_identify(src) by extensions ['colcon_pkg']
[0.112s] Level 1:colcon.colcon_core.package_identification:_identify(src) by extension 'colcon_pkg'
[0.112s] Level 1:colcon.colcon_core.package_identification:_identify(src) by extensions ['colcon_meta']
[0.112s] Level 1:colcon.colcon_core.package_identification:_identify(src) by extension 'colcon_meta'
[0.112s] Level 1:colcon.colcon_core.package_identification:_identify(src) by extensions ['ros']
[0.112s] Level 1:colcon.colcon_core.package_identification:_identify(src) by extension 'ros'
[0.112s] Level 1:colcon.colcon_core.package_identification:_identify(src) by extensions ['cmake', 'python']
[0.112s] Level 1:colcon.colcon_core.package_identification:_identify(src) by extension 'cmake'
[0.112s] Level 1:colcon.colcon_core.package_identification:_identify(src) by extension 'python'
[0.112s] Level 1:colcon.colcon_core.package_identification:_identify(src) by extensions ['python_setup_py']
[0.112s] Level 1:colcon.colcon_core.package_identification:_identify(src) by extension 'python_setup_py'
[0.112s] Level 1:colcon.colcon_core.package_identification:_identify(src/build) by extensions ['ignore', 'ignore_ament_install']
[0.112s] Level 1:colcon.colcon_core.package_identification:_identify(src/build) by extension 'ignore'
[0.112s] Level 1:colcon.colcon_core.package_identification:_identify(src/build) ignored
[0.112s] Level 1:colcon.colcon_core.package_identification:_identify(src/install) by extensions ['ignore', 'ignore_ament_install']
[0.112s] Level 1:colcon.colcon_core.package_identification:_identify(src/install) by extension 'ignore'
[0.112s] Level 1:colcon.colcon_core.package_identification:_identify(src/install) ignored
[0.112s] Level 1:colcon.colcon_core.package_identification:_identify(src/log) by extensions ['ignore', 'ignore_ament_install']
[0.112s] Level 1:colcon.colcon_core.package_identification:_identify(src/log) by extension 'ignore'
[0.112s] Level 1:colcon.colcon_core.package_identification:_identify(src/log) ignored
[0.112s] Level 1:colcon.colcon_core.package_identification:_identify(src/pathbot_bringup) by extensions ['ignore', 'ignore_ament_install']
[0.113s] Level 1:colcon.colcon_core.package_identification:_identify(src/pathbot_bringup) by extension 'ignore'
[0.113s] Level 1:colcon.colcon_core.package_identification:_identify(src/pathbot_bringup) by extension 'ignore_ament_install'
[0.113s] Level 1:colcon.colcon_core.package_identification:_identify(src/pathbot_bringup) by extensions ['colcon_pkg']
[0.113s] Level 1:colcon.colcon_core.package_identification:_identify(src/pathbot_bringup) by extension 'colcon_pkg'
[0.113s] Level 1:colcon.colcon_core.package_identification:_identify(src/pathbot_bringup) by extensions ['colcon_meta']
[0.113s] Level 1:colcon.colcon_core.package_identification:_identify(src/pathbot_bringup) by extension 'colcon_meta'
[0.113s] Level 1:colcon.colcon_core.package_identification:_identify(src/pathbot_bringup) by extensions ['ros']
[0.113s] Level 1:colcon.colcon_core.package_identification:_identify(src/pathbot_bringup) by extension 'ros'
[0.114s] DEBUG:colcon.colcon_core.package_identification:Package 'src/pathbot_bringup' with type 'ros.ament_cmake' and name 'pathbot_bringup'
[0.114s] Level 1:colcon.colcon_core.package_identification:_identify(src/pathbot_control) by extensions ['ignore', 'ignore_ament_install']
[0.115s] Level 1:colcon.colcon_core.package_identification:_identify(src/pathbot_control) by extension 'ignore'
[0.115s] Level 1:colcon.colcon_core.package_identification:_identify(src/pathbot_control) by extension 'ignore_ament_install'
[0.115s] Level 1:colcon.colcon_core.package_identification:_identify(src/pathbot_control) by extensions ['colcon_pkg']
[0.115s] Level 1:colcon.colcon_core.package_identification:_identify(src/pathbot_control) by extension 'colcon_pkg'
[0.115s] Level 1:colcon.colcon_core.package_identification:_identify(src/pathbot_control) by extensions ['colcon_meta']
[0.115s] Level 1:colcon.colcon_core.package_identification:_identify(src/pathbot_control) by extension 'colcon_meta'
[0.115s] Level 1:colcon.colcon_core.package_identification:_identify(src/pathbot_control) by extensions ['ros']
[0.115s] Level 1:colcon.colcon_core.package_identification:_identify(src/pathbot_control) by extension 'ros'
[0.115s] DEBUG:colcon.colcon_core.package_identification:Package 'src/pathbot_control' with type 'ros.ament_cmake' and name 'pathbot_control'
[0.115s] Level 1:colcon.colcon_core.package_identification:_identify(src/pathbot_description) by extensions ['ignore', 'ignore_ament_install']
[0.115s] Level 1:colcon.colcon_core.package_identification:_identify(src/pathbot_description) by extension 'ignore'
[0.115s] Level 1:colcon.colcon_core.package_identification:_identify(src/pathbot_description) by extension 'ignore_ament_install'
[0.115s] Level 1:colcon.colcon_core.package_identification:_identify(src/pathbot_description) by extensions ['colcon_pkg']
[0.116s] Level 1:colcon.colcon_core.package_identification:_identify(src/pathbot_description) by extension 'colcon_pkg'
[0.116s] Level 1:colcon.colcon_core.package_identification:_identify(src/pathbot_description) by extensions ['colcon_meta']
[0.116s] Level 1:colcon.colcon_core.package_identification:_identify(src/pathbot_description) by extension 'colcon_meta'
[0.116s] Level 1:colcon.colcon_core.package_identification:_identify(src/pathbot_description) by extensions ['ros']
[0.116s] Level 1:colcon.colcon_core.package_identification:_identify(src/pathbot_description) by extension 'ros'
[0.116s] DEBUG:colcon.colcon_core.package_identification:Package 'src/pathbot_description' with type 'ros.ament_cmake' and name 'pathbot_description'
[0.116s] Level 1:colcon.colcon_core.package_identification:_identify(src/pathbot_navigation) by extensions ['ignore', 'ignore_ament_install']
[0.116s] Level 1:colcon.colcon_core.package_identification:_identify(src/pathbot_navigation) by extension 'ignore'
[0.116s] Level 1:colcon.colcon_core.package_identification:_identify(src/pathbot_navigation) by extension 'ignore_ament_install'
[0.116s] Level 1:colcon.colcon_core.package_identification:_identify(src/pathbot_navigation) by extensions ['colcon_pkg']
[0.116s] Level 1:colcon.colcon_core.package_identification:_identify(src/pathbot_navigation) by extension 'colcon_pkg'
[0.116s] Level 1:colcon.colcon_core.package_identification:_identify(src/pathbot_navigation) by extensions ['colcon_meta']
[0.116s] Level 1:colcon.colcon_core.package_identification:_identify(src/pathbot_navigation) by extension 'colcon_meta'
[0.116s] Level 1:colcon.colcon_core.package_identification:_identify(src/pathbot_navigation) by extensions ['ros']
[0.116s] Level 1:colcon.colcon_core.package_identification:_identify(src/pathbot_navigation) by extension 'ros'
[0.117s] DEBUG:colcon.colcon_core.package_identification:Package 'src/pathbot_navigation' with type 'ros.ament_cmake' and name 'pathbot_navigation'
[0.117s] Level 1:colcon.colcon_core.package_identification:_identify(src/pathbot_nodes) by extensions ['ignore', 'ignore_ament_install']
[0.117s] Level 1:colcon.colcon_core.package_identification:_identify(src/pathbot_nodes) by extension 'ignore'
[0.117s] Level 1:colcon.colcon_core.package_identification:_identify(src/pathbot_nodes) by extension 'ignore_ament_install'
[0.117s] Level 1:colcon.colcon_core.package_identification:_identify(src/pathbot_nodes) by extensions ['colcon_pkg']
[0.117s] Level 1:colcon.colcon_core.package_identification:_identify(src/pathbot_nodes) by extension 'colcon_pkg'
[0.117s] Level 1:colcon.colcon_core.package_identification:_identify(src/pathbot_nodes) by extensions ['colcon_meta']
[0.117s] Level 1:colcon.colcon_core.package_identification:_identify(src/pathbot_nodes) by extension 'colcon_meta'
[0.117s] Level 1:colcon.colcon_core.package_identification:_identify(src/pathbot_nodes) by extensions ['ros']
[0.117s] Level 1:colcon.colcon_core.package_identification:_identify(src/pathbot_nodes) by extension 'ros'
[0.117s] DEBUG:colcon.colcon_core.package_identification:Package 'src/pathbot_nodes' with type 'ros.ament_cmake' and name 'pathbot_nodes'
[0.117s] Level 1:colcon.colcon_core.package_identification:_identify(src/pathbot_simulation) by extensions ['ignore', 'ignore_ament_install']
[0.117s] Level 1:colcon.colcon_core.package_identification:_identify(src/pathbot_simulation) by extension 'ignore'
[0.117s] Level 1:colcon.colcon_core.package_identification:_identify(src/pathbot_simulation) by extension 'ignore_ament_install'
[0.117s] Level 1:colcon.colcon_core.package_identification:_identify(src/pathbot_simulation) by extensions ['colcon_pkg']
[0.117s] Level 1:colcon.colcon_core.package_identification:_identify(src/pathbot_simulation) by extension 'colcon_pkg'
[0.117s] Level 1:colcon.colcon_core.package_identification:_identify(src/pathbot_simulation) by extensions ['colcon_meta']
[0.117s] Level 1:colcon.colcon_core.package_identification:_identify(src/pathbot_simulation) by extension 'colcon_meta'
[0.117s] Level 1:colcon.colcon_core.package_identification:_identify(src/pathbot_simulation) by extensions ['ros']
[0.117s] Level 1:colcon.colcon_core.package_identification:_identify(src/pathbot_simulation) by extension 'ros'
[0.117s] DEBUG:colcon.colcon_core.package_identification:Package 'src/pathbot_simulation' with type 'ros.ament_cmake' and name 'pathbot_simulation'
[0.118s] Level 1:colcon.colcon_core.package_discovery:discover_packages(recursive) using defaults
[0.118s] Level 1:colcon.colcon_core.package_discovery:discover_packages(ignore) discover
[0.118s] Level 1:colcon.colcon_core.package_discovery:discover_packages(ignore) using defaults
[0.118s] Level 1:colcon.colcon_core.package_discovery:discover_packages(path) discover
[0.118s] Level 1:colcon.colcon_core.package_discovery:discover_packages(path) using defaults
[0.131s] Level 1:colcon.colcon_core.package_discovery:discover_packages(prefix_path) check parameters
[0.131s] Level 1:colcon.colcon_core.package_discovery:discover_packages(prefix_path) discover
[0.133s] DEBUG:colcon.colcon_installed_package_information.package_discovery:Found 431 installed packages in /opt/ros/jazzy
[0.133s] Level 1:colcon.colcon_core.package_discovery:discover_packages(prefix_path) using defaults
[0.165s] Level 5:colcon.colcon_core.verb:set package 'pathbot_control' build argument 'cmake_args' from command line to 'None'
[0.165s] Level 5:colcon.colcon_core.verb:set package 'pathbot_control' build argument 'cmake_target' from command line to 'None'
[0.165s] Level 5:colcon.colcon_core.verb:set package 'pathbot_control' build argument 'cmake_target_skip_unavailable' from command line to 'False'
[0.165s] Level 5:colcon.colcon_core.verb:set package 'pathbot_control' build argument 'cmake_clean_cache' from command line to 'False'
[0.165s] Level 5:colcon.colcon_core.verb:set package 'pathbot_control' build argument 'cmake_clean_first' from command line to 'False'
[0.165s] Level 5:colcon.colcon_core.verb:set package 'pathbot_control' build argument 'cmake_force_configure' from command line to 'False'
[0.165s] Level 5:colcon.colcon_core.verb:set package 'pathbot_control' build argument 'ament_cmake_args' from command line to 'None'
[0.165s] Level 5:colcon.colcon_core.verb:set package 'pathbot_control' build argument 'catkin_cmake_args' from command line to 'None'
[0.165s] Level 5:colcon.colcon_core.verb:set package 'pathbot_control' build argument 'catkin_skip_building_tests' from command line to 'False'
[0.165s] DEBUG:colcon.colcon_core.verb:Building package 'pathbot_control' with the following arguments: {'ament_cmake_args': None, 'build_base': '/home/hornet/Desktop/pathfollowingbot/build/pathbot_control', 'catkin_cmake_args': None, 'catkin_skip_building_tests': False, 'cmake_args': None, 'cmake_clean_cache': False, 'cmake_clean_first': False, 'cmake_force_configure': False, 'cmake_target': None, 'cmake_target_skip_unavailable': False, 'install_base': '/home/hornet/Desktop/pathfollowingbot/install/pathbot_control', 'merge_install': False, 'path': '/home/hornet/Desktop/pathfollowingbot/src/pathbot_control', 'symlink_install': False, 'test_result_base': None}
[0.165s] Level 5:colcon.colcon_core.verb:set package 'pathbot_description' build argument 'cmake_args' from command line to 'None'
[0.165s] Level 5:colcon.colcon_core.verb:set package 'pathbot_description' build argument 'cmake_target' from command line to 'None'
[0.165s] Level 5:colcon.colcon_core.verb:set package 'pathbot_description' build argument 'cmake_target_skip_unavailable' from command line to 'False'
[0.165s] Level 5:colcon.colcon_core.verb:set package 'pathbot_description' build argument 'cmake_clean_cache' from command line to 'False'
[0.165s] Level 5:colcon.colcon_core.verb:set package 'pathbot_description' build argument 'cmake_clean_first' from command line to 'False'
[0.165s] Level 5:colcon.colcon_core.verb:set package 'pathbot_description' build argument 'cmake_force_configure' from command line to 'False'
[0.165s] Level 5:colcon.colcon_core.verb:set package 'pathbot_description' build argument 'ament_cmake_args' from command line to 'None'
[0.165s] Level 5:colcon.colcon_core.verb:set package 'pathbot_description' build argument 'catkin_cmake_args' from command line to 'None'
[0.165s] Level 5:colcon.colcon_core.verb:set package 'pathbot_description' build argument 'catkin_skip_building_tests' from command line to 'False'
[0.165s] DEBUG:colcon.colcon_core.verb:Building package 'pathbot_description' with the following arguments: {'ament_cmake_args': None, 'build_base': '/home/hornet/Desktop/pathfollowingbot/build/pathbot_description', 'catkin_cmake_args': None, 'catkin_skip_building_tests': False, 'cmake_args': None, 'cmake_clean_cache': False, 'cmake_clean_first': False, 'cmake_force_configure': False, 'cmake_target': None, 'cmake_target_skip_unavailable': False, 'install_base': '/home/hornet/Desktop/pathfollowingbot/install/pathbot_description', 'merge_install': False, 'path': '/home/hornet/Desktop/pathfollowingbot/src/pathbot_description', 'symlink_install': False, 'test_result_base': None}
[0.165s] Level 5:colcon.colcon_core.verb:set package 'pathbot_nodes' build argument 'cmake_args' from command line to 'None'
[0.165s] Level 5:colcon.colcon_core.verb:set package 'pathbot_nodes' build argument 'cmake_target' from command line to 'None'
[0.165s] Level 5:colcon.colcon_core.verb:set package 'pathbot_nodes' build argument 'cmake_target_skip_unavailable' from command line to 'False'
[0.165s] Level 5:colcon.colcon_core.verb:set package 'pathbot_nodes' build argument 'cmake_clean_cache' from command line to 'False'
[0.165s] Level 5:colcon.colcon_core.verb:set package 'pathbot_nodes' build argument 'cmake_clean_first' from command line to 'False'
[0.165s] Level 5:colcon.colcon_core.verb:set package 'pathbot_nodes' build argument 'cmake_force_configure' from command line to 'False'
[0.165s] Level 5:colcon.colcon_core.verb:set package 'pathbot_nodes' build argument 'ament_cmake_args' from command line to 'None'
[0.165s] Level 5:colcon.colcon_core.verb:set package 'pathbot_nodes' build argument 'catkin_cmake_args' from command line to 'None'
[0.165s] Level 5:colcon.colcon_core.verb:set package 'pathbot_nodes' build argument 'catkin_skip_building_tests' from command line to 'False'
[0.165s] DEBUG:colcon.colcon_core.verb:Building package 'pathbot_nodes' with the following arguments: {'ament_cmake_args': None, 'build_base': '/home/hornet/Desktop/pathfollowingbot/build/pathbot_nodes', 'catkin_cmake_args': None, 'catkin_skip_building_tests': False, 'cmake_args': None, 'cmake_clean_cache': False, 'cmake_clean_first': False, 'cmake_force_configure': False, 'cmake_target': None, 'cmake_target_skip_unavailable': False, 'install_base': '/home/hornet/Desktop/pathfollowingbot/install/pathbot_nodes', 'merge_install': False, 'path': '/home/hornet/Desktop/pathfollowingbot/src/pathbot_nodes', 'symlink_install': False, 'test_result_base': None}
[0.166s] Level 5:colcon.colcon_core.verb:set package 'pathbot_navigation' build argument 'cmake_args' from command line to 'None'
[0.166s] Level 5:colcon.colcon_core.verb:set package 'pathbot_navigation' build argument 'cmake_target' from command line to 'None'
[0.166s] Level 5:colcon.colcon_core.verb:set package 'pathbot_navigation' build argument 'cmake_target_skip_unavailable' from command line to 'False'
[0.166s] Level 5:colcon.colcon_core.verb:set package 'pathbot_navigation' build argument 'cmake_clean_cache' from command line to 'False'
[0.166s] Level 5:colcon.colcon_core.verb:set package 'pathbot_navigation' build argument 'cmake_clean_first' from command line to 'False'
[0.166s] Level 5:colcon.colcon_core.verb:set package 'pathbot_navigation' build argument 'cmake_force_configure' from command line to 'False'
[0.166s] Level 5:colcon.colcon_core.verb:set package 'pathbot_navigation' build argument 'ament_cmake_args' from command line to 'None'
[0.166s] Level 5:colcon.colcon_core.verb:set package 'pathbot_navigation' build argument 'catkin_cmake_args' from command line to 'None'
[0.166s] Level 5:colcon.colcon_core.verb:set package 'pathbot_navigation' build argument 'catkin_skip_building_tests' from command line to 'False'
[0.166s] DEBUG:colcon.colcon_core.verb:Building package 'pathbot_navigation' with the following arguments: {'ament_cmake_args': None, 'build_base': '/home/hornet/Desktop/pathfollowingbot/build/pathbot_navigation', 'catkin_cmake_args': None, 'catkin_skip_building_tests': False, 'cmake_args': None, 'cmake_clean_cache': False, 'cmake_clean_first': False, 'cmake_force_configure': False, 'cmake_target': None, 'cmake_target_skip_unavailable': False, 'install_base': '/home/hornet/Desktop/pathfollowingbot/install/pathbot_navigation', 'merge_install': False, 'path': '/home/hornet/Desktop/pathfollowingbot/src/pathbot_navigation', 'symlink_install': False, 'test_result_base': None}
[0.166s] Level 5:colcon.colcon_core.verb:set package 'pathbot_simulation' build argument 'cmake_args' from command line to 'None'
[0.166s] Level 5:colcon.colcon_core.verb:set package 'pathbot_simulation' build argument 'cmake_target' from command line to 'None'
[0.166s] Level 5:colcon.colcon_core.verb:set package 'pathbot_simulation' build argument 'cmake_target_skip_unavailable' from command line to 'False'
[0.166s] Level 5:colcon.colcon_core.verb:set package 'pathbot_simulation' build argument 'cmake_clean_cache' from command line to 'False'
[0.166s] Level 5:colcon.colcon_core.verb:set package 'pathbot_simulation' build argument 'cmake_clean_first' from command line to 'False'
[0.166s] Level 5:colcon.colcon_core.verb:set package 'pathbot_simulation' build argument 'cmake_force_configure' from command line to 'False'
[0.166s] Level 5:colcon.colcon_core.verb:set package 'pathbot_simulation' build argument 'ament_cmake_args' from command line to 'None'
[0.166s] Level 5:colcon.colcon_core.verb:set package 'pathbot_simulation' build argument 'catkin_cmake_args' from command line to 'None'
[0.166s] Level 5:colcon.colcon_core.verb:set package 'pathbot_simulation' build argument 'catkin_skip_building_tests' from command line to 'False'
[0.166s] DEBUG:colcon.colcon_core.verb:Building package 'pathbot_simulation' with the following arguments: {'ament_cmake_args': None, 'build_base': '/home/hornet/Desktop/pathfollowingbot/build/pathbot_simulation', 'catkin_cmake_args': None, 'catkin_skip_building_tests': False, 'cmake_args': None, 'cmake_clean_cache': False, 'cmake_clean_first': False, 'cmake_force_configure': False, 'cmake_target': None, 'cmake_target_skip_unavailable': False, 'install_base': '/home/hornet/Desktop/pathfollowingbot/install/pathbot_simulation', 'merge_install': False, 'path': '/home/hornet/Desktop/pathfollowingbot/src/pathbot_simulation', 'symlink_install': False, 'test_result_base': None}
[0.166s] Level 5:colcon.colcon_core.verb:set package 'pathbot_bringup' build argument 'cmake_args' from command line to 'None'
[0.166s] Level 5:colcon.colcon_core.verb:set package 'pathbot_bringup' build argument 'cmake_target' from command line to 'None'
[0.166s] Level 5:colcon.colcon_core.verb:set package 'pathbot_bringup' build argument 'cmake_target_skip_unavailable' from command line to 'False'
[0.166s] Level 5:colcon.colcon_core.verb:set package 'pathbot_bringup' build argument 'cmake_clean_cache' from command line to 'False'
[0.166s] Level 5:colcon.colcon_core.verb:set package 'pathbot_bringup' build argument 'cmake_clean_first' from command line to 'False'
[0.166s] Level 5:colcon.colcon_core.verb:set package 'pathbot_bringup' build argument 'cmake_force_configure' from command line to 'False'
[0.166s] Level 5:colcon.colcon_core.verb:set package 'pathbot_bringup' build argument 'ament_cmake_args' from command line to 'None'
[0.166s] Level 5:colcon.colcon_core.verb:set package 'pathbot_bringup' build argument 'catkin_cmake_args' from command line to 'None'
[0.166s] Level 5:colcon.colcon_core.verb:set package 'pathbot_bringup' build argument 'catkin_skip_building_tests' from command line to 'False'
[0.166s] DEBUG:colcon.colcon_core.verb:Building package 'pathbot_bringup' with the following arguments: {'ament_cmake_args': None, 'build_base': '/home/hornet/Desktop/pathfollowingbot/build/pathbot_bringup', 'catkin_cmake_args': None, 'catkin_skip_building_tests': False, 'cmake_args': None, 'cmake_clean_cache': False, 'cmake_clean_first': False, 'cmake_force_configure': False, 'cmake_target': None, 'cmake_target_skip_unavailable': False, 'install_base': '/home/hornet/Desktop/pathfollowingbot/install/pathbot_bringup', 'merge_install': False, 'path': '/home/hornet/Desktop/pathfollowingbot/src/pathbot_bringup', 'symlink_install': False, 'test_result_base': None}
[0.166s] INFO:colcon.colcon_core.executor:Executing jobs using 'parallel' executor
[0.167s] DEBUG:colcon.colcon_parallel_executor.executor.parallel:run_until_complete
[0.167s] INFO:colcon.colcon_ros.task.ament_cmake.build:Building ROS package in '/home/hornet/Desktop/pathfollowingbot/src/pathbot_description' with build type 'ament_cmake'
[0.167s] INFO:colcon.colcon_cmake.task.cmake.build:Building CMake package in '/home/hornet/Desktop/pathfollowingbot/src/pathbot_description'
[0.168s] INFO:colcon.colcon_core.plugin_system:Skipping extension 'colcon_core.shell.bat': Not used on non-Windows systems
[0.168s] INFO:colcon.colcon_core.shell:Skip shell extension 'powershell' for command environment: Not usable outside of PowerShell
[0.168s] DEBUG:colcon.colcon_core.shell:Skip shell extension 'dsv' for command environment
[0.171s] INFO:colcon.colcon_ros.task.ament_cmake.build:Building ROS package in '/home/hornet/Desktop/pathfollowingbot/src/pathbot_nodes' with build type 'ament_cmake'
[0.171s] INFO:colcon.colcon_cmake.task.cmake.build:Building CMake package in '/home/hornet/Desktop/pathfollowingbot/src/pathbot_nodes'
[0.171s] INFO:colcon.colcon_core.shell:Skip shell extension 'powershell' for command environment: Not usable outside of PowerShell
[0.171s] DEBUG:colcon.colcon_core.shell:Skip shell extension 'dsv' for command environment
[0.173s] INFO:colcon.colcon_ros.task.ament_cmake.build:Building ROS package in '/home/hornet/Desktop/pathfollowingbot/src/pathbot_control' with build type 'ament_cmake'
[0.173s] INFO:colcon.colcon_cmake.task.cmake.build:Building CMake package in '/home/hornet/Desktop/pathfollowingbot/src/pathbot_control'
[0.174s] INFO:colcon.colcon_core.shell:Skip shell extension 'powershell' for command environment: Not usable outside of PowerShell
[0.174s] DEBUG:colcon.colcon_core.shell:Skip shell extension 'dsv' for command environment
[0.177s] DEBUG:colcon.colcon_core.event_handler.log_command:Invoking command in '/home/hornet/Desktop/pathfollowingbot/build/pathbot_description': CMAKE_PREFIX_PATH=${CMAKE_PREFIX_PATH}:/opt/ros/jazzy DEBUGINFOD_URLS=https://debuginfod.ubuntu.com /usr/bin/cmake /home/hornet/Desktop/pathfollowingbot/src/pathbot_description -DCMAKE_INSTALL_PREFIX=/home/hornet/Desktop/pathfollowingbot/install/pathbot_description
[0.178s] DEBUG:colcon.colcon_core.event_handler.log_command:Invoking command in '/home/hornet/Desktop/pathfollowingbot/build/pathbot_nodes': CMAKE_PREFIX_PATH=${CMAKE_PREFIX_PATH}:/opt/ros/jazzy DEBUGINFOD_URLS=https://debuginfod.ubuntu.com /usr/bin/cmake /home/hornet/Desktop/pathfollowingbot/src/pathbot_nodes -DCMAKE_INSTALL_PREFIX=/home/hornet/Desktop/pathfollowingbot/install/pathbot_nodes
[0.180s] DEBUG:colcon.colcon_core.event_handler.log_command:Invoking command in '/home/hornet/Desktop/pathfollowingbot/build/pathbot_control': CMAKE_PREFIX_PATH=${CMAKE_PREFIX_PATH}:/opt/ros/jazzy DEBUGINFOD_URLS=https://debuginfod.ubuntu.com /usr/bin/cmake /home/hornet/Desktop/pathfollowingbot/src/pathbot_control -DCMAKE_INSTALL_PREFIX=/home/hornet/Desktop/pathfollowingbot/install/pathbot_control
[0.854s] DEBUG:colcon.colcon_core.event_handler.log_command:Invoked command in '/home/hornet/Desktop/pathfollowingbot/build/pathbot_control' returned '0': CMAKE_PREFIX_PATH=${CMAKE_PREFIX_PATH}:/opt/ros/jazzy DEBUGINFOD_URLS=https://debuginfod.ubuntu.com /usr/bin/cmake /home/hornet/Desktop/pathfollowingbot/src/pathbot_control -DCMAKE_INSTALL_PREFIX=/home/hornet/Desktop/pathfollowingbot/install/pathbot_control
[0.855s] DEBUG:colcon.colcon_core.event_handler.log_command:Invoking command in '/home/hornet/Desktop/pathfollowingbot/build/pathbot_control': CMAKE_PREFIX_PATH=${CMAKE_PREFIX_PATH}:/opt/ros/jazzy DEBUGINFOD_URLS=https://debuginfod.ubuntu.com /usr/bin/cmake --build /home/hornet/Desktop/pathfollowingbot/build/pathbot_control -- -j16 -l16
[0.857s] DEBUG:colcon.colcon_core.event_handler.log_command:Invoked command in '/home/hornet/Desktop/pathfollowingbot/build/pathbot_description' returned '0': CMAKE_PREFIX_PATH=${CMAKE_PREFIX_PATH}:/opt/ros/jazzy DEBUGINFOD_URLS=https://debuginfod.ubuntu.com /usr/bin/cmake /home/hornet/Desktop/pathfollowingbot/src/pathbot_description -DCMAKE_INSTALL_PREFIX=/home/hornet/Desktop/pathfollowingbot/install/pathbot_description
[0.858s] DEBUG:colcon.colcon_core.event_handler.log_command:Invoking command in '/home/hornet/Desktop/pathfollowingbot/build/pathbot_description': CMAKE_PREFIX_PATH=${CMAKE_PREFIX_PATH}:/opt/ros/jazzy DEBUGINFOD_URLS=https://debuginfod.ubuntu.com /usr/bin/cmake --build /home/hornet/Desktop/pathfollowingbot/build/pathbot_description -- -j16 -l16
[0.902s] DEBUG:colcon.colcon_core.event_handler.log_command:Invoked command in '/home/hornet/Desktop/pathfollowingbot/build/pathbot_description' returned '0': CMAKE_PREFIX_PATH=${CMAKE_PREFIX_PATH}:/opt/ros/jazzy DEBUGINFOD_URLS=https://debuginfod.ubuntu.com /usr/bin/cmake --build /home/hornet/Desktop/pathfollowingbot/build/pathbot_description -- -j16 -l16
[0.913s] DEBUG:colcon.colcon_core.event_handler.log_command:Invoking command in '/home/hornet/Desktop/pathfollowingbot/build/pathbot_description': CMAKE_PREFIX_PATH=${CMAKE_PREFIX_PATH}:/opt/ros/jazzy DEBUGINFOD_URLS=https://debuginfod.ubuntu.com /usr/bin/cmake --install /home/hornet/Desktop/pathfollowingbot/build/pathbot_description
[0.914s] DEBUG:colcon.colcon_core.event_handler.log_command:Invoked command in '/home/hornet/Desktop/pathfollowingbot/build/pathbot_control' returned '0': CMAKE_PREFIX_PATH=${CMAKE_PREFIX_PATH}:/opt/ros/jazzy DEBUGINFOD_URLS=https://debuginfod.ubuntu.com /usr/bin/cmake --build /home/hornet/Desktop/pathfollowingbot/build/pathbot_control -- -j16 -l16
[0.915s] DEBUG:colcon.colcon_core.event_handler.log_command:Invoking command in '/home/hornet/Desktop/pathfollowingbot/build/pathbot_control': CMAKE_PREFIX_PATH=${CMAKE_PREFIX_PATH}:/opt/ros/jazzy DEBUGINFOD_URLS=https://debuginfod.ubuntu.com /usr/bin/cmake --install /home/hornet/Desktop/pathfollowingbot/build/pathbot_control
[0.923s] Level 1:colcon.colcon_core.environment:create_environment_scripts_only(pathbot_description)
[0.924s] DEBUG:colcon.colcon_core.event_handler.log_command:Invoked command in '/home/hornet/Desktop/pathfollowingbot/build/pathbot_description' returned '0': CMAKE_PREFIX_PATH=${CMAKE_PREFIX_PATH}:/opt/ros/jazzy DEBUGINFOD_URLS=https://debuginfod.ubuntu.com /usr/bin/cmake --install /home/hornet/Desktop/pathfollowingbot/build/pathbot_description
[0.925s] Level 1:colcon.colcon_core.environment:checking '/home/hornet/Desktop/pathfollowingbot/install/pathbot_description' for CMake module files
[0.926s] Level 1:colcon.colcon_core.environment:checking '/home/hornet/Desktop/pathfollowingbot/install/pathbot_description' for CMake config files
[0.926s] Level 1:colcon.colcon_core.shell:create_environment_hook('pathbot_description', 'cmake_prefix_path')
[0.926s] INFO:colcon.colcon_core.shell:Creating environment hook '/home/hornet/Desktop/pathfollowingbot/install/pathbot_description/share/pathbot_description/hook/cmake_prefix_path.ps1'
[0.927s] INFO:colcon.colcon_core.shell:Creating environment descriptor '/home/hornet/Desktop/pathfollowingbot/install/pathbot_description/share/pathbot_description/hook/cmake_prefix_path.dsv'
[0.927s] INFO:colcon.colcon_core.shell:Creating environment hook '/home/hornet/Desktop/pathfollowingbot/install/pathbot_description/share/pathbot_description/hook/cmake_prefix_path.sh'
[0.928s] Level 1:colcon.colcon_core.environment:checking '/home/hornet/Desktop/pathfollowingbot/install/pathbot_description/bin'
[0.928s] Level 1:colcon.colcon_core.environment:checking '/home/hornet/Desktop/pathfollowingbot/install/pathbot_description/lib/pkgconfig/pathbot_description.pc'
[0.928s] Level 1:colcon.colcon_core.environment:checking '/home/hornet/Desktop/pathfollowingbot/install/pathbot_description/lib/python3.12/site-packages'
[0.929s] Level 1:colcon.colcon_core.environment:checking '/home/hornet/Desktop/pathfollowingbot/install/pathbot_description/bin'
[0.929s] INFO:colcon.colcon_core.shell:Creating package script '/home/hornet/Desktop/pathfollowingbot/install/pathbot_description/share/pathbot_description/package.ps1'
[0.930s] INFO:colcon.colcon_core.shell:Creating package descriptor '/home/hornet/Desktop/pathfollowingbot/install/pathbot_description/share/pathbot_description/package.dsv'
[0.930s] INFO:colcon.colcon_core.shell:Creating package script '/home/hornet/Desktop/pathfollowingbot/install/pathbot_description/share/pathbot_description/package.sh'
[0.931s] INFO:colcon.colcon_core.shell:Creating package script '/home/hornet/Desktop/pathfollowingbot/install/pathbot_description/share/pathbot_description/package.bash'
[0.931s] INFO:colcon.colcon_core.shell:Creating package script '/home/hornet/Desktop/pathfollowingbot/install/pathbot_description/share/pathbot_description/package.zsh'
[0.931s] Level 1:colcon.colcon_core.environment:create_file_with_runtime_dependencies(/home/hornet/Desktop/pathfollowingbot/install/pathbot_description/share/colcon-core/packages/pathbot_description)
[0.932s] Level 1:colcon.colcon_core.environment:create_environment_scripts_only(pathbot_description)
[0.932s] Level 1:colcon.colcon_core.environment:checking '/home/hornet/Desktop/pathfollowingbot/install/pathbot_description' for CMake module files
[0.933s] Level 1:colcon.colcon_core.environment:checking '/home/hornet/Desktop/pathfollowingbot/install/pathbot_description' for CMake config files
[0.933s] Level 1:colcon.colcon_core.shell:create_environment_hook('pathbot_description', 'cmake_prefix_path')
[0.933s] INFO:colcon.colcon_core.shell:Creating environment hook '/home/hornet/Desktop/pathfollowingbot/install/pathbot_description/share/pathbot_description/hook/cmake_prefix_path.ps1'
[0.933s] INFO:colcon.colcon_core.shell:Creating environment descriptor '/home/hornet/Desktop/pathfollowingbot/install/pathbot_description/share/pathbot_description/hook/cmake_prefix_path.dsv'
[0.934s] INFO:colcon.colcon_core.shell:Creating environment hook '/home/hornet/Desktop/pathfollowingbot/install/pathbot_description/share/pathbot_description/hook/cmake_prefix_path.sh'
[0.934s] Level 1:colcon.colcon_core.environment:checking '/home/hornet/Desktop/pathfollowingbot/install/pathbot_description/bin'
[0.934s] Level 1:colcon.colcon_core.environment:checking '/home/hornet/Desktop/pathfollowingbot/install/pathbot_description/lib/pkgconfig/pathbot_description.pc'
[0.934s] Level 1:colcon.colcon_core.environment:checking '/home/hornet/Desktop/pathfollowingbot/install/pathbot_description/lib/python3.12/site-packages'
[0.935s] Level 1:colcon.colcon_core.environment:checking '/home/hornet/Desktop/pathfollowingbot/install/pathbot_description/bin'
[0.935s] INFO:colcon.colcon_core.shell:Creating package script '/home/hornet/Desktop/pathfollowingbot/install/pathbot_description/share/pathbot_description/package.ps1'
[0.935s] INFO:colcon.colcon_core.shell:Creating package descriptor '/home/hornet/Desktop/pathfollowingbot/install/pathbot_description/share/pathbot_description/package.dsv'
[0.936s] INFO:colcon.colcon_core.shell:Creating package script '/home/hornet/Desktop/pathfollowingbot/install/pathbot_description/share/pathbot_description/package.sh'
[0.936s] INFO:colcon.colcon_core.shell:Creating package script '/home/hornet/Desktop/pathfollowingbot/install/pathbot_description/share/pathbot_description/package.bash'
[0.936s] INFO:colcon.colcon_core.shell:Creating package script '/home/hornet/Desktop/pathfollowingbot/install/pathbot_description/share/pathbot_description/package.zsh'
[0.937s] Level 1:colcon.colcon_core.environment:create_file_with_runtime_dependencies(/home/hornet/Desktop/pathfollowingbot/install/pathbot_description/share/colcon-core/packages/pathbot_description)
[0.937s] INFO:colcon.colcon_ros.task.ament_cmake.build:Building ROS package in '/home/hornet/Desktop/pathfollowingbot/src/pathbot_simulation' with build type 'ament_cmake'
[0.937s] INFO:colcon.colcon_cmake.task.cmake.build:Building CMake package in '/home/hornet/Desktop/pathfollowingbot/src/pathbot_simulation'
[0.937s] INFO:colcon.colcon_core.shell:Skip shell extension 'powershell' for command environment: Not usable outside of PowerShell
[0.937s] DEBUG:colcon.colcon_core.shell:Skip shell extension 'dsv' for command environment
[0.940s] Level 1:colcon.colcon_core.environment:create_environment_scripts_only(pathbot_control)
[0.941s] Level 1:colcon.colcon_core.environment:checking '/home/hornet/Desktop/pathfollowingbot/install/pathbot_control' for CMake module files
[0.942s] DEBUG:colcon.colcon_core.event_handler.log_command:Invoked command in '/home/hornet/Desktop/pathfollowingbot/build/pathbot_control' returned '0': CMAKE_PREFIX_PATH=${CMAKE_PREFIX_PATH}:/opt/ros/jazzy DEBUGINFOD_URLS=https://debuginfod.ubuntu.com /usr/bin/cmake --install /home/hornet/Desktop/pathfollowingbot/build/pathbot_control
[0.942s] Level 1:colcon.colcon_core.environment:checking '/home/hornet/Desktop/pathfollowingbot/install/pathbot_control' for CMake config files
[0.942s] Level 1:colcon.colcon_core.shell:create_environment_hook('pathbot_control', 'cmake_prefix_path')
[0.942s] INFO:colcon.colcon_core.shell:Creating environment hook '/home/hornet/Desktop/pathfollowingbot/install/pathbot_control/share/pathbot_control/hook/cmake_prefix_path.ps1'
[0.943s] INFO:colcon.colcon_core.shell:Creating environment descriptor '/home/hornet/Desktop/pathfollowingbot/install/pathbot_control/share/pathbot_control/hook/cmake_prefix_path.dsv'
[0.943s] INFO:colcon.colcon_core.shell:Creating environment hook '/home/hornet/Desktop/pathfollowingbot/install/pathbot_control/share/pathbot_control/hook/cmake_prefix_path.sh'
[0.943s] Level 1:colcon.colcon_core.environment:checking '/home/hornet/Desktop/pathfollowingbot/install/pathbot_control/lib'
[0.943s] Level 1:colcon.colcon_core.environment:checking '/home/hornet/Desktop/pathfollowingbot/install/pathbot_control/bin'
[0.943s] Level 1:colcon.colcon_core.environment:checking '/home/hornet/Desktop/pathfollowingbot/install/pathbot_control/lib/pkgconfig/pathbot_control.pc'
[0.944s] Level 1:colcon.colcon_core.environment:checking '/home/hornet/Desktop/pathfollowingbot/install/pathbot_control/lib/python3.12/site-packages'
[0.944s] Level 1:colcon.colcon_core.environment:checking '/home/hornet/Desktop/pathfollowingbot/install/pathbot_control/bin'
[0.944s] INFO:colcon.colcon_core.shell:Creating package script '/home/hornet/Desktop/pathfollowingbot/install/pathbot_control/share/pathbot_control/package.ps1'
[0.944s] INFO:colcon.colcon_core.shell:Creating package descriptor '/home/hornet/Desktop/pathfollowingbot/install/pathbot_control/share/pathbot_control/package.dsv'
[0.945s] INFO:colcon.colcon_core.shell:Creating package script '/home/hornet/Desktop/pathfollowingbot/install/pathbot_control/share/pathbot_control/package.sh'
[0.945s] INFO:colcon.colcon_core.shell:Creating package script '/home/hornet/Desktop/pathfollowingbot/install/pathbot_control/share/pathbot_control/package.bash'
[0.945s] INFO:colcon.colcon_core.shell:Creating package script '/home/hornet/Desktop/pathfollowingbot/install/pathbot_control/share/pathbot_control/package.zsh'
[0.945s] Level 1:colcon.colcon_core.environment:create_file_with_runtime_dependencies(/home/hornet/Desktop/pathfollowingbot/install/pathbot_control/share/colcon-core/packages/pathbot_control)
[0.945s] Level 1:colcon.colcon_core.environment:create_environment_scripts_only(pathbot_control)
[0.946s] Level 1:colcon.colcon_core.environment:checking '/home/hornet/Desktop/pathfollowingbot/install/pathbot_control' for CMake module files
[0.946s] Level 1:colcon.colcon_core.environment:checking '/home/hornet/Desktop/pathfollowingbot/install/pathbot_control' for CMake config files
[0.946s] Level 1:colcon.colcon_core.shell:create_environment_hook('pathbot_control', 'cmake_prefix_path')
[0.946s] INFO:colcon.colcon_core.shell:Creating environment hook '/home/hornet/Desktop/pathfollowingbot/install/pathbot_control/share/pathbot_control/hook/cmake_prefix_path.ps1'
[0.946s] INFO:colcon.colcon_core.shell:Creating environment descriptor '/home/hornet/Desktop/pathfollowingbot/install/pathbot_control/share/pathbot_control/hook/cmake_prefix_path.dsv'
[0.946s] INFO:colcon.colcon_core.shell:Creating environment hook '/home/hornet/Desktop/pathfollowingbot/install/pathbot_control/share/pathbot_control/hook/cmake_prefix_path.sh'
[0.947s] Level 1:colcon.colcon_core.environment:checking '/home/hornet/Desktop/pathfollowingbot/install/pathbot_control/lib'
[0.947s] Level 1:colcon.colcon_core.environment:checking '/home/hornet/Desktop/pathfollowingbot/install/pathbot_control/bin'
[0.947s] Level 1:colcon.colcon_core.environment:checking '/home/hornet/Desktop/pathfollowingbot/install/pathbot_control/lib/pkgconfig/pathbot_control.pc'
[0.947s] Level 1:colcon.colcon_core.environment:checking '/home/hornet/Desktop/pathfollowingbot/install/pathbot_control/lib/python3.12/site-packages'
[0.947s] Level 1:colcon.colcon_core.environment:checking '/home/hornet/Desktop/pathfollowingbot/install/pathbot_control/bin'
[0.947s] INFO:colcon.colcon_core.shell:Creating package script '/home/hornet/Desktop/pathfollowingbot/install/pathbot_control/share/pathbot_control/package.ps1'
[0.948s] INFO:colcon.colcon_core.shell:Creating package descriptor '/home/hornet/Desktop/pathfollowingbot/install/pathbot_control/share/pathbot_control/package.dsv'
[0.948s] INFO:colcon.colcon_core.shell:Creating package script '/home/hornet/Desktop/pathfollowingbot/install/pathbot_control/share/pathbot_control/package.sh'
[0.948s] INFO:colcon.colcon_core.shell:Creating package script '/home/hornet/Desktop/pathfollowingbot/install/pathbot_control/share/pathbot_control/package.bash'
[0.948s] INFO:colcon.colcon_core.shell:Creating package script '/home/hornet/Desktop/pathfollowingbot/install/pathbot_control/share/pathbot_control/package.zsh'
[0.949s] Level 1:colcon.colcon_core.environment:create_file_with_runtime_dependencies(/home/hornet/Desktop/pathfollowingbot/install/pathbot_control/share/colcon-core/packages/pathbot_control)
[0.950s] DEBUG:colcon.colcon_core.event_handler.log_command:Invoking command in '/home/hornet/Desktop/pathfollowingbot/build/pathbot_simulation': AMENT_PREFIX_PATH=/home/hornet/Desktop/pathfollowingbot/install/pathbot_description:${AMENT_PREFIX_PATH} CMAKE_PREFIX_PATH=/home/hornet/Desktop/pathfollowingbot/install/pathbot_description:/opt/ros/jazzy/opt/gz_sim_vendor:/opt/ros/jazzy/opt/gz_sensors_vendor:/opt/ros/jazzy/opt/gz_physics_vendor:/opt/ros/jazzy/opt/sdformat_vendor:/opt/ros/jazzy/opt/gz_gui_vendor:/opt/ros/jazzy/opt/gz_transport_vendor:/opt/ros/jazzy/opt/gz_rendering_vendor:/opt/ros/jazzy/opt/gz_plugin_vendor:/opt/ros/jazzy/opt/gz_fuel_tools_vendor:/opt/ros/jazzy/opt/gz_msgs_vendor:/opt/ros/jazzy/opt/gz_common_vendor:/opt/ros/jazzy/opt/gz_math_vendor:/opt/ros/jazzy/opt/gz_utils_vendor:/opt/ros/jazzy/opt/gz_tools_vendor:/opt/ros/jazzy/opt/gz_ogre_next_vendor:/opt/ros/jazzy/opt/gz_dartsim_vendor:/opt/ros/jazzy/opt/gz_cmake_vendor:/opt/ros/jazzy DEBUGINFOD_URLS=https://debuginfod.ubuntu.com /usr/bin/cmake /home/hornet/Desktop/pathfollowingbot/src/pathbot_simulation -DCMAKE_INSTALL_PREFIX=/home/hornet/Desktop/pathfollowingbot/install/pathbot_simulation
[1.279s] DEBUG:colcon.colcon_core.event_handler.log_command:Invoked command in '/home/hornet/Desktop/pathfollowingbot/build/pathbot_nodes' returned '0': CMAKE_PREFIX_PATH=${CMAKE_PREFIX_PATH}:/opt/ros/jazzy DEBUGINFOD_URLS=https://debuginfod.ubuntu.com /usr/bin/cmake /home/hornet/Desktop/pathfollowingbot/src/pathbot_nodes -DCMAKE_INSTALL_PREFIX=/home/hornet/Desktop/pathfollowingbot/install/pathbot_nodes
[1.280s] DEBUG:colcon.colcon_core.event_handler.log_command:Invoking command in '/home/hornet/Desktop/pathfollowingbot/build/pathbot_nodes': CMAKE_PREFIX_PATH=${CMAKE_PREFIX_PATH}:/opt/ros/jazzy DEBUGINFOD_URLS=https://debuginfod.ubuntu.com /usr/bin/cmake --build /home/hornet/Desktop/pathfollowingbot/build/pathbot_nodes -- -j16 -l16
[1.627s] DEBUG:colcon.colcon_core.event_handler.log_command:Invoked command in '/home/hornet/Desktop/pathfollowingbot/build/pathbot_simulation' returned '0': AMENT_PREFIX_PATH=/home/hornet/Desktop/pathfollowingbot/install/pathbot_description:${AMENT_PREFIX_PATH} CMAKE_PREFIX_PATH=/home/hornet/Desktop/pathfollowingbot/install/pathbot_description:/opt/ros/jazzy/opt/gz_sim_vendor:/opt/ros/jazzy/opt/gz_sensors_vendor:/opt/ros/jazzy/opt/gz_physics_vendor:/opt/ros/jazzy/opt/sdformat_vendor:/opt/ros/jazzy/opt/gz_gui_vendor:/opt/ros/jazzy/opt/gz_transport_vendor:/opt/ros/jazzy/opt/gz_rendering_vendor:/opt/ros/jazzy/opt/gz_plugin_vendor:/opt/ros/jazzy/opt/gz_fuel_tools_vendor:/opt/ros/jazzy/opt/gz_msgs_vendor:/opt/ros/jazzy/opt/gz_common_vendor:/opt/ros/jazzy/opt/gz_math_vendor:/opt/ros/jazzy/opt/gz_utils_vendor:/opt/ros/jazzy/opt/gz_tools_vendor:/opt/ros/jazzy/opt/gz_ogre_next_vendor:/opt/ros/jazzy/opt/gz_dartsim_vendor:/opt/ros/jazzy/opt/gz_cmake_vendor:/opt/ros/jazzy DEBUGINFOD_URLS=https://debuginfod.ubuntu.com /usr/bin/cmake /home/hornet/Desktop/pathfollowingbot/src/pathbot_simulation -DCMAKE_INSTALL_PREFIX=/home/hornet/Desktop/pathfollowingbot/install/pathbot_simulation
[1.628s] DEBUG:colcon.colcon_core.event_handler.log_command:Invoking command in '/home/hornet/Desktop/pathfollowingbot/build/pathbot_simulation': AMENT_PREFIX_PATH=/home/hornet/Desktop/pathfollowingbot/install/pathbot_description:${AMENT_PREFIX_PATH} CMAKE_PREFIX_PATH=/home/hornet/Desktop/pathfollowingbot/install/pathbot_description:/opt/ros/jazzy/opt/gz_sim_vendor:/opt/ros/jazzy/opt/gz_sensors_vendor:/opt/ros/jazzy/opt/gz_physics_vendor:/opt/ros/jazzy/opt/sdformat_vendor:/opt/ros/jazzy/opt/gz_gui_vendor:/opt/ros/jazzy/opt/gz_transport_vendor:/opt/ros/jazzy/opt/gz_rendering_vendor:/opt/ros/jazzy/opt/gz_plugin_vendor:/opt/ros/jazzy/opt/gz_fuel_tools_vendor:/opt/ros/jazzy/opt/gz_msgs_vendor:/opt/ros/jazzy/opt/gz_common_vendor:/opt/ros/jazzy/opt/gz_math_vendor:/opt/ros/jazzy/opt/gz_utils_vendor:/opt/ros/jazzy/opt/gz_tools_vendor:/opt/ros/jazzy/opt/gz_ogre_next_vendor:/opt/ros/jazzy/opt/gz_dartsim_vendor:/opt/ros/jazzy/opt/gz_cmake_vendor:/opt/ros/jazzy DEBUGINFOD_URLS=https://debuginfod.ubuntu.com /usr/bin/cmake --build /home/hornet/Desktop/pathfollowingbot/build/pathbot_simulation -- -j16 -l16
[1.673s] DEBUG:colcon.colcon_core.event_handler.log_command:Invoked command in '/home/hornet/Desktop/pathfollowingbot/build/pathbot_simulation' returned '0': AMENT_PREFIX_PATH=/home/hornet/Desktop/pathfollowingbot/install/pathbot_description:${AMENT_PREFIX_PATH} CMAKE_PREFIX_PATH=/home/hornet/Desktop/pathfollowingbot/install/pathbot_description:/opt/ros/jazzy/opt/gz_sim_vendor:/opt/ros/jazzy/opt/gz_sensors_vendor:/opt/ros/jazzy/opt/gz_physics_vendor:/opt/ros/jazzy/opt/sdformat_vendor:/opt/ros/jazzy/opt/gz_gui_vendor:/opt/ros/jazzy/opt/gz_transport_vendor:/opt/ros/jazzy/opt/gz_rendering_vendor:/opt/ros/jazzy/opt/gz_plugin_vendor:/opt/ros/jazzy/opt/gz_fuel_tools_vendor:/opt/ros/jazzy/opt/gz_msgs_vendor:/opt/ros/jazzy/opt/gz_common_vendor:/opt/ros/jazzy/opt/gz_math_vendor:/opt/ros/jazzy/opt/gz_utils_vendor:/opt/ros/jazzy/opt/gz_tools_vendor:/opt/ros/jazzy/opt/gz_ogre_next_vendor:/opt/ros/jazzy/opt/gz_dartsim_vendor:/opt/ros/jazzy/opt/gz_cmake_vendor:/opt/ros/jazzy DEBUGINFOD_URLS=https://debuginfod.ubuntu.com /usr/bin/cmake --build /home/hornet/Desktop/pathfollowingbot/build/pathbot_simulation -- -j16 -l16
[1.674s] DEBUG:colcon.colcon_core.event_handler.log_command:Invoking command in '/home/hornet/Desktop/pathfollowingbot/build/pathbot_simulation': AMENT_PREFIX_PATH=/home/hornet/Desktop/pathfollowingbot/install/pathbot_description:${AMENT_PREFIX_PATH} CMAKE_PREFIX_PATH=/home/hornet/Desktop/pathfollowingbot/install/pathbot_description:/opt/ros/jazzy/opt/gz_sim_vendor:/opt/ros/jazzy/opt/gz_sensors_vendor:/opt/ros/jazzy/opt/gz_physics_vendor:/opt/ros/jazzy/opt/sdformat_vendor:/opt/ros/jazzy/opt/gz_gui_vendor:/opt/ros/jazzy/opt/gz_transport_vendor:/opt/ros/jazzy/opt/gz_rendering_vendor:/opt/ros/jazzy/opt/gz_plugin_vendor:/opt/ros/jazzy/opt/gz_fuel_tools_vendor:/opt/ros/jazzy/opt/gz_msgs_vendor:/opt/ros/jazzy/opt/gz_common_vendor:/opt/ros/jazzy/opt/gz_math_vendor:/opt/ros/jazzy/opt/gz_utils_vendor:/opt/ros/jazzy/opt/gz_tools_vendor:/opt/ros/jazzy/opt/gz_ogre_next_vendor:/opt/ros/jazzy/opt/gz_dartsim_vendor:/opt/ros/jazzy/opt/gz_cmake_vendor:/opt/ros/jazzy DEBUGINFOD_URLS=https://debuginfod.ubuntu.com /usr/bin/cmake --install /home/hornet/Desktop/pathfollowingbot/build/pathbot_simulation
[1.704s] Level 1:colcon.colcon_core.environment:create_environment_scripts_only(pathbot_simulation)
[1.705s] Level 1:colcon.colcon_core.environment:checking '/home/hornet/Desktop/pathfollowingbot/install/pathbot_simulation' for CMake module files
[1.706s] DEBUG:colcon.colcon_core.event_handler.log_command:Invoked command in '/home/hornet/Desktop/pathfollowingbot/build/pathbot_simulation' returned '0': AMENT_PREFIX_PATH=/home/hornet/Desktop/pathfollowingbot/install/pathbot_description:${AMENT_PREFIX_PATH} CMAKE_PREFIX_PATH=/home/hornet/Desktop/pathfollowingbot/install/pathbot_description:/opt/ros/jazzy/opt/gz_sim_vendor:/opt/ros/jazzy/opt/gz_sensors_vendor:/opt/ros/jazzy/opt/gz_physics_vendor:/opt/ros/jazzy/opt/sdformat_vendor:/opt/ros/jazzy/opt/gz_gui_vendor:/opt/ros/jazzy/opt/gz_transport_vendor:/opt/ros/jazzy/opt/gz_rendering_vendor:/opt/ros/jazzy/opt/gz_plugin_vendor:/opt/ros/jazzy/opt/gz_fuel_tools_vendor:/opt/ros/jazzy/opt/gz_msgs_vendor:/opt/ros/jazzy/opt/gz_common_vendor:/opt/ros/jazzy/opt/gz_math_vendor:/opt/ros/jazzy/opt/gz_utils_vendor:/opt/ros/jazzy/opt/gz_tools_vendor:/opt/ros/jazzy/opt/gz_ogre_next_vendor:/opt/ros/jazzy/opt/gz_dartsim_vendor:/opt/ros/jazzy/opt/gz_cmake_vendor:/opt/ros/jazzy DEBUGINFOD_URLS=https://debuginfod.ubuntu.com /usr/bin/cmake --install /home/hornet/Desktop/pathfollowingbot/build/pathbot_simulation
[1.706s] Level 1:colcon.colcon_core.environment:checking '/home/hornet/Desktop/pathfollowingbot/install/pathbot_simulation' for CMake config files
[1.707s] Level 1:colcon.colcon_core.shell:create_environment_hook('pathbot_simulation', 'cmake_prefix_path')
[1.707s] INFO:colcon.colcon_core.shell:Creating environment hook '/home/hornet/Desktop/pathfollowingbot/install/pathbot_simulation/share/pathbot_simulation/hook/cmake_prefix_path.ps1'
[1.707s] INFO:colcon.colcon_core.shell:Creating environment descriptor '/home/hornet/Desktop/pathfollowingbot/install/pathbot_simulation/share/pathbot_simulation/hook/cmake_prefix_path.dsv'
[1.708s] INFO:colcon.colcon_core.shell:Creating environment hook '/home/hornet/Desktop/pathfollowingbot/install/pathbot_simulation/share/pathbot_simulation/hook/cmake_prefix_path.sh'
[1.708s] Level 1:colcon.colcon_core.environment:checking '/home/hornet/Desktop/pathfollowingbot/install/pathbot_simulation/bin'
[1.708s] Level 1:colcon.colcon_core.environment:checking '/home/hornet/Desktop/pathfollowingbot/install/pathbot_simulation/lib/pkgconfig/pathbot_simulation.pc'
[1.709s] Level 1:colcon.colcon_core.environment:checking '/home/hornet/Desktop/pathfollowingbot/install/pathbot_simulation/lib/python3.12/site-packages'
[1.709s] Level 1:colcon.colcon_core.environment:checking '/home/hornet/Desktop/pathfollowingbot/install/pathbot_simulation/bin'
[1.709s] INFO:colcon.colcon_core.shell:Creating package script '/home/hornet/Desktop/pathfollowingbot/install/pathbot_simulation/share/pathbot_simulation/package.ps1'
[1.710s] INFO:colcon.colcon_core.shell:Creating package descriptor '/home/hornet/Desktop/pathfollowingbot/install/pathbot_simulation/share/pathbot_simulation/package.dsv'
[1.710s] INFO:colcon.colcon_core.shell:Creating package script '/home/hornet/Desktop/pathfollowingbot/install/pathbot_simulation/share/pathbot_simulation/package.sh'
[1.710s] INFO:colcon.colcon_core.shell:Creating package script '/home/hornet/Desktop/pathfollowingbot/install/pathbot_simulation/share/pathbot_simulation/package.bash'
[1.710s] INFO:colcon.colcon_core.shell:Creating package script '/home/hornet/Desktop/pathfollowingbot/install/pathbot_simulation/share/pathbot_simulation/package.zsh'
[1.711s] Level 1:colcon.colcon_core.environment:create_file_with_runtime_dependencies(/home/hornet/Desktop/pathfollowingbot/install/pathbot_simulation/share/colcon-core/packages/pathbot_simulation)
[1.711s] Level 1:colcon.colcon_core.environment:create_environment_scripts_only(pathbot_simulation)
[1.711s] Level 1:colcon.colcon_core.environment:checking '/home/hornet/Desktop/pathfollowingbot/install/pathbot_simulation' for CMake module files
[1.712s] Level 1:colcon.colcon_core.environment:checking '/home/hornet/Desktop/pathfollowingbot/install/pathbot_simulation' for CMake config files
[1.712s] Level 1:colcon.colcon_core.shell:create_environment_hook('pathbot_simulation', 'cmake_prefix_path')
[1.713s] INFO:colcon.colcon_core.shell:Creating environment hook '/home/hornet/Desktop/pathfollowingbot/install/pathbot_simulation/share/pathbot_simulation/hook/cmake_prefix_path.ps1'
[1.713s] INFO:colcon.colcon_core.shell:Creating environment descriptor '/home/hornet/Desktop/pathfollowingbot/install/pathbot_simulation/share/pathbot_simulation/hook/cmake_prefix_path.dsv'
[1.714s] INFO:colcon.colcon_core.shell:Creating environment hook '/home/hornet/Desktop/pathfollowingbot/install/pathbot_simulation/share/pathbot_simulation/hook/cmake_prefix_path.sh'
[1.714s] Level 1:colcon.colcon_core.environment:checking '/home/hornet/Desktop/pathfollowingbot/install/pathbot_simulation/bin'
[1.715s] Level 1:colcon.colcon_core.environment:checking '/home/hornet/Desktop/pathfollowingbot/install/pathbot_simulation/lib/pkgconfig/pathbot_simulation.pc'
[1.715s] Level 1:colcon.colcon_core.environment:checking '/home/hornet/Desktop/pathfollowingbot/install/pathbot_simulation/lib/python3.12/site-packages'
[1.715s] Level 1:colcon.colcon_core.environment:checking '/home/hornet/Desktop/pathfollowingbot/install/pathbot_simulation/bin'
[1.715s] INFO:colcon.colcon_core.shell:Creating package script '/home/hornet/Desktop/pathfollowingbot/install/pathbot_simulation/share/pathbot_simulation/package.ps1'
[1.716s] INFO:colcon.colcon_core.shell:Creating package descriptor '/home/hornet/Desktop/pathfollowingbot/install/pathbot_simulation/share/pathbot_simulation/package.dsv'
[1.716s] INFO:colcon.colcon_core.shell:Creating package script '/home/hornet/Desktop/pathfollowingbot/install/pathbot_simulation/share/pathbot_simulation/package.sh'
[1.717s] INFO:colcon.colcon_core.shell:Creating package script '/home/hornet/Desktop/pathfollowingbot/install/pathbot_simulation/share/pathbot_simulation/package.bash'
[1.717s] INFO:colcon.colcon_core.shell:Creating package script '/home/hornet/Desktop/pathfollowingbot/install/pathbot_simulation/share/pathbot_simulation/package.zsh'
[1.717s] Level 1:colcon.colcon_core.environment:create_file_with_runtime_dependencies(/home/hornet/Desktop/pathfollowingbot/install/pathbot_simulation/share/colcon-core/packages/pathbot_simulation)
[7.639s] DEBUG:colcon.colcon_core.event_handler.log_command:Invoked command in '/home/hornet/Desktop/pathfollowingbot/build/pathbot_nodes' returned '0': CMAKE_PREFIX_PATH=${CMAKE_PREFIX_PATH}:/opt/ros/jazzy DEBUGINFOD_URLS=https://debuginfod.ubuntu.com /usr/bin/cmake --build /home/hornet/Desktop/pathfollowingbot/build/pathbot_nodes -- -j16 -l16
[7.640s] DEBUG:colcon.colcon_core.event_handler.log_command:Invoking command in '/home/hornet/Desktop/pathfollowingbot/build/pathbot_nodes': CMAKE_PREFIX_PATH=${CMAKE_PREFIX_PATH}:/opt/ros/jazzy DEBUGINFOD_URLS=https://debuginfod.ubuntu.com /usr/bin/cmake --install /home/hornet/Desktop/pathfollowingbot/build/pathbot_nodes
[7.653s] Level 1:colcon.colcon_core.environment:create_environment_scripts_only(pathbot_nodes)
[7.653s] Level 1:colcon.colcon_core.environment:checking '/home/hornet/Desktop/pathfollowingbot/install/pathbot_nodes' for CMake module files
[7.653s] DEBUG:colcon.colcon_core.event_handler.log_command:Invoked command in '/home/hornet/Desktop/pathfollowingbot/build/pathbot_nodes' returned '0': CMAKE_PREFIX_PATH=${CMAKE_PREFIX_PATH}:/opt/ros/jazzy DEBUGINFOD_URLS=https://debuginfod.ubuntu.com /usr/bin/cmake --install /home/hornet/Desktop/pathfollowingbot/build/pathbot_nodes
[7.653s] Level 1:colcon.colcon_core.environment:checking '/home/hornet/Desktop/pathfollowingbot/install/pathbot_nodes' for CMake config files
[7.653s] Level 1:colcon.colcon_core.shell:create_environment_hook('pathbot_nodes', 'cmake_prefix_path')
[7.653s] INFO:colcon.colcon_core.shell:Creating environment hook '/home/hornet/Desktop/pathfollowingbot/install/pathbot_nodes/share/pathbot_nodes/hook/cmake_prefix_path.ps1'
[7.654s] INFO:colcon.colcon_core.shell:Creating environment descriptor '/home/hornet/Desktop/pathfollowingbot/install/pathbot_nodes/share/pathbot_nodes/hook/cmake_prefix_path.dsv'
[7.654s] INFO:colcon.colcon_core.shell:Creating environment hook '/home/hornet/Desktop/pathfollowingbot/install/pathbot_nodes/share/pathbot_nodes/hook/cmake_prefix_path.sh'
[7.654s] Level 1:colcon.colcon_core.environment:checking '/home/hornet/Desktop/pathfollowingbot/install/pathbot_nodes/lib'
[7.654s] Level 1:colcon.colcon_core.environment:checking '/home/hornet/Desktop/pathfollowingbot/install/pathbot_nodes/bin'
[7.654s] Level 1:colcon.colcon_core.environment:checking '/home/hornet/Desktop/pathfollowingbot/install/pathbot_nodes/lib/pkgconfig/pathbot_nodes.pc'
[7.654s] Level 1:colcon.colcon_core.environment:checking '/home/hornet/Desktop/pathfollowingbot/install/pathbot_nodes/lib/python3.12/site-packages'
[7.655s] Level 1:colcon.colcon_core.environment:checking '/home/hornet/Desktop/pathfollowingbot/install/pathbot_nodes/bin'
[7.655s] INFO:colcon.colcon_core.shell:Creating package script '/home/hornet/Desktop/pathfollowingbot/install/pathbot_nodes/share/pathbot_nodes/package.ps1'
[7.655s] INFO:colcon.colcon_core.shell:Creating package descriptor '/home/hornet/Desktop/pathfollowingbot/install/pathbot_nodes/share/pathbot_nodes/package.dsv'
[7.655s] INFO:colcon.colcon_core.shell:Creating package script '/home/hornet/Desktop/pathfollowingbot/install/pathbot_nodes/share/pathbot_nodes/package.sh'
[7.656s] INFO:colcon.colcon_core.shell:Creating package script '/home/hornet/Desktop/pathfollowingbot/install/pathbot_nodes/share/pathbot_nodes/package.bash'
[7.656s] INFO:colcon.colcon_core.shell:Creating package script '/home/hornet/Desktop/pathfollowingbot/install/pathbot_nodes/share/pathbot_nodes/package.zsh'
[7.656s] Level 1:colcon.colcon_core.environment:create_file_with_runtime_dependencies(/home/hornet/Desktop/pathfollowingbot/install/pathbot_nodes/share/colcon-core/packages/pathbot_nodes)
[7.657s] Level 1:colcon.colcon_core.environment:create_environment_scripts_only(pathbot_nodes)
[7.657s] Level 1:colcon.colcon_core.environment:checking '/home/hornet/Desktop/pathfollowingbot/install/pathbot_nodes' for CMake module files
[7.657s] Level 1:colcon.colcon_core.environment:checking '/home/hornet/Desktop/pathfollowingbot/install/pathbot_nodes' for CMake config files
[7.657s] Level 1:colcon.colcon_core.shell:create_environment_hook('pathbot_nodes', 'cmake_prefix_path')
[7.657s] INFO:colcon.colcon_core.shell:Creating environment hook '/home/hornet/Desktop/pathfollowingbot/install/pathbot_nodes/share/pathbot_nodes/hook/cmake_prefix_path.ps1'
[7.657s] INFO:colcon.colcon_core.shell:Creating environment descriptor '/home/hornet/Desktop/pathfollowingbot/install/pathbot_nodes/share/pathbot_nodes/hook/cmake_prefix_path.dsv'
[7.658s] INFO:colcon.colcon_core.shell:Creating environment hook '/home/hornet/Desktop/pathfollowingbot/install/pathbot_nodes/share/pathbot_nodes/hook/cmake_prefix_path.sh'
[7.658s] Level 1:colcon.colcon_core.environment:checking '/home/hornet/Desktop/pathfollowingbot/install/pathbot_nodes/lib'
[7.658s] Level 1:colcon.colcon_core.environment:checking '/home/hornet/Desktop/pathfollowingbot/install/pathbot_nodes/bin'
[7.658s] Level 1:colcon.colcon_core.environment:checking '/home/hornet/Desktop/pathfollowingbot/install/pathbot_nodes/lib/pkgconfig/pathbot_nodes.pc'
[7.658s] Level 1:colcon.colcon_core.environment:checking '/home/hornet/Desktop/pathfollowingbot/install/pathbot_nodes/lib/python3.12/site-packages'
[7.658s] Level 1:colcon.colcon_core.environment:checking '/home/hornet/Desktop/pathfollowingbot/install/pathbot_nodes/bin'
[7.658s] INFO:colcon.colcon_core.shell:Creating package script '/home/hornet/Desktop/pathfollowingbot/install/pathbot_nodes/share/pathbot_nodes/package.ps1'
[7.659s] INFO:colcon.colcon_core.shell:Creating package descriptor '/home/hornet/Desktop/pathfollowingbot/install/pathbot_nodes/share/pathbot_nodes/package.dsv'
[7.659s] INFO:colcon.colcon_core.shell:Creating package script '/home/hornet/Desktop/pathfollowingbot/install/pathbot_nodes/share/pathbot_nodes/package.sh'
[7.659s] INFO:colcon.colcon_core.shell:Creating package script '/home/hornet/Desktop/pathfollowingbot/install/pathbot_nodes/share/pathbot_nodes/package.bash'
[7.659s] INFO:colcon.colcon_core.shell:Creating package script '/home/hornet/Desktop/pathfollowingbot/install/pathbot_nodes/share/pathbot_nodes/package.zsh'
[7.670s] Level 1:colcon.colcon_core.environment:create_file_with_runtime_dependencies(/home/hornet/Desktop/pathfollowingbot/install/pathbot_nodes/share/colcon-core/packages/pathbot_nodes)
[7.670s] INFO:colcon.colcon_ros.task.ament_cmake.build:Building ROS package in '/home/hornet/Desktop/pathfollowingbot/src/pathbot_navigation' with build type 'ament_cmake'
[7.670s] INFO:colcon.colcon_cmake.task.cmake.build:Building CMake package in '/home/hornet/Desktop/pathfollowingbot/src/pathbot_navigation'
[7.670s] INFO:colcon.colcon_core.shell:Skip shell extension 'powershell' for command environment: Not usable outside of PowerShell
[7.670s] DEBUG:colcon.colcon_core.shell:Skip shell extension 'dsv' for command environment
[7.676s] DEBUG:colcon.colcon_core.event_handler.log_command:Invoking command in '/home/hornet/Desktop/pathfollowingbot/build/pathbot_navigation': AMENT_PREFIX_PATH=/home/hornet/Desktop/pathfollowingbot/install/pathbot_nodes:${AMENT_PREFIX_PATH} CMAKE_PREFIX_PATH=/home/hornet/Desktop/pathfollowingbot/install/pathbot_nodes:/opt/ros/jazzy/opt/gz_sim_vendor:/opt/ros/jazzy/opt/gz_sensors_vendor:/opt/ros/jazzy/opt/gz_physics_vendor:/opt/ros/jazzy/opt/sdformat_vendor:/opt/ros/jazzy/opt/gz_gui_vendor:/opt/ros/jazzy/opt/gz_transport_vendor:/opt/ros/jazzy/opt/gz_rendering_vendor:/opt/ros/jazzy/opt/gz_plugin_vendor:/opt/ros/jazzy/opt/gz_fuel_tools_vendor:/opt/ros/jazzy/opt/gz_msgs_vendor:/opt/ros/jazzy/opt/gz_common_vendor:/opt/ros/jazzy/opt/gz_math_vendor:/opt/ros/jazzy/opt/gz_utils_vendor:/opt/ros/jazzy/opt/gz_tools_vendor:/opt/ros/jazzy/opt/gz_ogre_next_vendor:/opt/ros/jazzy/opt/gz_dartsim_vendor:/opt/ros/jazzy/opt/gz_cmake_vendor:/opt/ros/jazzy DEBUGINFOD_URLS=https://debuginfod.ubuntu.com /usr/bin/cmake /home/hornet/Desktop/pathfollowingbot/src/pathbot_navigation -DCMAKE_INSTALL_PREFIX=/home/hornet/Desktop/pathfollowingbot/install/pathbot_navigation
[8.264s] DEBUG:colcon.colcon_core.event_handler.log_command:Invoked command in '/home/hornet/Desktop/pathfollowingbot/build/pathbot_navigation' returned '0': AMENT_PREFIX_PATH=/home/hornet/Desktop/pathfollowingbot/install/pathbot_nodes:${AMENT_PREFIX_PATH} CMAKE_PREFIX_PATH=/home/hornet/Desktop/pathfollowingbot/install/pathbot_nodes:/opt/ros/jazzy/opt/gz_sim_vendor:/opt/ros/jazzy/opt/gz_sensors_vendor:/opt/ros/jazzy/opt/gz_physics_vendor:/opt/ros/jazzy/opt/sdformat_vendor:/opt/ros/jazzy/opt/gz_gui_vendor:/opt/ros/jazzy/opt/gz_transport_vendor:/opt/ros/jazzy/opt/gz_rendering_vendor:/opt/ros/jazzy/opt/gz_plugin_vendor:/opt/ros/jazzy/opt/gz_fuel_tools_vendor:/opt/ros/jazzy/opt/gz_msgs_vendor:/opt/ros/jazzy/opt/gz_common_vendor:/opt/ros/jazzy/opt/gz_math_vendor:/opt/ros/jazzy/opt/gz_utils_vendor:/opt/ros/jazzy/opt/gz_tools_vendor:/opt/ros/jazzy/opt/gz_ogre_next_vendor:/opt/ros/jazzy/opt/gz_dartsim_vendor:/opt/ros/jazzy/opt/gz_cmake_vendor:/opt/ros/jazzy DEBUGINFOD_URLS=https://debuginfod.ubuntu.com /usr/bin/cmake /home/hornet/Desktop/pathfollowingbot/src/pathbot_navigation -DCMAKE_INSTALL_PREFIX=/home/hornet/Desktop/pathfollowingbot/install/pathbot_navigation
[8.264s] DEBUG:colcon.colcon_core.event_handler.log_command:Invoking command in '/home/hornet/Desktop/pathfollowingbot/build/pathbot_navigation': AMENT_PREFIX_PATH=/home/hornet/Desktop/pathfollowingbot/install/pathbot_nodes:${AMENT_PREFIX_PATH} CMAKE_PREFIX_PATH=/home/hornet/Desktop/pathfollowingbot/install/pathbot_nodes:/opt/ros/jazzy/opt/gz_sim_vendor:/opt/ros/jazzy/opt/gz_sensors_vendor:/opt/ros/jazzy/opt/gz_physics_vendor:/opt/ros/jazzy/opt/sdformat_vendor:/opt/ros/jazzy/opt/gz_gui_vendor:/opt/ros/jazzy/opt/gz_transport_vendor:/opt/ros/jazzy/opt/gz_rendering_vendor:/opt/ros/jazzy/opt/gz_plugin_vendor:/opt/ros/jazzy/opt/gz_fuel_tools_vendor:/opt/ros/jazzy/opt/gz_msgs_vendor:/opt/ros/jazzy/opt/gz_common_vendor:/opt/ros/jazzy/opt/gz_math_vendor:/opt/ros/jazzy/opt/gz_utils_vendor:/opt/ros/jazzy/opt/gz_tools_vendor:/opt/ros/jazzy/opt/gz_ogre_next_vendor:/opt/ros/jazzy/opt/gz_dartsim_vendor:/opt/ros/jazzy/opt/gz_cmake_vendor:/opt/ros/jazzy DEBUGINFOD_URLS=https://debuginfod.ubuntu.com /usr/bin/cmake --build /home/hornet/Desktop/pathfollowingbot/build/pathbot_navigation -- -j16 -l16
[8.299s] DEBUG:colcon.colcon_core.event_handler.log_command:Invoked command in '/home/hornet/Desktop/pathfollowingbot/build/pathbot_navigation' returned '0': AMENT_PREFIX_PATH=/home/hornet/Desktop/pathfollowingbot/install/pathbot_nodes:${AMENT_PREFIX_PATH} CMAKE_PREFIX_PATH=/home/hornet/Desktop/pathfollowingbot/install/pathbot_nodes:/opt/ros/jazzy/opt/gz_sim_vendor:/opt/ros/jazzy/opt/gz_sensors_vendor:/opt/ros/jazzy/opt/gz_physics_vendor:/opt/ros/jazzy/opt/sdformat_vendor:/opt/ros/jazzy/opt/gz_gui_vendor:/opt/ros/jazzy/opt/gz_transport_vendor:/opt/ros/jazzy/opt/gz_rendering_vendor:/opt/ros/jazzy/opt/gz_plugin_vendor:/opt/ros/jazzy/opt/gz_fuel_tools_vendor:/opt/ros/jazzy/opt/gz_msgs_vendor:/opt/ros/jazzy/opt/gz_common_vendor:/opt/ros/jazzy/opt/gz_math_vendor:/opt/ros/jazzy/opt/gz_utils_vendor:/opt/ros/jazzy/opt/gz_tools_vendor:/opt/ros/jazzy/opt/gz_ogre_next_vendor:/opt/ros/jazzy/opt/gz_dartsim_vendor:/opt/ros/jazzy/opt/gz_cmake_vendor:/opt/ros/jazzy DEBUGINFOD_URLS=https://debuginfod.ubuntu.com /usr/bin/cmake --build /home/hornet/Desktop/pathfollowingbot/build/pathbot_navigation -- -j16 -l16
[8.300s] DEBUG:colcon.colcon_core.event_handler.log_command:Invoking command in '/home/hornet/Desktop/pathfollowingbot/build/pathbot_navigation': AMENT_PREFIX_PATH=/home/hornet/Desktop/pathfollowingbot/install/pathbot_nodes:${AMENT_PREFIX_PATH} CMAKE_PREFIX_PATH=/home/hornet/Desktop/pathfollowingbot/install/pathbot_nodes:/opt/ros/jazzy/opt/gz_sim_vendor:/opt/ros/jazzy/opt/gz_sensors_vendor:/opt/ros/jazzy/opt/gz_physics_vendor:/opt/ros/jazzy/opt/sdformat_vendor:/opt/ros/jazzy/opt/gz_gui_vendor:/opt/ros/jazzy/opt/gz_transport_vendor:/opt/ros/jazzy/opt/gz_rendering_vendor:/opt/ros/jazzy/opt/gz_plugin_vendor:/opt/ros/jazzy/opt/gz_fuel_tools_vendor:/opt/ros/jazzy/opt/gz_msgs_vendor:/opt/ros/jazzy/opt/gz_common_vendor:/opt/ros/jazzy/opt/gz_math_vendor:/opt/ros/jazzy/opt/gz_utils_vendor:/opt/ros/jazzy/opt/gz_tools_vendor:/opt/ros/jazzy/opt/gz_ogre_next_vendor:/opt/ros/jazzy/opt/gz_dartsim_vendor:/opt/ros/jazzy/opt/gz_cmake_vendor:/opt/ros/jazzy DEBUGINFOD_URLS=https://debuginfod.ubuntu.com /usr/bin/cmake --install /home/hornet/Desktop/pathfollowingbot/build/pathbot_navigation
[8.308s] Level 1:colcon.colcon_core.environment:create_environment_scripts_only(pathbot_navigation)
[8.308s] Level 1:colcon.colcon_core.environment:checking '/home/hornet/Desktop/pathfollowingbot/install/pathbot_navigation' for CMake module files
[8.309s] DEBUG:colcon.colcon_core.event_handler.log_command:Invoked command in '/home/hornet/Desktop/pathfollowingbot/build/pathbot_navigation' returned '0': AMENT_PREFIX_PATH=/home/hornet/Desktop/pathfollowingbot/install/pathbot_nodes:${AMENT_PREFIX_PATH} CMAKE_PREFIX_PATH=/home/hornet/Desktop/pathfollowingbot/install/pathbot_nodes:/opt/ros/jazzy/opt/gz_sim_vendor:/opt/ros/jazzy/opt/gz_sensors_vendor:/opt/ros/jazzy/opt/gz_physics_vendor:/opt/ros/jazzy/opt/sdformat_vendor:/opt/ros/jazzy/opt/gz_gui_vendor:/opt/ros/jazzy/opt/gz_transport_vendor:/opt/ros/jazzy/opt/gz_rendering_vendor:/opt/ros/jazzy/opt/gz_plugin_vendor:/opt/ros/jazzy/opt/gz_fuel_tools_vendor:/opt/ros/jazzy/opt/gz_msgs_vendor:/opt/ros/jazzy/opt/gz_common_vendor:/opt/ros/jazzy/opt/gz_math_vendor:/opt/ros/jazzy/opt/gz_utils_vendor:/opt/ros/jazzy/opt/gz_tools_vendor:/opt/ros/jazzy/opt/gz_ogre_next_vendor:/opt/ros/jazzy/opt/gz_dartsim_vendor:/opt/ros/jazzy/opt/gz_cmake_vendor:/opt/ros/jazzy DEBUGINFOD_URLS=https://debuginfod.ubuntu.com /usr/bin/cmake --install /home/hornet/Desktop/pathfollowingbot/build/pathbot_navigation
[8.309s] Level 1:colcon.colcon_core.environment:checking '/home/hornet/Desktop/pathfollowingbot/install/pathbot_navigation' for CMake config files
[8.309s] Level 1:colcon.colcon_core.shell:create_environment_hook('pathbot_navigation', 'cmake_prefix_path')
[8.309s] INFO:colcon.colcon_core.shell:Creating environment hook '/home/hornet/Desktop/pathfollowingbot/install/pathbot_navigation/share/pathbot_navigation/hook/cmake_prefix_path.ps1'
[8.310s] INFO:colcon.colcon_core.shell:Creating environment descriptor '/home/hornet/Desktop/pathfollowingbot/install/pathbot_navigation/share/pathbot_navigation/hook/cmake_prefix_path.dsv'
[8.310s] INFO:colcon.colcon_core.shell:Creating environment hook '/home/hornet/Desktop/pathfollowingbot/install/pathbot_navigation/share/pathbot_navigation/hook/cmake_prefix_path.sh'
[8.310s] Level 1:colcon.colcon_core.environment:checking '/home/hornet/Desktop/pathfollowingbot/install/pathbot_navigation/bin'
[8.310s] Level 1:colcon.colcon_core.environment:checking '/home/hornet/Desktop/pathfollowingbot/install/pathbot_navigation/lib/pkgconfig/pathbot_navigation.pc'
[8.310s] Level 1:colcon.colcon_core.environment:checking '/home/hornet/Desktop/pathfollowingbot/install/pathbot_navigation/lib/python3.12/site-packages'
[8.310s] Level 1:colcon.colcon_core.environment:checking '/home/hornet/Desktop/pathfollowingbot/install/pathbot_navigation/bin'
[8.311s] INFO:colcon.colcon_core.shell:Creating package script '/home/hornet/Desktop/pathfollowingbot/install/pathbot_navigation/share/pathbot_navigation/package.ps1'
[8.311s] INFO:colcon.colcon_core.shell:Creating package descriptor '/home/hornet/Desktop/pathfollowingbot/install/pathbot_navigation/share/pathbot_navigation/package.dsv'
[8.311s] INFO:colcon.colcon_core.shell:Creating package script '/home/hornet/Desktop/pathfollowingbot/install/pathbot_navigation/share/pathbot_navigation/package.sh'
[8.311s] INFO:colcon.colcon_core.shell:Creating package script '/home/hornet/Desktop/pathfollowingbot/install/pathbot_navigation/share/pathbot_navigation/package.bash'
[8.311s] INFO:colcon.colcon_core.shell:Creating package script '/home/hornet/Desktop/pathfollowingbot/install/pathbot_navigation/share/pathbot_navigation/package.zsh'
[8.312s] Level 1:colcon.colcon_core.environment:create_file_with_runtime_dependencies(/home/hornet/Desktop/pathfollowingbot/install/pathbot_navigation/share/colcon-core/packages/pathbot_navigation)
[8.312s] Level 1:colcon.colcon_core.environment:create_environment_scripts_only(pathbot_navigation)
[8.312s] Level 1:colcon.colcon_core.environment:checking '/home/hornet/Desktop/pathfollowingbot/install/pathbot_navigation' for CMake module files
[8.312s] Level 1:colcon.colcon_core.environment:checking '/home/hornet/Desktop/pathfollowingbot/install/pathbot_navigation' for CMake config files
[8.312s] Level 1:colcon.colcon_core.shell:create_environment_hook('pathbot_navigation', 'cmake_prefix_path')
[8.312s] INFO:colcon.colcon_core.shell:Creating environment hook '/home/hornet/Desktop/pathfollowingbot/install/pathbot_navigation/share/pathbot_navigation/hook/cmake_prefix_path.ps1'
[8.312s] INFO:colcon.colcon_core.shell:Creating environment descriptor '/home/hornet/Desktop/pathfollowingbot/install/pathbot_navigation/share/pathbot_navigation/hook/cmake_prefix_path.dsv'
[8.313s] INFO:colcon.colcon_core.shell:Creating environment hook '/home/hornet/Desktop/pathfollowingbot/install/pathbot_navigation/share/pathbot_navigation/hook/cmake_prefix_path.sh'
[8.313s] Level 1:colcon.colcon_core.environment:checking '/home/hornet/Desktop/pathfollowingbot/install/pathbot_navigation/bin'
[8.313s] Level 1:colcon.colcon_core.environment:checking '/home/hornet/Desktop/pathfollowingbot/install/pathbot_navigation/lib/pkgconfig/pathbot_navigation.pc'
[8.313s] Level 1:colcon.colcon_core.environment:checking '/home/hornet/Desktop/pathfollowingbot/install/pathbot_navigation/lib/python3.12/site-packages'
[8.313s] Level 1:colcon.colcon_core.environment:checking '/home/hornet/Desktop/pathfollowingbot/install/pathbot_navigation/bin'
[8.313s] INFO:colcon.colcon_core.shell:Creating package script '/home/hornet/Desktop/pathfollowingbot/install/pathbot_navigation/share/pathbot_navigation/package.ps1'
[8.314s] INFO:colcon.colcon_core.shell:Creating package descriptor '/home/hornet/Desktop/pathfollowingbot/install/pathbot_navigation/share/pathbot_navigation/package.dsv'
[8.314s] INFO:colcon.colcon_core.shell:Creating package script '/home/hornet/Desktop/pathfollowingbot/install/pathbot_navigation/share/pathbot_navigation/package.sh'
[8.314s] INFO:colcon.colcon_core.shell:Creating package script '/home/hornet/Desktop/pathfollowingbot/install/pathbot_navigation/share/pathbot_navigation/package.bash'
[8.314s] INFO:colcon.colcon_core.shell:Creating package script '/home/hornet/Desktop/pathfollowingbot/install/pathbot_navigation/share/pathbot_navigation/package.zsh'
[8.314s] Level 1:colcon.colcon_core.environment:create_file_with_runtime_dependencies(/home/hornet/Desktop/pathfollowingbot/install/pathbot_navigation/share/colcon-core/packages/pathbot_navigation)
[8.314s] INFO:colcon.colcon_ros.task.ament_cmake.build:Building ROS package in '/home/hornet/Desktop/pathfollowingbot/src/pathbot_bringup' with build type 'ament_cmake'
[8.315s] INFO:colcon.colcon_cmake.task.cmake.build:Building CMake package in '/home/hornet/Desktop/pathfollowingbot/src/pathbot_bringup'
[8.315s] INFO:colcon.colcon_core.shell:Skip shell extension 'powershell' for command environment: Not usable outside of PowerShell
[8.315s] DEBUG:colcon.colcon_core.shell:Skip shell extension 'dsv' for command environment
[8.323s] DEBUG:colcon.colcon_core.event_handler.log_command:Invoking command in '/home/hornet/Desktop/pathfollowingbot/build/pathbot_bringup': AMENT_PREFIX_PATH=/home/hornet/Desktop/pathfollowingbot/install/pathbot_simulation:/home/hornet/Desktop/pathfollowingbot/install/pathbot_navigation:/home/hornet/Desktop/pathfollowingbot/install/pathbot_nodes:/home/hornet/Desktop/pathfollowingbot/install/pathbot_description:/home/hornet/Desktop/pathfollowingbot/install/pathbot_control:${AMENT_PREFIX_PATH} CMAKE_PREFIX_PATH=/home/hornet/Desktop/pathfollowingbot/install/pathbot_simulation:/home/hornet/Desktop/pathfollowingbot/install/pathbot_navigation:/home/hornet/Desktop/pathfollowingbot/install/pathbot_nodes:/home/hornet/Desktop/pathfollowingbot/install/pathbot_description:/home/hornet/Desktop/pathfollowingbot/install/pathbot_control:/opt/ros/jazzy/opt/gz_sim_vendor:/opt/ros/jazzy/opt/gz_sensors_vendor:/opt/ros/jazzy/opt/gz_physics_vendor:/opt/ros/jazzy/opt/sdformat_vendor:/opt/ros/jazzy/opt/gz_gui_vendor:/opt/ros/jazzy/opt/gz_transport_vendor:/opt/ros/jazzy/opt/gz_rendering_vendor:/opt/ros/jazzy/opt/gz_plugin_vendor:/opt/ros/jazzy/opt/gz_fuel_tools_vendor:/opt/ros/jazzy/opt/gz_msgs_vendor:/opt/ros/jazzy/opt/gz_common_vendor:/opt/ros/jazzy/opt/gz_math_vendor:/opt/ros/jazzy/opt/gz_utils_vendor:/opt/ros/jazzy/opt/gz_tools_vendor:/opt/ros/jazzy/opt/gz_ogre_next_vendor:/opt/ros/jazzy/opt/gz_dartsim_vendor:/opt/ros/jazzy/opt/gz_cmake_vendor:/opt/ros/jazzy DEBUGINFOD_URLS=https://debuginfod.ubuntu.com /usr/bin/cmake /home/hornet/Desktop/pathfollowingbot/src/pathbot_bringup -DCMAKE_INSTALL_PREFIX=/home/hornet/Desktop/pathfollowingbot/install/pathbot_bringup
[8.891s] DEBUG:colcon.colcon_core.event_handler.log_command:Invoked command in '/home/hornet/Desktop/pathfollowingbot/build/pathbot_bringup' returned '0': AMENT_PREFIX_PATH=/home/hornet/Desktop/pathfollowingbot/install/pathbot_simulation:/home/hornet/Desktop/pathfollowingbot/install/pathbot_navigation:/home/hornet/Desktop/pathfollowingbot/install/pathbot_nodes:/home/hornet/Desktop/pathfollowingbot/install/pathbot_description:/home/hornet/Desktop/pathfollowingbot/install/pathbot_control:${AMENT_PREFIX_PATH} CMAKE_PREFIX_PATH=/home/hornet/Desktop/pathfollowingbot/install/pathbot_simulation:/home/hornet/Desktop/pathfollowingbot/install/pathbot_navigation:/home/hornet/Desktop/pathfollowingbot/install/pathbot_nodes:/home/hornet/Desktop/pathfollowingbot/install/pathbot_description:/home/hornet/Desktop/pathfollowingbot/install/pathbot_control:/opt/ros/jazzy/opt/gz_sim_vendor:/opt/ros/jazzy/opt/gz_sensors_vendor:/opt/ros/jazzy/opt/gz_physics_vendor:/opt/ros/jazzy/opt/sdformat_vendor:/opt/ros/jazzy/opt/gz_gui_vendor:/opt/ros/jazzy/opt/gz_transport_vendor:/opt/ros/jazzy/opt/gz_rendering_vendor:/opt/ros/jazzy/opt/gz_plugin_vendor:/opt/ros/jazzy/opt/gz_fuel_tools_vendor:/opt/ros/jazzy/opt/gz_msgs_vendor:/opt/ros/jazzy/opt/gz_common_vendor:/opt/ros/jazzy/opt/gz_math_vendor:/opt/ros/jazzy/opt/gz_utils_vendor:/opt/ros/jazzy/opt/gz_tools_vendor:/opt/ros/jazzy/opt/gz_ogre_next_vendor:/opt/ros/jazzy/opt/gz_dartsim_vendor:/opt/ros/jazzy/opt/gz_cmake_vendor:/opt/ros/jazzy DEBUGINFOD_URLS=https://debuginfod.ubuntu.com /usr/bin/cmake /home/hornet/Desktop/pathfollowingbot/src/pathbot_bringup -DCMAKE_INSTALL_PREFIX=/home/hornet/Desktop/pathfollowingbot/install/pathbot_bringup
[8.891s] DEBUG:colcon.colcon_core.event_handler.log_command:Invoking command in '/home/hornet/Desktop/pathfollowingbot/build/pathbot_bringup': AMENT_PREFIX_PATH=/home/hornet/Desktop/pathfollowingbot/install/pathbot_simulation:/home/hornet/Desktop/pathfollowingbot/install/pathbot_navigation:/home/hornet/Desktop/pathfollowingbot/install/pathbot_nodes:/home/hornet/Desktop/pathfollowingbot/install/pathbot_description:/home/hornet/Desktop/pathfollowingbot/install/pathbot_control:${AMENT_PREFIX_PATH} CMAKE_PREFIX_PATH=/home/hornet/Desktop/pathfollowingbot/install/pathbot_simulation:/home/hornet/Desktop/pathfollowingbot/install/pathbot_navigation:/home/hornet/Desktop/pathfollowingbot/install/pathbot_nodes:/home/hornet/Desktop/pathfollowingbot/install/pathbot_description:/home/hornet/Desktop/pathfollowingbot/install/pathbot_control:/opt/ros/jazzy/opt/gz_sim_vendor:/opt/ros/jazzy/opt/gz_sensors_vendor:/opt/ros/jazzy/opt/gz_physics_vendor:/opt/ros/jazzy/opt/sdformat_vendor:/opt/ros/jazzy/opt/gz_gui_vendor:/opt/ros/jazzy/opt/gz_transport_vendor:/opt/ros/jazzy/opt/gz_rendering_vendor:/opt/ros/jazzy/opt/gz_plugin_vendor:/opt/ros/jazzy/opt/gz_fuel_tools_vendor:/opt/ros/jazzy/opt/gz_msgs_vendor:/opt/ros/jazzy/opt/gz_common_vendor:/opt/ros/jazzy/opt/gz_math_vendor:/opt/ros/jazzy/opt/gz_utils_vendor:/opt/ros/jazzy/opt/gz_tools_vendor:/opt/ros/jazzy/opt/gz_ogre_next_vendor:/opt/ros/jazzy/opt/gz_dartsim_vendor:/opt/ros/jazzy/opt/gz_cmake_vendor:/opt/ros/jazzy DEBUGINFOD_URLS=https://debuginfod.ubuntu.com /usr/bin/cmake --build /home/hornet/Desktop/pathfollowingbot/build/pathbot_bringup -- -j16 -l16
[8.922s] DEBUG:colcon.colcon_core.event_handler.log_command:Invoked command in '/home/hornet/Desktop/pathfollowingbot/build/pathbot_bringup' returned '0': AMENT_PREFIX_PATH=/home/hornet/Desktop/pathfollowingbot/install/pathbot_simulation:/home/hornet/Desktop/pathfollowingbot/install/pathbot_navigation:/home/hornet/Desktop/pathfollowingbot/install/pathbot_nodes:/home/hornet/Desktop/pathfollowingbot/install/pathbot_description:/home/hornet/Desktop/pathfollowingbot/install/pathbot_control:${AMENT_PREFIX_PATH} CMAKE_PREFIX_PATH=/home/hornet/Desktop/pathfollowingbot/install/pathbot_simulation:/home/hornet/Desktop/pathfollowingbot/install/pathbot_navigation:/home/hornet/Desktop/pathfollowingbot/install/pathbot_nodes:/home/hornet/Desktop/pathfollowingbot/install/pathbot_description:/home/hornet/Desktop/pathfollowingbot/install/pathbot_control:/opt/ros/jazzy/opt/gz_sim_vendor:/opt/ros/jazzy/opt/gz_sensors_vendor:/opt/ros/jazzy/opt/gz_physics_vendor:/opt/ros/jazzy/opt/sdformat_vendor:/opt/ros/jazzy/opt/gz_gui_vendor:/opt/ros/jazzy/opt/gz_transport_vendor:/opt/ros/jazzy/opt/gz_rendering_vendor:/opt/ros/jazzy/opt/gz_plugin_vendor:/opt/ros/jazzy/opt/gz_fuel_tools_vendor:/opt/ros/jazzy/opt/gz_msgs_vendor:/opt/ros/jazzy/opt/gz_common_vendor:/opt/ros/jazzy/opt/gz_math_vendor:/opt/ros/jazzy/opt/gz_utils_vendor:/opt/ros/jazzy/opt/gz_tools_vendor:/opt/ros/jazzy/opt/gz_ogre_next_vendor:/opt/ros/jazzy/opt/gz_dartsim_vendor:/opt/ros/jazzy/opt/gz_cmake_vendor:/opt/ros/jazzy DEBUGINFOD_URLS=https://debuginfod.ubuntu.com /usr/bin/cmake --build /home/hornet/Desktop/pathfollowingbot/build/pathbot_bringup -- -j16 -l16
[8.923s] DEBUG:colcon.colcon_core.event_handler.log_command:Invoking command in '/home/hornet/Desktop/pathfollowingbot/build/pathbot_bringup': AMENT_PREFIX_PATH=/home/hornet/Desktop/pathfollowingbot/install/pathbot_simulation:/home/hornet/Desktop/pathfollowingbot/install/pathbot_navigation:/home/hornet/Desktop/pathfollowingbot/install/pathbot_nodes:/home/hornet/Desktop/pathfollowingbot/install/pathbot_description:/home/hornet/Desktop/pathfollowingbot/install/pathbot_control:${AMENT_PREFIX_PATH} CMAKE_PREFIX_PATH=/home/hornet/Desktop/pathfollowingbot/install/pathbot_simulation:/home/hornet/Desktop/pathfollowingbot/install/pathbot_navigation:/home/hornet/Desktop/pathfollowingbot/install/pathbot_nodes:/home/hornet/Desktop/pathfollowingbot/install/pathbot_description:/home/hornet/Desktop/pathfollowingbot/install/pathbot_control:/opt/ros/jazzy/opt/gz_sim_vendor:/opt/ros/jazzy/opt/gz_sensors_vendor:/opt/ros/jazzy/opt/gz_physics_vendor:/opt/ros/jazzy/opt/sdformat_vendor:/opt/ros/jazzy/opt/gz_gui_vendor:/opt/ros/jazzy/opt/gz_transport_vendor:/opt/ros/jazzy/opt/gz_rendering_vendor:/opt/ros/jazzy/opt/gz_plugin_vendor:/opt/ros/jazzy/opt/gz_fuel_tools_vendor:/opt/ros/jazzy/opt/gz_msgs_vendor:/opt/ros/jazzy/opt/gz_common_vendor:/opt/ros/jazzy/opt/gz_math_vendor:/opt/ros/jazzy/opt/gz_utils_vendor:/opt/ros/jazzy/opt/gz_tools_vendor:/opt/ros/jazzy/opt/gz_ogre_next_vendor:/opt/ros/jazzy/opt/gz_dartsim_vendor:/opt/ros/jazzy/opt/gz_cmake_vendor:/opt/ros/jazzy DEBUGINFOD_URLS=https://debuginfod.ubuntu.com /usr/bin/cmake --install /home/hornet/Desktop/pathfollowingbot/build/pathbot_bringup
[8.932s] Level 1:colcon.colcon_core.environment:create_environment_scripts_only(pathbot_bringup)
[8.932s] Level 1:colcon.colcon_core.environment:checking '/home/hornet/Desktop/pathfollowingbot/install/pathbot_bringup' for CMake module files
[8.932s] DEBUG:colcon.colcon_core.event_handler.log_command:Invoked command in '/home/hornet/Desktop/pathfollowingbot/build/pathbot_bringup' returned '0': AMENT_PREFIX_PATH=/home/hornet/Desktop/pathfollowingbot/install/pathbot_simulation:/home/hornet/Desktop/pathfollowingbot/install/pathbot_navigation:/home/hornet/Desktop/pathfollowingbot/install/pathbot_nodes:/home/hornet/Desktop/pathfollowingbot/install/pathbot_description:/home/hornet/Desktop/pathfollowingbot/install/pathbot_control:${AMENT_PREFIX_PATH} CMAKE_PREFIX_PATH=/home/hornet/Desktop/pathfollowingbot/install/pathbot_simulation:/home/hornet/Desktop/pathfollowingbot/install/pathbot_navigation:/home/hornet/Desktop/pathfollowingbot/install/pathbot_nodes:/home/hornet/Desktop/pathfollowingbot/install/pathbot_description:/home/hornet/Desktop/pathfollowingbot/install/pathbot_control:/opt/ros/jazzy/opt/gz_sim_vendor:/opt/ros/jazzy/opt/gz_sensors_vendor:/opt/ros/jazzy/opt/gz_physics_vendor:/opt/ros/jazzy/opt/sdformat_vendor:/opt/ros/jazzy/opt/gz_gui_vendor:/opt/ros/jazzy/opt/gz_transport_vendor:/opt/ros/jazzy/opt/gz_rendering_vendor:/opt/ros/jazzy/opt/gz_plugin_vendor:/opt/ros/jazzy/opt/gz_fuel_tools_vendor:/opt/ros/jazzy/opt/gz_msgs_vendor:/opt/ros/jazzy/opt/gz_common_vendor:/opt/ros/jazzy/opt/gz_math_vendor:/opt/ros/jazzy/opt/gz_utils_vendor:/opt/ros/jazzy/opt/gz_tools_vendor:/opt/ros/jazzy/opt/gz_ogre_next_vendor:/opt/ros/jazzy/opt/gz_dartsim_vendor:/opt/ros/jazzy/opt/gz_cmake_vendor:/opt/ros/jazzy DEBUGINFOD_URLS=https://debuginfod.ubuntu.com /usr/bin/cmake --install /home/hornet/Desktop/pathfollowingbot/build/pathbot_bringup
[8.932s] Level 1:colcon.colcon_core.environment:checking '/home/hornet/Desktop/pathfollowingbot/install/pathbot_bringup' for CMake config files
[8.932s] Level 1:colcon.colcon_core.shell:create_environment_hook('pathbot_bringup', 'cmake_prefix_path')
[8.932s] INFO:colcon.colcon_core.shell:Creating environment hook '/home/hornet/Desktop/pathfollowingbot/install/pathbot_bringup/share/pathbot_bringup/hook/cmake_prefix_path.ps1'
[8.933s] INFO:colcon.colcon_core.shell:Creating environment descriptor '/home/hornet/Desktop/pathfollowingbot/install/pathbot_bringup/share/pathbot_bringup/hook/cmake_prefix_path.dsv'
[8.933s] INFO:colcon.colcon_core.shell:Creating environment hook '/home/hornet/Desktop/pathfollowingbot/install/pathbot_bringup/share/pathbot_bringup/hook/cmake_prefix_path.sh'
[8.933s] Level 1:colcon.colcon_core.environment:checking '/home/hornet/Desktop/pathfollowingbot/install/pathbot_bringup/bin'
[8.933s] Level 1:colcon.colcon_core.environment:checking '/home/hornet/Desktop/pathfollowingbot/install/pathbot_bringup/lib/pkgconfig/pathbot_bringup.pc'
[8.934s] Level 1:colcon.colcon_core.environment:checking '/home/hornet/Desktop/pathfollowingbot/install/pathbot_bringup/lib/python3.12/site-packages'
[8.934s] Level 1:colcon.colcon_core.environment:checking '/home/hornet/Desktop/pathfollowingbot/install/pathbot_bringup/bin'
[8.934s] INFO:colcon.colcon_core.shell:Creating package script '/home/hornet/Desktop/pathfollowingbot/install/pathbot_bringup/share/pathbot_bringup/package.ps1'
[8.934s] INFO:colcon.colcon_core.shell:Creating package descriptor '/home/hornet/Desktop/pathfollowingbot/install/pathbot_bringup/share/pathbot_bringup/package.dsv'
[8.935s] INFO:colcon.colcon_core.shell:Creating package script '/home/hornet/Desktop/pathfollowingbot/install/pathbot_bringup/share/pathbot_bringup/package.sh'
[8.935s] INFO:colcon.colcon_core.shell:Creating package script '/home/hornet/Desktop/pathfollowingbot/install/pathbot_bringup/share/pathbot_bringup/package.bash'
[8.935s] INFO:colcon.colcon_core.shell:Creating package script '/home/hornet/Desktop/pathfollowingbot/install/pathbot_bringup/share/pathbot_bringup/package.zsh'
[8.935s] Level 1:colcon.colcon_core.environment:create_file_with_runtime_dependencies(/home/hornet/Desktop/pathfollowingbot/install/pathbot_bringup/share/colcon-core/packages/pathbot_bringup)
[8.936s] Level 1:colcon.colcon_core.environment:create_environment_scripts_only(pathbot_bringup)
[8.936s] Level 1:colcon.colcon_core.environment:checking '/home/hornet/Desktop/pathfollowingbot/install/pathbot_bringup' for CMake module files
[8.936s] Level 1:colcon.colcon_core.environment:checking '/home/hornet/Desktop/pathfollowingbot/install/pathbot_bringup' for CMake config files
[8.936s] Level 1:colcon.colcon_core.shell:create_environment_hook('pathbot_bringup', 'cmake_prefix_path')
[8.936s] INFO:colcon.colcon_core.shell:Creating environment hook '/home/hornet/Desktop/pathfollowingbot/install/pathbot_bringup/share/pathbot_bringup/hook/cmake_prefix_path.ps1'
[8.936s] INFO:colcon.colcon_core.shell:Creating environment descriptor '/home/hornet/Desktop/pathfollowingbot/install/pathbot_bringup/share/pathbot_bringup/hook/cmake_prefix_path.dsv'
[8.937s] INFO:colcon.colcon_core.shell:Creating environment hook '/home/hornet/Desktop/pathfollowingbot/install/pathbot_bringup/share/pathbot_bringup/hook/cmake_prefix_path.sh'
[8.937s] Level 1:colcon.colcon_core.environment:checking '/home/hornet/Desktop/pathfollowingbot/install/pathbot_bringup/bin'
[8.937s] Level 1:colcon.colcon_core.environment:checking '/home/hornet/Desktop/pathfollowingbot/install/pathbot_bringup/lib/pkgconfig/pathbot_bringup.pc'
[8.937s] Level 1:colcon.colcon_core.environment:checking '/home/hornet/Desktop/pathfollowingbot/install/pathbot_bringup/lib/python3.12/site-packages'
[8.937s] Level 1:colcon.colcon_core.environment:checking '/home/hornet/Desktop/pathfollowingbot/install/pathbot_bringup/bin'
[8.937s] INFO:colcon.colcon_core.shell:Creating package script '/home/hornet/Desktop/pathfollowingbot/install/pathbot_bringup/share/pathbot_bringup/package.ps1'
[8.938s] INFO:colcon.colcon_core.shell:Creating package descriptor '/home/hornet/Desktop/pathfollowingbot/install/pathbot_bringup/share/pathbot_bringup/package.dsv'
[8.938s] INFO:colcon.colcon_core.shell:Creating package script '/home/hornet/Desktop/pathfollowingbot/install/pathbot_bringup/share/pathbot_bringup/package.sh'
[8.938s] INFO:colcon.colcon_core.shell:Creating package script '/home/hornet/Desktop/pathfollowingbot/install/pathbot_bringup/share/pathbot_bringup/package.bash'
[8.938s] INFO:colcon.colcon_core.shell:Creating package script '/home/hornet/Desktop/pathfollowingbot/install/pathbot_bringup/share/pathbot_bringup/package.zsh'
[8.939s] Level 1:colcon.colcon_core.environment:create_file_with_runtime_dependencies(/home/hornet/Desktop/pathfollowingbot/install/pathbot_bringup/share/colcon-core/packages/pathbot_bringup)
[8.939s] DEBUG:colcon.colcon_parallel_executor.executor.parallel:closing loop
[8.939s] DEBUG:colcon.colcon_parallel_executor.executor.parallel:loop closed
[8.939s] DEBUG:colcon.colcon_parallel_executor.executor.parallel:run_until_complete finished with '0'
[8.939s] DEBUG:colcon.colcon_core.event_reactor:joining thread
[8.943s] INFO:colcon.colcon_core.plugin_system:Skipping extension 'colcon_notification.desktop_notification.terminal_notifier': Not used on non-Darwin systems
[8.943s] INFO:colcon.colcon_core.plugin_system:Skipping extension 'colcon_notification.desktop_notification.win32': Not used on non-Windows systems
[8.944s] INFO:colcon.colcon_notification.desktop_notification:Sending desktop notification using 'notify2'
[8.953s] DEBUG:colcon.colcon_core.event_reactor:joined thread
[8.954s] INFO:colcon.colcon_core.shell:Creating prefix script '/home/hornet/Desktop/pathfollowingbot/install/local_setup.ps1'
[8.954s] INFO:colcon.colcon_core.shell:Creating prefix util module '/home/hornet/Desktop/pathfollowingbot/install/_local_setup_util_ps1.py'
[8.955s] INFO:colcon.colcon_core.shell:Creating prefix chain script '/home/hornet/Desktop/pathfollowingbot/install/setup.ps1'
[8.956s] INFO:colcon.colcon_core.shell:Creating prefix script '/home/hornet/Desktop/pathfollowingbot/install/local_setup.sh'
[8.956s] INFO:colcon.colcon_core.shell:Creating prefix util module '/home/hornet/Desktop/pathfollowingbot/install/_local_setup_util_sh.py'
[8.956s] INFO:colcon.colcon_core.shell:Creating prefix chain script '/home/hornet/Desktop/pathfollowingbot/install/setup.sh'
[8.957s] INFO:colcon.colcon_core.shell:Creating prefix script '/home/hornet/Desktop/pathfollowingbot/install/local_setup.bash'
[8.957s] INFO:colcon.colcon_core.shell:Creating prefix chain script '/home/hornet/Desktop/pathfollowingbot/install/setup.bash'
[8.958s] INFO:colcon.colcon_core.shell:Creating prefix script '/home/hornet/Desktop/pathfollowingbot/install/local_setup.zsh'
[8.958s] INFO:colcon.colcon_core.shell:Creating prefix chain script '/home/hornet/Desktop/pathfollowingbot/install/setup.zsh'
