-- Found ament_cmake: 2.5.6 (/opt/ros/jazzy/share/ament_cmake/cmake)
-- Override CMake install command with custom implementation using symlinks instead of copying resources
-- Found rclcpp: 28.1.21 (/opt/ros/jazzy/share/rclcpp/cmake)
-- Found rosidl_generator_c: 4.6.9 (/opt/ros/jazzy/share/rosidl_generator_c/cmake)
-- Found rosidl_generator_cpp: 4.6.9 (/opt/ros/jazzy/share/rosidl_generator_cpp/cmake)
-- Using all available rosidl_typesupport_c: rosidl_typesupport_fastrtps_c;rosidl_typesupport_introspection_c
-- Using all available rosidl_typesupport_cpp: rosidl_typesupport_fastrtps_cpp;rosidl_typesupport_introspection_cpp
-- Found rmw_implementation_cmake: 7.3.3 (/opt/ros/jazzy/share/rmw_implementation_cmake/cmake)
-- Found rmw_fastrtps_cpp: 8.4.4 (/opt/ros/jazzy/share/rmw_fastrtps_cpp/cmake)
-- Using RMW implementation 'rmw_fastrtps_cpp' as default
-- Found sensor_msgs: 5.3.8 (/opt/ros/jazzy/share/sensor_msgs/cmake)
-- Found ament_lint_auto: 0.17.5 (/opt/ros/jazzy/share/ament_lint_auto/cmake)
-- Added test 'cppcheck' to perform static code analysis on C / C++ code
-- Configured cppcheck include dirs: 
-- Configured cppcheck exclude dirs and/or files: 
-- Added test 'lint_cmake' to check CMake code style
-- Added test 'uncrustify' to check C / C++ code style
-- Configured uncrustify additional arguments: 
-- Added test 'xmllint' to check XML markup files
-- Configuring done (0.5s)
-- Generating done (0.0s)
-- Build files have been written to: /home/hornet/Desktop/pathfollowingbot/build/pathbot_nodes
[ 50%] [32m[1mLinking CXX executable scan_frame_corrector[0m
[100%] Built target scan_frame_corrector
-- Install configuration: ""
-- Execute custom install script
-- Symlinking: /home/hornet/Desktop/pathfollowingbot/install/pathbot_nodes/lib/pathbot_nodes/scan_frame_corrector
-- Symlinking: /home/hornet/Desktop/pathfollowingbot/install/pathbot_nodes/share/ament_index/resource_index/package_run_dependencies/pathbot_nodes
-- Symlinking: /home/hornet/Desktop/pathfollowingbot/install/pathbot_nodes/share/ament_index/resource_index/parent_prefix_path/pathbot_nodes
-- Symlinking: /home/hornet/Desktop/pathfollowingbot/install/pathbot_nodes/share/pathbot_nodes/environment/ament_prefix_path.sh
-- Symlinking: /home/hornet/Desktop/pathfollowingbot/install/pathbot_nodes/share/pathbot_nodes/environment/ament_prefix_path.dsv
-- Symlinking: /home/hornet/Desktop/pathfollowingbot/install/pathbot_nodes/share/pathbot_nodes/environment/path.sh
-- Symlinking: /home/hornet/Desktop/pathfollowingbot/install/pathbot_nodes/share/pathbot_nodes/environment/path.dsv
-- Symlinking: /home/hornet/Desktop/pathfollowingbot/install/pathbot_nodes/share/pathbot_nodes/local_setup.bash
-- Symlinking: /home/hornet/Desktop/pathfollowingbot/install/pathbot_nodes/share/pathbot_nodes/local_setup.sh
-- Symlinking: /home/hornet/Desktop/pathfollowingbot/install/pathbot_nodes/share/pathbot_nodes/local_setup.zsh
-- Symlinking: /home/hornet/Desktop/pathfollowingbot/install/pathbot_nodes/share/pathbot_nodes/local_setup.dsv
-- Symlinking: /home/hornet/Desktop/pathfollowingbot/install/pathbot_nodes/share/pathbot_nodes/package.dsv
-- Symlinking: /home/hornet/Desktop/pathfollowingbot/install/pathbot_nodes/share/ament_index/resource_index/packages/pathbot_nodes
-- Symlinking: /home/hornet/Desktop/pathfollowingbot/install/pathbot_nodes/share/pathbot_nodes/cmake/pathbot_nodesConfig.cmake
-- Symlinking: /home/hornet/Desktop/pathfollowingbot/install/pathbot_nodes/share/pathbot_nodes/cmake/pathbot_nodesConfig-version.cmake
-- Symlinking: /home/hornet/Desktop/pathfollowingbot/install/pathbot_nodes/share/pathbot_nodes/package.xml
