[0.109s] DEBUG:colcon:Command line arguments: ['/usr/bin/colcon', 'build']
[0.109s] DEBUG:colcon:Parsed command line arguments: Namespace(log_base=None, log_level=None, verb_name='build', build_base='build', install_base='install', merge_install=False, symlink_install=False, test_result_base=None, continue_on_error=False, executor='parallel', parallel_workers=16, event_handlers=None, ignore_user_meta=False, metas=['./colcon.meta'], base_paths=['.'], packages_ignore=None, packages_ignore_regex=None, paths=None, packages_up_to=None, packages_up_to_regex=None, packages_above=None, packages_above_and_dependencies=None, packages_above_depth=None, packages_select_by_dep=None, packages_skip_by_dep=None, packages_skip_up_to=None, packages_select_build_failed=False, packages_skip_build_finished=False, packages_select_test_failures=False, packages_skip_test_passed=False, packages_select=None, packages_skip=None, packages_select_regex=None, packages_skip_regex=None, packages_start=None, packages_end=None, allow_overriding=[], cmake_args=None, cmake_target=None, cmake_target_skip_unavailable=False, cmake_clean_cache=False, cmake_clean_first=False, cmake_force_configure=False, ament_cmake_args=None, catkin_cmake_args=None, catkin_skip_building_tests=False, mixin_files=None, mixin=None, verb_parser=<colcon_mixin.mixin.mixin_argument.MixinArgumentDecorator object at 0x7b0e42397260>, verb_extension=<colcon_core.verb.build.BuildVerb object at 0x7b0e423970b0>, main=<bound method BuildVerb.main of <colcon_core.verb.build.BuildVerb object at 0x7b0e423970b0>>, mixin_verb=('build',))
[0.139s] Level 1:colcon.colcon_core.package_discovery:discover_packages(colcon_meta) check parameters
[0.139s] Level 1:colcon.colcon_core.package_discovery:discover_packages(recursive) check parameters
[0.139s] Level 1:colcon.colcon_core.package_discovery:discover_packages(ignore) check parameters
[0.139s] Level 1:colcon.colcon_core.package_discovery:discover_packages(path) check parameters
[0.139s] Level 1:colcon.colcon_core.package_discovery:discover_packages(colcon_meta) discover
[0.139s] Level 1:colcon.colcon_core.package_discovery:discover_packages(recursive) discover
[0.139s] INFO:colcon.colcon_core.package_discovery:Crawling recursively for packages in '/home/hornet/Desktop/pathfollowingbot'
[0.139s] Level 1:colcon.colcon_core.package_identification:_identify(.) by extensions ['ignore', 'ignore_ament_install']
[0.139s] Level 1:colcon.colcon_core.package_identification:_identify(.) by extension 'ignore'
[0.140s] Level 1:colcon.colcon_core.package_identification:_identify(.) by extension 'ignore_ament_install'
[0.140s] Level 1:colcon.colcon_core.package_identification:_identify(.) by extensions ['colcon_pkg']
[0.140s] Level 1:colcon.colcon_core.package_identification:_identify(.) by extension 'colcon_pkg'
[0.140s] Level 1:colcon.colcon_core.package_identification:_identify(.) by extensions ['colcon_meta']
[0.140s] Level 1:colcon.colcon_core.package_identification:_identify(.) by extension 'colcon_meta'
[0.140s] Level 1:colcon.colcon_core.package_identification:_identify(.) by extensions ['ros']
[0.140s] Level 1:colcon.colcon_core.package_identification:_identify(.) by extension 'ros'
[0.161s] Level 1:colcon.colcon_core.package_identification:_identify(.) by extensions ['cmake', 'python']
[0.161s] Level 1:colcon.colcon_core.package_identification:_identify(.) by extension 'cmake'
[0.161s] Level 1:colcon.colcon_core.package_identification:_identify(.) by extension 'python'
[0.161s] Level 1:colcon.colcon_core.package_identification:_identify(.) by extensions ['python_setup_py']
[0.161s] Level 1:colcon.colcon_core.package_identification:_identify(.) by extension 'python_setup_py'
[0.161s] Level 1:colcon.colcon_core.package_identification:_identify(build) by extensions ['ignore', 'ignore_ament_install']
[0.161s] Level 1:colcon.colcon_core.package_identification:_identify(build) by extension 'ignore'
[0.161s] Level 1:colcon.colcon_core.package_identification:_identify(build) ignored
[0.161s] Level 1:colcon.colcon_core.package_identification:_identify(install) by extensions ['ignore', 'ignore_ament_install']
[0.161s] Level 1:colcon.colcon_core.package_identification:_identify(install) by extension 'ignore'
[0.161s] Level 1:colcon.colcon_core.package_identification:_identify(install) ignored
[0.162s] Level 1:colcon.colcon_core.package_identification:_identify(log) by extensions ['ignore', 'ignore_ament_install']
[0.162s] Level 1:colcon.colcon_core.package_identification:_identify(log) by extension 'ignore'
[0.162s] Level 1:colcon.colcon_core.package_identification:_identify(log) ignored
[0.162s] Level 1:colcon.colcon_core.package_identification:_identify(src) by extensions ['ignore', 'ignore_ament_install']
[0.162s] Level 1:colcon.colcon_core.package_identification:_identify(src) by extension 'ignore'
[0.162s] Level 1:colcon.colcon_core.package_identification:_identify(src) by extension 'ignore_ament_install'
[0.162s] Level 1:colcon.colcon_core.package_identification:_identify(src) by extensions ['colcon_pkg']
[0.162s] Level 1:colcon.colcon_core.package_identification:_identify(src) by extension 'colcon_pkg'
[0.162s] Level 1:colcon.colcon_core.package_identification:_identify(src) by extensions ['colcon_meta']
[0.162s] Level 1:colcon.colcon_core.package_identification:_identify(src) by extension 'colcon_meta'
[0.162s] Level 1:colcon.colcon_core.package_identification:_identify(src) by extensions ['ros']
[0.162s] Level 1:colcon.colcon_core.package_identification:_identify(src) by extension 'ros'
[0.162s] Level 1:colcon.colcon_core.package_identification:_identify(src) by extensions ['cmake', 'python']
[0.162s] Level 1:colcon.colcon_core.package_identification:_identify(src) by extension 'cmake'
[0.162s] Level 1:colcon.colcon_core.package_identification:_identify(src) by extension 'python'
[0.162s] Level 1:colcon.colcon_core.package_identification:_identify(src) by extensions ['python_setup_py']
[0.162s] Level 1:colcon.colcon_core.package_identification:_identify(src) by extension 'python_setup_py'
[0.162s] Level 1:colcon.colcon_core.package_identification:_identify(src/pathbot_bringup) by extensions ['ignore', 'ignore_ament_install']
[0.162s] Level 1:colcon.colcon_core.package_identification:_identify(src/pathbot_bringup) by extension 'ignore'
[0.162s] Level 1:colcon.colcon_core.package_identification:_identify(src/pathbot_bringup) by extension 'ignore_ament_install'
[0.162s] Level 1:colcon.colcon_core.package_identification:_identify(src/pathbot_bringup) by extensions ['colcon_pkg']
[0.162s] Level 1:colcon.colcon_core.package_identification:_identify(src/pathbot_bringup) by extension 'colcon_pkg'
[0.162s] Level 1:colcon.colcon_core.package_identification:_identify(src/pathbot_bringup) by extensions ['colcon_meta']
[0.162s] Level 1:colcon.colcon_core.package_identification:_identify(src/pathbot_bringup) by extension 'colcon_meta'
[0.162s] Level 1:colcon.colcon_core.package_identification:_identify(src/pathbot_bringup) by extensions ['ros']
[0.162s] Level 1:colcon.colcon_core.package_identification:_identify(src/pathbot_bringup) by extension 'ros'
[0.164s] DEBUG:colcon.colcon_core.package_identification:Package 'src/pathbot_bringup' with type 'ros.ament_cmake' and name 'pathbot_bringup'
[0.164s] Level 1:colcon.colcon_core.package_identification:_identify(src/pathbot_control) by extensions ['ignore', 'ignore_ament_install']
[0.164s] Level 1:colcon.colcon_core.package_identification:_identify(src/pathbot_control) by extension 'ignore'
[0.165s] Level 1:colcon.colcon_core.package_identification:_identify(src/pathbot_control) by extension 'ignore_ament_install'
[0.165s] Level 1:colcon.colcon_core.package_identification:_identify(src/pathbot_control) by extensions ['colcon_pkg']
[0.165s] Level 1:colcon.colcon_core.package_identification:_identify(src/pathbot_control) by extension 'colcon_pkg'
[0.165s] Level 1:colcon.colcon_core.package_identification:_identify(src/pathbot_control) by extensions ['colcon_meta']
[0.165s] Level 1:colcon.colcon_core.package_identification:_identify(src/pathbot_control) by extension 'colcon_meta'
[0.165s] Level 1:colcon.colcon_core.package_identification:_identify(src/pathbot_control) by extensions ['ros']
[0.165s] Level 1:colcon.colcon_core.package_identification:_identify(src/pathbot_control) by extension 'ros'
[0.165s] DEBUG:colcon.colcon_core.package_identification:Package 'src/pathbot_control' with type 'ros.ament_cmake' and name 'pathbot_control'
[0.165s] Level 1:colcon.colcon_core.package_identification:_identify(src/pathbot_description) by extensions ['ignore', 'ignore_ament_install']
[0.165s] Level 1:colcon.colcon_core.package_identification:_identify(src/pathbot_description) by extension 'ignore'
[0.165s] Level 1:colcon.colcon_core.package_identification:_identify(src/pathbot_description) by extension 'ignore_ament_install'
[0.165s] Level 1:colcon.colcon_core.package_identification:_identify(src/pathbot_description) by extensions ['colcon_pkg']
[0.165s] Level 1:colcon.colcon_core.package_identification:_identify(src/pathbot_description) by extension 'colcon_pkg'
[0.165s] Level 1:colcon.colcon_core.package_identification:_identify(src/pathbot_description) by extensions ['colcon_meta']
[0.165s] Level 1:colcon.colcon_core.package_identification:_identify(src/pathbot_description) by extension 'colcon_meta'
[0.165s] Level 1:colcon.colcon_core.package_identification:_identify(src/pathbot_description) by extensions ['ros']
[0.165s] Level 1:colcon.colcon_core.package_identification:_identify(src/pathbot_description) by extension 'ros'
[0.166s] DEBUG:colcon.colcon_core.package_identification:Package 'src/pathbot_description' with type 'ros.ament_cmake' and name 'pathbot_description'
[0.166s] Level 1:colcon.colcon_core.package_identification:_identify(src/pathbot_navigation) by extensions ['ignore', 'ignore_ament_install']
[0.166s] Level 1:colcon.colcon_core.package_identification:_identify(src/pathbot_navigation) by extension 'ignore'
[0.166s] Level 1:colcon.colcon_core.package_identification:_identify(src/pathbot_navigation) by extension 'ignore_ament_install'
[0.166s] Level 1:colcon.colcon_core.package_identification:_identify(src/pathbot_navigation) by extensions ['colcon_pkg']
[0.166s] Level 1:colcon.colcon_core.package_identification:_identify(src/pathbot_navigation) by extension 'colcon_pkg'
[0.166s] Level 1:colcon.colcon_core.package_identification:_identify(src/pathbot_navigation) by extensions ['colcon_meta']
[0.166s] Level 1:colcon.colcon_core.package_identification:_identify(src/pathbot_navigation) by extension 'colcon_meta'
[0.166s] Level 1:colcon.colcon_core.package_identification:_identify(src/pathbot_navigation) by extensions ['ros']
[0.166s] Level 1:colcon.colcon_core.package_identification:_identify(src/pathbot_navigation) by extension 'ros'
[0.166s] DEBUG:colcon.colcon_core.package_identification:Package 'src/pathbot_navigation' with type 'ros.ament_cmake' and name 'pathbot_navigation'
[0.167s] Level 1:colcon.colcon_core.package_identification:_identify(src/pathbot_nodes) by extensions ['ignore', 'ignore_ament_install']
[0.167s] Level 1:colcon.colcon_core.package_identification:_identify(src/pathbot_nodes) by extension 'ignore'
[0.167s] Level 1:colcon.colcon_core.package_identification:_identify(src/pathbot_nodes) by extension 'ignore_ament_install'
[0.167s] Level 1:colcon.colcon_core.package_identification:_identify(src/pathbot_nodes) by extensions ['colcon_pkg']
[0.167s] Level 1:colcon.colcon_core.package_identification:_identify(src/pathbot_nodes) by extension 'colcon_pkg'
[0.167s] Level 1:colcon.colcon_core.package_identification:_identify(src/pathbot_nodes) by extensions ['colcon_meta']
[0.167s] Level 1:colcon.colcon_core.package_identification:_identify(src/pathbot_nodes) by extension 'colcon_meta'
[0.167s] Level 1:colcon.colcon_core.package_identification:_identify(src/pathbot_nodes) by extensions ['ros']
[0.167s] Level 1:colcon.colcon_core.package_identification:_identify(src/pathbot_nodes) by extension 'ros'
[0.167s] DEBUG:colcon.colcon_core.package_identification:Package 'src/pathbot_nodes' with type 'ros.ament_cmake' and name 'pathbot_nodes'
[0.167s] Level 1:colcon.colcon_core.package_identification:_identify(src/pathbot_simulation) by extensions ['ignore', 'ignore_ament_install']
[0.167s] Level 1:colcon.colcon_core.package_identification:_identify(src/pathbot_simulation) by extension 'ignore'
[0.167s] Level 1:colcon.colcon_core.package_identification:_identify(src/pathbot_simulation) by extension 'ignore_ament_install'
[0.167s] Level 1:colcon.colcon_core.package_identification:_identify(src/pathbot_simulation) by extensions ['colcon_pkg']
[0.167s] Level 1:colcon.colcon_core.package_identification:_identify(src/pathbot_simulation) by extension 'colcon_pkg'
[0.167s] Level 1:colcon.colcon_core.package_identification:_identify(src/pathbot_simulation) by extensions ['colcon_meta']
[0.167s] Level 1:colcon.colcon_core.package_identification:_identify(src/pathbot_simulation) by extension 'colcon_meta'
[0.167s] Level 1:colcon.colcon_core.package_identification:_identify(src/pathbot_simulation) by extensions ['ros']
[0.167s] Level 1:colcon.colcon_core.package_identification:_identify(src/pathbot_simulation) by extension 'ros'
[0.168s] DEBUG:colcon.colcon_core.package_identification:Package 'src/pathbot_simulation' with type 'ros.ament_cmake' and name 'pathbot_simulation'
[0.168s] Level 1:colcon.colcon_core.package_discovery:discover_packages(recursive) using defaults
[0.168s] Level 1:colcon.colcon_core.package_discovery:discover_packages(ignore) discover
[0.168s] Level 1:colcon.colcon_core.package_discovery:discover_packages(ignore) using defaults
[0.168s] Level 1:colcon.colcon_core.package_discovery:discover_packages(path) discover
[0.168s] Level 1:colcon.colcon_core.package_discovery:discover_packages(path) using defaults
[0.184s] Level 1:colcon.colcon_core.package_discovery:discover_packages(prefix_path) check parameters
[0.184s] Level 1:colcon.colcon_core.package_discovery:discover_packages(prefix_path) discover
[0.186s] DEBUG:colcon.colcon_installed_package_information.package_discovery:Found 431 installed packages in /opt/ros/jazzy
[0.187s] Level 1:colcon.colcon_core.package_discovery:discover_packages(prefix_path) using defaults
[0.226s] Level 5:colcon.colcon_core.verb:set package 'pathbot_control' build argument 'cmake_args' from command line to 'None'
[0.226s] Level 5:colcon.colcon_core.verb:set package 'pathbot_control' build argument 'cmake_target' from command line to 'None'
[0.226s] Level 5:colcon.colcon_core.verb:set package 'pathbot_control' build argument 'cmake_target_skip_unavailable' from command line to 'False'
[0.226s] Level 5:colcon.colcon_core.verb:set package 'pathbot_control' build argument 'cmake_clean_cache' from command line to 'False'
[0.226s] Level 5:colcon.colcon_core.verb:set package 'pathbot_control' build argument 'cmake_clean_first' from command line to 'False'
[0.226s] Level 5:colcon.colcon_core.verb:set package 'pathbot_control' build argument 'cmake_force_configure' from command line to 'False'
[0.226s] Level 5:colcon.colcon_core.verb:set package 'pathbot_control' build argument 'ament_cmake_args' from command line to 'None'
[0.226s] Level 5:colcon.colcon_core.verb:set package 'pathbot_control' build argument 'catkin_cmake_args' from command line to 'None'
[0.226s] Level 5:colcon.colcon_core.verb:set package 'pathbot_control' build argument 'catkin_skip_building_tests' from command line to 'False'
[0.226s] DEBUG:colcon.colcon_core.verb:Building package 'pathbot_control' with the following arguments: {'ament_cmake_args': None, 'build_base': '/home/hornet/Desktop/pathfollowingbot/build/pathbot_control', 'catkin_cmake_args': None, 'catkin_skip_building_tests': False, 'cmake_args': None, 'cmake_clean_cache': False, 'cmake_clean_first': False, 'cmake_force_configure': False, 'cmake_target': None, 'cmake_target_skip_unavailable': False, 'install_base': '/home/hornet/Desktop/pathfollowingbot/install/pathbot_control', 'merge_install': False, 'path': '/home/hornet/Desktop/pathfollowingbot/src/pathbot_control', 'symlink_install': False, 'test_result_base': None}
[0.226s] Level 5:colcon.colcon_core.verb:set package 'pathbot_description' build argument 'cmake_args' from command line to 'None'
[0.226s] Level 5:colcon.colcon_core.verb:set package 'pathbot_description' build argument 'cmake_target' from command line to 'None'
[0.226s] Level 5:colcon.colcon_core.verb:set package 'pathbot_description' build argument 'cmake_target_skip_unavailable' from command line to 'False'
[0.226s] Level 5:colcon.colcon_core.verb:set package 'pathbot_description' build argument 'cmake_clean_cache' from command line to 'False'
[0.226s] Level 5:colcon.colcon_core.verb:set package 'pathbot_description' build argument 'cmake_clean_first' from command line to 'False'
[0.226s] Level 5:colcon.colcon_core.verb:set package 'pathbot_description' build argument 'cmake_force_configure' from command line to 'False'
[0.226s] Level 5:colcon.colcon_core.verb:set package 'pathbot_description' build argument 'ament_cmake_args' from command line to 'None'
[0.226s] Level 5:colcon.colcon_core.verb:set package 'pathbot_description' build argument 'catkin_cmake_args' from command line to 'None'
[0.226s] Level 5:colcon.colcon_core.verb:set package 'pathbot_description' build argument 'catkin_skip_building_tests' from command line to 'False'
[0.226s] DEBUG:colcon.colcon_core.verb:Building package 'pathbot_description' with the following arguments: {'ament_cmake_args': None, 'build_base': '/home/hornet/Desktop/pathfollowingbot/build/pathbot_description', 'catkin_cmake_args': None, 'catkin_skip_building_tests': False, 'cmake_args': None, 'cmake_clean_cache': False, 'cmake_clean_first': False, 'cmake_force_configure': False, 'cmake_target': None, 'cmake_target_skip_unavailable': False, 'install_base': '/home/hornet/Desktop/pathfollowingbot/install/pathbot_description', 'merge_install': False, 'path': '/home/hornet/Desktop/pathfollowingbot/src/pathbot_description', 'symlink_install': False, 'test_result_base': None}
[0.226s] Level 5:colcon.colcon_core.verb:set package 'pathbot_nodes' build argument 'cmake_args' from command line to 'None'
[0.226s] Level 5:colcon.colcon_core.verb:set package 'pathbot_nodes' build argument 'cmake_target' from command line to 'None'
[0.226s] Level 5:colcon.colcon_core.verb:set package 'pathbot_nodes' build argument 'cmake_target_skip_unavailable' from command line to 'False'
[0.226s] Level 5:colcon.colcon_core.verb:set package 'pathbot_nodes' build argument 'cmake_clean_cache' from command line to 'False'
[0.226s] Level 5:colcon.colcon_core.verb:set package 'pathbot_nodes' build argument 'cmake_clean_first' from command line to 'False'
[0.226s] Level 5:colcon.colcon_core.verb:set package 'pathbot_nodes' build argument 'cmake_force_configure' from command line to 'False'
[0.227s] Level 5:colcon.colcon_core.verb:set package 'pathbot_nodes' build argument 'ament_cmake_args' from command line to 'None'
[0.227s] Level 5:colcon.colcon_core.verb:set package 'pathbot_nodes' build argument 'catkin_cmake_args' from command line to 'None'
[0.227s] Level 5:colcon.colcon_core.verb:set package 'pathbot_nodes' build argument 'catkin_skip_building_tests' from command line to 'False'
[0.227s] DEBUG:colcon.colcon_core.verb:Building package 'pathbot_nodes' with the following arguments: {'ament_cmake_args': None, 'build_base': '/home/hornet/Desktop/pathfollowingbot/build/pathbot_nodes', 'catkin_cmake_args': None, 'catkin_skip_building_tests': False, 'cmake_args': None, 'cmake_clean_cache': False, 'cmake_clean_first': False, 'cmake_force_configure': False, 'cmake_target': None, 'cmake_target_skip_unavailable': False, 'install_base': '/home/hornet/Desktop/pathfollowingbot/install/pathbot_nodes', 'merge_install': False, 'path': '/home/hornet/Desktop/pathfollowingbot/src/pathbot_nodes', 'symlink_install': False, 'test_result_base': None}
[0.227s] Level 5:colcon.colcon_core.verb:set package 'pathbot_navigation' build argument 'cmake_args' from command line to 'None'
[0.227s] Level 5:colcon.colcon_core.verb:set package 'pathbot_navigation' build argument 'cmake_target' from command line to 'None'
[0.227s] Level 5:colcon.colcon_core.verb:set package 'pathbot_navigation' build argument 'cmake_target_skip_unavailable' from command line to 'False'
[0.227s] Level 5:colcon.colcon_core.verb:set package 'pathbot_navigation' build argument 'cmake_clean_cache' from command line to 'False'
[0.227s] Level 5:colcon.colcon_core.verb:set package 'pathbot_navigation' build argument 'cmake_clean_first' from command line to 'False'
[0.227s] Level 5:colcon.colcon_core.verb:set package 'pathbot_navigation' build argument 'cmake_force_configure' from command line to 'False'
[0.227s] Level 5:colcon.colcon_core.verb:set package 'pathbot_navigation' build argument 'ament_cmake_args' from command line to 'None'
[0.227s] Level 5:colcon.colcon_core.verb:set package 'pathbot_navigation' build argument 'catkin_cmake_args' from command line to 'None'
[0.227s] Level 5:colcon.colcon_core.verb:set package 'pathbot_navigation' build argument 'catkin_skip_building_tests' from command line to 'False'
[0.227s] DEBUG:colcon.colcon_core.verb:Building package 'pathbot_navigation' with the following arguments: {'ament_cmake_args': None, 'build_base': '/home/hornet/Desktop/pathfollowingbot/build/pathbot_navigation', 'catkin_cmake_args': None, 'catkin_skip_building_tests': False, 'cmake_args': None, 'cmake_clean_cache': False, 'cmake_clean_first': False, 'cmake_force_configure': False, 'cmake_target': None, 'cmake_target_skip_unavailable': False, 'install_base': '/home/hornet/Desktop/pathfollowingbot/install/pathbot_navigation', 'merge_install': False, 'path': '/home/hornet/Desktop/pathfollowingbot/src/pathbot_navigation', 'symlink_install': False, 'test_result_base': None}
[0.227s] Level 5:colcon.colcon_core.verb:set package 'pathbot_simulation' build argument 'cmake_args' from command line to 'None'
[0.227s] Level 5:colcon.colcon_core.verb:set package 'pathbot_simulation' build argument 'cmake_target' from command line to 'None'
[0.227s] Level 5:colcon.colcon_core.verb:set package 'pathbot_simulation' build argument 'cmake_target_skip_unavailable' from command line to 'False'
[0.227s] Level 5:colcon.colcon_core.verb:set package 'pathbot_simulation' build argument 'cmake_clean_cache' from command line to 'False'
[0.227s] Level 5:colcon.colcon_core.verb:set package 'pathbot_simulation' build argument 'cmake_clean_first' from command line to 'False'
[0.227s] Level 5:colcon.colcon_core.verb:set package 'pathbot_simulation' build argument 'cmake_force_configure' from command line to 'False'
[0.227s] Level 5:colcon.colcon_core.verb:set package 'pathbot_simulation' build argument 'ament_cmake_args' from command line to 'None'
[0.227s] Level 5:colcon.colcon_core.verb:set package 'pathbot_simulation' build argument 'catkin_cmake_args' from command line to 'None'
[0.227s] Level 5:colcon.colcon_core.verb:set package 'pathbot_simulation' build argument 'catkin_skip_building_tests' from command line to 'False'
[0.227s] DEBUG:colcon.colcon_core.verb:Building package 'pathbot_simulation' with the following arguments: {'ament_cmake_args': None, 'build_base': '/home/hornet/Desktop/pathfollowingbot/build/pathbot_simulation', 'catkin_cmake_args': None, 'catkin_skip_building_tests': False, 'cmake_args': None, 'cmake_clean_cache': False, 'cmake_clean_first': False, 'cmake_force_configure': False, 'cmake_target': None, 'cmake_target_skip_unavailable': False, 'install_base': '/home/hornet/Desktop/pathfollowingbot/install/pathbot_simulation', 'merge_install': False, 'path': '/home/hornet/Desktop/pathfollowingbot/src/pathbot_simulation', 'symlink_install': False, 'test_result_base': None}
[0.227s] Level 5:colcon.colcon_core.verb:set package 'pathbot_bringup' build argument 'cmake_args' from command line to 'None'
[0.227s] Level 5:colcon.colcon_core.verb:set package 'pathbot_bringup' build argument 'cmake_target' from command line to 'None'
[0.227s] Level 5:colcon.colcon_core.verb:set package 'pathbot_bringup' build argument 'cmake_target_skip_unavailable' from command line to 'False'
[0.227s] Level 5:colcon.colcon_core.verb:set package 'pathbot_bringup' build argument 'cmake_clean_cache' from command line to 'False'
[0.227s] Level 5:colcon.colcon_core.verb:set package 'pathbot_bringup' build argument 'cmake_clean_first' from command line to 'False'
[0.227s] Level 5:colcon.colcon_core.verb:set package 'pathbot_bringup' build argument 'cmake_force_configure' from command line to 'False'
[0.227s] Level 5:colcon.colcon_core.verb:set package 'pathbot_bringup' build argument 'ament_cmake_args' from command line to 'None'
[0.227s] Level 5:colcon.colcon_core.verb:set package 'pathbot_bringup' build argument 'catkin_cmake_args' from command line to 'None'
[0.227s] Level 5:colcon.colcon_core.verb:set package 'pathbot_bringup' build argument 'catkin_skip_building_tests' from command line to 'False'
[0.227s] DEBUG:colcon.colcon_core.verb:Building package 'pathbot_bringup' with the following arguments: {'ament_cmake_args': None, 'build_base': '/home/hornet/Desktop/pathfollowingbot/build/pathbot_bringup', 'catkin_cmake_args': None, 'catkin_skip_building_tests': False, 'cmake_args': None, 'cmake_clean_cache': False, 'cmake_clean_first': False, 'cmake_force_configure': False, 'cmake_target': None, 'cmake_target_skip_unavailable': False, 'install_base': '/home/hornet/Desktop/pathfollowingbot/install/pathbot_bringup', 'merge_install': False, 'path': '/home/hornet/Desktop/pathfollowingbot/src/pathbot_bringup', 'symlink_install': False, 'test_result_base': None}
[0.227s] INFO:colcon.colcon_core.executor:Executing jobs using 'parallel' executor
[0.228s] DEBUG:colcon.colcon_parallel_executor.executor.parallel:run_until_complete
[0.229s] INFO:colcon.colcon_ros.task.ament_cmake.build:Building ROS package in '/home/hornet/Desktop/pathfollowingbot/src/pathbot_description' with build type 'ament_cmake'
[0.229s] INFO:colcon.colcon_cmake.task.cmake.build:Building CMake package in '/home/hornet/Desktop/pathfollowingbot/src/pathbot_description'
[0.231s] INFO:colcon.colcon_core.plugin_system:Skipping extension 'colcon_core.shell.bat': Not used on non-Windows systems
[0.231s] INFO:colcon.colcon_core.shell:Skip shell extension 'powershell' for command environment: Not usable outside of PowerShell
[0.231s] DEBUG:colcon.colcon_core.shell:Skip shell extension 'dsv' for command environment
[0.233s] INFO:colcon.colcon_ros.task.ament_cmake.build:Building ROS package in '/home/hornet/Desktop/pathfollowingbot/src/pathbot_nodes' with build type 'ament_cmake'
[0.233s] INFO:colcon.colcon_cmake.task.cmake.build:Building CMake package in '/home/hornet/Desktop/pathfollowingbot/src/pathbot_nodes'
[0.233s] INFO:colcon.colcon_core.shell:Skip shell extension 'powershell' for command environment: Not usable outside of PowerShell
[0.233s] DEBUG:colcon.colcon_core.shell:Skip shell extension 'dsv' for command environment
[0.236s] INFO:colcon.colcon_ros.task.ament_cmake.build:Building ROS package in '/home/hornet/Desktop/pathfollowingbot/src/pathbot_control' with build type 'ament_cmake'
[0.236s] INFO:colcon.colcon_cmake.task.cmake.build:Building CMake package in '/home/hornet/Desktop/pathfollowingbot/src/pathbot_control'
[0.236s] INFO:colcon.colcon_core.shell:Skip shell extension 'powershell' for command environment: Not usable outside of PowerShell
[0.236s] DEBUG:colcon.colcon_core.shell:Skip shell extension 'dsv' for command environment
[0.240s] DEBUG:colcon.colcon_core.event_handler.log_command:Invoking command in '/home/hornet/Desktop/pathfollowingbot/build/pathbot_description': CMAKE_PREFIX_PATH=${CMAKE_PREFIX_PATH}:/opt/ros/jazzy DEBUGINFOD_URLS=https://debuginfod.ubuntu.com /usr/bin/cmake /home/hornet/Desktop/pathfollowingbot/src/pathbot_description -DCMAKE_INSTALL_PREFIX=/home/hornet/Desktop/pathfollowingbot/install/pathbot_description
[0.241s] DEBUG:colcon.colcon_core.event_handler.log_command:Invoking command in '/home/hornet/Desktop/pathfollowingbot/build/pathbot_nodes': CMAKE_PREFIX_PATH=${CMAKE_PREFIX_PATH}:/opt/ros/jazzy DEBUGINFOD_URLS=https://debuginfod.ubuntu.com /usr/bin/cmake /home/hornet/Desktop/pathfollowingbot/src/pathbot_nodes -DCMAKE_INSTALL_PREFIX=/home/hornet/Desktop/pathfollowingbot/install/pathbot_nodes
[0.243s] DEBUG:colcon.colcon_core.event_handler.log_command:Invoking command in '/home/hornet/Desktop/pathfollowingbot/build/pathbot_control': CMAKE_PREFIX_PATH=${CMAKE_PREFIX_PATH}:/opt/ros/jazzy DEBUGINFOD_URLS=https://debuginfod.ubuntu.com /usr/bin/cmake /home/hornet/Desktop/pathfollowingbot/src/pathbot_control -DCMAKE_INSTALL_PREFIX=/home/hornet/Desktop/pathfollowingbot/install/pathbot_control
[1.246s] DEBUG:colcon.colcon_core.event_handler.log_command:Invoked command in '/home/hornet/Desktop/pathfollowingbot/build/pathbot_description' returned '0': CMAKE_PREFIX_PATH=${CMAKE_PREFIX_PATH}:/opt/ros/jazzy DEBUGINFOD_URLS=https://debuginfod.ubuntu.com /usr/bin/cmake /home/hornet/Desktop/pathfollowingbot/src/pathbot_description -DCMAKE_INSTALL_PREFIX=/home/hornet/Desktop/pathfollowingbot/install/pathbot_description
[1.247s] DEBUG:colcon.colcon_core.event_handler.log_command:Invoking command in '/home/hornet/Desktop/pathfollowingbot/build/pathbot_description': CMAKE_PREFIX_PATH=${CMAKE_PREFIX_PATH}:/opt/ros/jazzy DEBUGINFOD_URLS=https://debuginfod.ubuntu.com /usr/bin/cmake --build /home/hornet/Desktop/pathfollowingbot/build/pathbot_description -- -j16 -l16
[1.259s] DEBUG:colcon.colcon_core.event_handler.log_command:Invoked command in '/home/hornet/Desktop/pathfollowingbot/build/pathbot_control' returned '0': CMAKE_PREFIX_PATH=${CMAKE_PREFIX_PATH}:/opt/ros/jazzy DEBUGINFOD_URLS=https://debuginfod.ubuntu.com /usr/bin/cmake /home/hornet/Desktop/pathfollowingbot/src/pathbot_control -DCMAKE_INSTALL_PREFIX=/home/hornet/Desktop/pathfollowingbot/install/pathbot_control
[1.260s] DEBUG:colcon.colcon_core.event_handler.log_command:Invoking command in '/home/hornet/Desktop/pathfollowingbot/build/pathbot_control': CMAKE_PREFIX_PATH=${CMAKE_PREFIX_PATH}:/opt/ros/jazzy DEBUGINFOD_URLS=https://debuginfod.ubuntu.com /usr/bin/cmake --build /home/hornet/Desktop/pathfollowingbot/build/pathbot_control -- -j16 -l16
[1.292s] DEBUG:colcon.colcon_core.event_handler.log_command:Invoked command in '/home/hornet/Desktop/pathfollowingbot/build/pathbot_description' returned '0': CMAKE_PREFIX_PATH=${CMAKE_PREFIX_PATH}:/opt/ros/jazzy DEBUGINFOD_URLS=https://debuginfod.ubuntu.com /usr/bin/cmake --build /home/hornet/Desktop/pathfollowingbot/build/pathbot_description -- -j16 -l16
[1.303s] DEBUG:colcon.colcon_core.event_handler.log_command:Invoking command in '/home/hornet/Desktop/pathfollowingbot/build/pathbot_description': CMAKE_PREFIX_PATH=${CMAKE_PREFIX_PATH}:/opt/ros/jazzy DEBUGINFOD_URLS=https://debuginfod.ubuntu.com /usr/bin/cmake --install /home/hornet/Desktop/pathfollowingbot/build/pathbot_description
[1.308s] DEBUG:colcon.colcon_core.event_handler.log_command:Invoked command in '/home/hornet/Desktop/pathfollowingbot/build/pathbot_control' returned '0': CMAKE_PREFIX_PATH=${CMAKE_PREFIX_PATH}:/opt/ros/jazzy DEBUGINFOD_URLS=https://debuginfod.ubuntu.com /usr/bin/cmake --build /home/hornet/Desktop/pathfollowingbot/build/pathbot_control -- -j16 -l16
[1.310s] DEBUG:colcon.colcon_core.event_handler.log_command:Invoking command in '/home/hornet/Desktop/pathfollowingbot/build/pathbot_control': CMAKE_PREFIX_PATH=${CMAKE_PREFIX_PATH}:/opt/ros/jazzy DEBUGINFOD_URLS=https://debuginfod.ubuntu.com /usr/bin/cmake --install /home/hornet/Desktop/pathfollowingbot/build/pathbot_control
[1.322s] Level 1:colcon.colcon_core.environment:create_environment_scripts_only(pathbot_description)
[1.323s] DEBUG:colcon.colcon_core.event_handler.log_command:Invoked command in '/home/hornet/Desktop/pathfollowingbot/build/pathbot_description' returned '0': CMAKE_PREFIX_PATH=${CMAKE_PREFIX_PATH}:/opt/ros/jazzy DEBUGINFOD_URLS=https://debuginfod.ubuntu.com /usr/bin/cmake --install /home/hornet/Desktop/pathfollowingbot/build/pathbot_description
[1.325s] Level 1:colcon.colcon_core.environment:checking '/home/hornet/Desktop/pathfollowingbot/install/pathbot_description' for CMake module files
[1.325s] Level 1:colcon.colcon_core.environment:checking '/home/hornet/Desktop/pathfollowingbot/install/pathbot_description' for CMake config files
[1.325s] Level 1:colcon.colcon_core.shell:create_environment_hook('pathbot_description', 'cmake_prefix_path')
[1.326s] INFO:colcon.colcon_core.shell:Creating environment hook '/home/hornet/Desktop/pathfollowingbot/install/pathbot_description/share/pathbot_description/hook/cmake_prefix_path.ps1'
[1.326s] INFO:colcon.colcon_core.shell:Creating environment descriptor '/home/hornet/Desktop/pathfollowingbot/install/pathbot_description/share/pathbot_description/hook/cmake_prefix_path.dsv'
[1.327s] INFO:colcon.colcon_core.shell:Creating environment hook '/home/hornet/Desktop/pathfollowingbot/install/pathbot_description/share/pathbot_description/hook/cmake_prefix_path.sh'
[1.328s] Level 1:colcon.colcon_core.environment:checking '/home/hornet/Desktop/pathfollowingbot/install/pathbot_description/bin'
[1.328s] Level 1:colcon.colcon_core.environment:checking '/home/hornet/Desktop/pathfollowingbot/install/pathbot_description/lib/pkgconfig/pathbot_description.pc'
[1.328s] Level 1:colcon.colcon_core.environment:checking '/home/hornet/Desktop/pathfollowingbot/install/pathbot_description/lib/python3.12/site-packages'
[1.328s] Level 1:colcon.colcon_core.environment:checking '/home/hornet/Desktop/pathfollowingbot/install/pathbot_description/bin'
[1.329s] INFO:colcon.colcon_core.shell:Creating package script '/home/hornet/Desktop/pathfollowingbot/install/pathbot_description/share/pathbot_description/package.ps1'
[1.329s] INFO:colcon.colcon_core.shell:Creating package descriptor '/home/hornet/Desktop/pathfollowingbot/install/pathbot_description/share/pathbot_description/package.dsv'
[1.330s] INFO:colcon.colcon_core.shell:Creating package script '/home/hornet/Desktop/pathfollowingbot/install/pathbot_description/share/pathbot_description/package.sh'
[1.330s] INFO:colcon.colcon_core.shell:Creating package script '/home/hornet/Desktop/pathfollowingbot/install/pathbot_description/share/pathbot_description/package.bash'
[1.331s] INFO:colcon.colcon_core.shell:Creating package script '/home/hornet/Desktop/pathfollowingbot/install/pathbot_description/share/pathbot_description/package.zsh'
[1.331s] Level 1:colcon.colcon_core.environment:create_file_with_runtime_dependencies(/home/hornet/Desktop/pathfollowingbot/install/pathbot_description/share/colcon-core/packages/pathbot_description)
[1.331s] Level 1:colcon.colcon_core.environment:create_environment_scripts_only(pathbot_description)
[1.332s] Level 1:colcon.colcon_core.environment:checking '/home/hornet/Desktop/pathfollowingbot/install/pathbot_description' for CMake module files
[1.332s] Level 1:colcon.colcon_core.environment:checking '/home/hornet/Desktop/pathfollowingbot/install/pathbot_description' for CMake config files
[1.332s] Level 1:colcon.colcon_core.shell:create_environment_hook('pathbot_description', 'cmake_prefix_path')
[1.332s] INFO:colcon.colcon_core.shell:Creating environment hook '/home/hornet/Desktop/pathfollowingbot/install/pathbot_description/share/pathbot_description/hook/cmake_prefix_path.ps1'
[1.333s] INFO:colcon.colcon_core.shell:Creating environment descriptor '/home/hornet/Desktop/pathfollowingbot/install/pathbot_description/share/pathbot_description/hook/cmake_prefix_path.dsv'
[1.333s] INFO:colcon.colcon_core.shell:Creating environment hook '/home/hornet/Desktop/pathfollowingbot/install/pathbot_description/share/pathbot_description/hook/cmake_prefix_path.sh'
[1.334s] Level 1:colcon.colcon_core.environment:checking '/home/hornet/Desktop/pathfollowingbot/install/pathbot_description/bin'
[1.334s] Level 1:colcon.colcon_core.environment:checking '/home/hornet/Desktop/pathfollowingbot/install/pathbot_description/lib/pkgconfig/pathbot_description.pc'
[1.334s] Level 1:colcon.colcon_core.environment:checking '/home/hornet/Desktop/pathfollowingbot/install/pathbot_description/lib/python3.12/site-packages'
[1.334s] Level 1:colcon.colcon_core.environment:checking '/home/hornet/Desktop/pathfollowingbot/install/pathbot_description/bin'
[1.335s] INFO:colcon.colcon_core.shell:Creating package script '/home/hornet/Desktop/pathfollowingbot/install/pathbot_description/share/pathbot_description/package.ps1'
[1.335s] INFO:colcon.colcon_core.shell:Creating package descriptor '/home/hornet/Desktop/pathfollowingbot/install/pathbot_description/share/pathbot_description/package.dsv'
[1.335s] INFO:colcon.colcon_core.shell:Creating package script '/home/hornet/Desktop/pathfollowingbot/install/pathbot_description/share/pathbot_description/package.sh'
[1.336s] INFO:colcon.colcon_core.shell:Creating package script '/home/hornet/Desktop/pathfollowingbot/install/pathbot_description/share/pathbot_description/package.bash'
[1.336s] INFO:colcon.colcon_core.shell:Creating package script '/home/hornet/Desktop/pathfollowingbot/install/pathbot_description/share/pathbot_description/package.zsh'
[1.336s] Level 1:colcon.colcon_core.environment:create_file_with_runtime_dependencies(/home/hornet/Desktop/pathfollowingbot/install/pathbot_description/share/colcon-core/packages/pathbot_description)
[1.336s] Level 1:colcon.colcon_core.environment:create_environment_scripts_only(pathbot_control)
[1.336s] Level 1:colcon.colcon_core.environment:checking '/home/hornet/Desktop/pathfollowingbot/install/pathbot_control' for CMake module files
[1.337s] DEBUG:colcon.colcon_core.event_handler.log_command:Invoked command in '/home/hornet/Desktop/pathfollowingbot/build/pathbot_control' returned '0': CMAKE_PREFIX_PATH=${CMAKE_PREFIX_PATH}:/opt/ros/jazzy DEBUGINFOD_URLS=https://debuginfod.ubuntu.com /usr/bin/cmake --install /home/hornet/Desktop/pathfollowingbot/build/pathbot_control
[1.338s] Level 1:colcon.colcon_core.environment:checking '/home/hornet/Desktop/pathfollowingbot/install/pathbot_control' for CMake config files
[1.338s] Level 1:colcon.colcon_core.shell:create_environment_hook('pathbot_control', 'cmake_prefix_path')
[1.338s] INFO:colcon.colcon_core.shell:Creating environment hook '/home/hornet/Desktop/pathfollowingbot/install/pathbot_control/share/pathbot_control/hook/cmake_prefix_path.ps1'
[1.338s] INFO:colcon.colcon_core.shell:Creating environment descriptor '/home/hornet/Desktop/pathfollowingbot/install/pathbot_control/share/pathbot_control/hook/cmake_prefix_path.dsv'
[1.338s] INFO:colcon.colcon_core.shell:Creating environment hook '/home/hornet/Desktop/pathfollowingbot/install/pathbot_control/share/pathbot_control/hook/cmake_prefix_path.sh'
[1.339s] Level 1:colcon.colcon_core.environment:checking '/home/hornet/Desktop/pathfollowingbot/install/pathbot_control/lib'
[1.339s] Level 1:colcon.colcon_core.environment:checking '/home/hornet/Desktop/pathfollowingbot/install/pathbot_control/bin'
[1.339s] Level 1:colcon.colcon_core.environment:checking '/home/hornet/Desktop/pathfollowingbot/install/pathbot_control/lib/pkgconfig/pathbot_control.pc'
[1.339s] Level 1:colcon.colcon_core.environment:checking '/home/hornet/Desktop/pathfollowingbot/install/pathbot_control/lib/python3.12/site-packages'
[1.339s] Level 1:colcon.colcon_core.environment:checking '/home/hornet/Desktop/pathfollowingbot/install/pathbot_control/bin'
[1.340s] INFO:colcon.colcon_core.shell:Creating package script '/home/hornet/Desktop/pathfollowingbot/install/pathbot_control/share/pathbot_control/package.ps1'
[1.340s] INFO:colcon.colcon_core.shell:Creating package descriptor '/home/hornet/Desktop/pathfollowingbot/install/pathbot_control/share/pathbot_control/package.dsv'
[1.341s] INFO:colcon.colcon_core.shell:Creating package script '/home/hornet/Desktop/pathfollowingbot/install/pathbot_control/share/pathbot_control/package.sh'
[1.341s] INFO:colcon.colcon_core.shell:Creating package script '/home/hornet/Desktop/pathfollowingbot/install/pathbot_control/share/pathbot_control/package.bash'
[1.342s] INFO:colcon.colcon_core.shell:Creating package script '/home/hornet/Desktop/pathfollowingbot/install/pathbot_control/share/pathbot_control/package.zsh'
[1.342s] Level 1:colcon.colcon_core.environment:create_file_with_runtime_dependencies(/home/hornet/Desktop/pathfollowingbot/install/pathbot_control/share/colcon-core/packages/pathbot_control)
[1.342s] Level 1:colcon.colcon_core.environment:create_environment_scripts_only(pathbot_control)
[1.342s] Level 1:colcon.colcon_core.environment:checking '/home/hornet/Desktop/pathfollowingbot/install/pathbot_control' for CMake module files
[1.343s] Level 1:colcon.colcon_core.environment:checking '/home/hornet/Desktop/pathfollowingbot/install/pathbot_control' for CMake config files
[1.343s] Level 1:colcon.colcon_core.shell:create_environment_hook('pathbot_control', 'cmake_prefix_path')
[1.343s] INFO:colcon.colcon_core.shell:Creating environment hook '/home/hornet/Desktop/pathfollowingbot/install/pathbot_control/share/pathbot_control/hook/cmake_prefix_path.ps1'
[1.343s] INFO:colcon.colcon_core.shell:Creating environment descriptor '/home/hornet/Desktop/pathfollowingbot/install/pathbot_control/share/pathbot_control/hook/cmake_prefix_path.dsv'
[1.343s] INFO:colcon.colcon_core.shell:Creating environment hook '/home/hornet/Desktop/pathfollowingbot/install/pathbot_control/share/pathbot_control/hook/cmake_prefix_path.sh'
[1.344s] Level 1:colcon.colcon_core.environment:checking '/home/hornet/Desktop/pathfollowingbot/install/pathbot_control/lib'
[1.344s] Level 1:colcon.colcon_core.environment:checking '/home/hornet/Desktop/pathfollowingbot/install/pathbot_control/bin'
[1.344s] Level 1:colcon.colcon_core.environment:checking '/home/hornet/Desktop/pathfollowingbot/install/pathbot_control/lib/pkgconfig/pathbot_control.pc'
[1.344s] Level 1:colcon.colcon_core.environment:checking '/home/hornet/Desktop/pathfollowingbot/install/pathbot_control/lib/python3.12/site-packages'
[1.344s] Level 1:colcon.colcon_core.environment:checking '/home/hornet/Desktop/pathfollowingbot/install/pathbot_control/bin'
[1.344s] INFO:colcon.colcon_core.shell:Creating package script '/home/hornet/Desktop/pathfollowingbot/install/pathbot_control/share/pathbot_control/package.ps1'
[1.345s] INFO:colcon.colcon_core.shell:Creating package descriptor '/home/hornet/Desktop/pathfollowingbot/install/pathbot_control/share/pathbot_control/package.dsv'
[1.345s] INFO:colcon.colcon_core.shell:Creating package script '/home/hornet/Desktop/pathfollowingbot/install/pathbot_control/share/pathbot_control/package.sh'
[1.345s] INFO:colcon.colcon_core.shell:Creating package script '/home/hornet/Desktop/pathfollowingbot/install/pathbot_control/share/pathbot_control/package.bash'
[1.345s] INFO:colcon.colcon_core.shell:Creating package script '/home/hornet/Desktop/pathfollowingbot/install/pathbot_control/share/pathbot_control/package.zsh'
[1.346s] Level 1:colcon.colcon_core.environment:create_file_with_runtime_dependencies(/home/hornet/Desktop/pathfollowingbot/install/pathbot_control/share/colcon-core/packages/pathbot_control)
[1.346s] INFO:colcon.colcon_ros.task.ament_cmake.build:Building ROS package in '/home/hornet/Desktop/pathfollowingbot/src/pathbot_simulation' with build type 'ament_cmake'
[1.346s] INFO:colcon.colcon_cmake.task.cmake.build:Building CMake package in '/home/hornet/Desktop/pathfollowingbot/src/pathbot_simulation'
[1.346s] INFO:colcon.colcon_core.shell:Skip shell extension 'powershell' for command environment: Not usable outside of PowerShell
[1.346s] DEBUG:colcon.colcon_core.shell:Skip shell extension 'dsv' for command environment
[1.354s] DEBUG:colcon.colcon_core.event_handler.log_command:Invoking command in '/home/hornet/Desktop/pathfollowingbot/build/pathbot_simulation': AMENT_PREFIX_PATH=/home/hornet/Desktop/pathfollowingbot/install/pathbot_description:${AMENT_PREFIX_PATH} CMAKE_PREFIX_PATH=/home/hornet/Desktop/pathfollowingbot/install/pathbot_description:/opt/ros/jazzy/opt/gz_sim_vendor:/opt/ros/jazzy/opt/gz_sensors_vendor:/opt/ros/jazzy/opt/gz_physics_vendor:/opt/ros/jazzy/opt/sdformat_vendor:/opt/ros/jazzy/opt/gz_gui_vendor:/opt/ros/jazzy/opt/gz_transport_vendor:/opt/ros/jazzy/opt/gz_rendering_vendor:/opt/ros/jazzy/opt/gz_plugin_vendor:/opt/ros/jazzy/opt/gz_fuel_tools_vendor:/opt/ros/jazzy/opt/gz_msgs_vendor:/opt/ros/jazzy/opt/gz_common_vendor:/opt/ros/jazzy/opt/gz_math_vendor:/opt/ros/jazzy/opt/gz_utils_vendor:/opt/ros/jazzy/opt/gz_tools_vendor:/opt/ros/jazzy/opt/gz_ogre_next_vendor:/opt/ros/jazzy/opt/gz_dartsim_vendor:/opt/ros/jazzy/opt/gz_cmake_vendor:/opt/ros/jazzy DEBUGINFOD_URLS=https://debuginfod.ubuntu.com /usr/bin/cmake /home/hornet/Desktop/pathfollowingbot/src/pathbot_simulation -DCMAKE_INSTALL_PREFIX=/home/hornet/Desktop/pathfollowingbot/install/pathbot_simulation
[1.772s] DEBUG:colcon.colcon_core.event_handler.log_command:Invoked command in '/home/hornet/Desktop/pathfollowingbot/build/pathbot_nodes' returned '0': CMAKE_PREFIX_PATH=${CMAKE_PREFIX_PATH}:/opt/ros/jazzy DEBUGINFOD_URLS=https://debuginfod.ubuntu.com /usr/bin/cmake /home/hornet/Desktop/pathfollowingbot/src/pathbot_nodes -DCMAKE_INSTALL_PREFIX=/home/hornet/Desktop/pathfollowingbot/install/pathbot_nodes
[1.773s] DEBUG:colcon.colcon_core.event_handler.log_command:Invoking command in '/home/hornet/Desktop/pathfollowingbot/build/pathbot_nodes': CMAKE_PREFIX_PATH=${CMAKE_PREFIX_PATH}:/opt/ros/jazzy DEBUGINFOD_URLS=https://debuginfod.ubuntu.com /usr/bin/cmake --build /home/hornet/Desktop/pathfollowingbot/build/pathbot_nodes -- -j16 -l16
[2.140s] DEBUG:colcon.colcon_core.event_handler.log_command:Invoked command in '/home/hornet/Desktop/pathfollowingbot/build/pathbot_simulation' returned '0': AMENT_PREFIX_PATH=/home/hornet/Desktop/pathfollowingbot/install/pathbot_description:${AMENT_PREFIX_PATH} CMAKE_PREFIX_PATH=/home/hornet/Desktop/pathfollowingbot/install/pathbot_description:/opt/ros/jazzy/opt/gz_sim_vendor:/opt/ros/jazzy/opt/gz_sensors_vendor:/opt/ros/jazzy/opt/gz_physics_vendor:/opt/ros/jazzy/opt/sdformat_vendor:/opt/ros/jazzy/opt/gz_gui_vendor:/opt/ros/jazzy/opt/gz_transport_vendor:/opt/ros/jazzy/opt/gz_rendering_vendor:/opt/ros/jazzy/opt/gz_plugin_vendor:/opt/ros/jazzy/opt/gz_fuel_tools_vendor:/opt/ros/jazzy/opt/gz_msgs_vendor:/opt/ros/jazzy/opt/gz_common_vendor:/opt/ros/jazzy/opt/gz_math_vendor:/opt/ros/jazzy/opt/gz_utils_vendor:/opt/ros/jazzy/opt/gz_tools_vendor:/opt/ros/jazzy/opt/gz_ogre_next_vendor:/opt/ros/jazzy/opt/gz_dartsim_vendor:/opt/ros/jazzy/opt/gz_cmake_vendor:/opt/ros/jazzy DEBUGINFOD_URLS=https://debuginfod.ubuntu.com /usr/bin/cmake /home/hornet/Desktop/pathfollowingbot/src/pathbot_simulation -DCMAKE_INSTALL_PREFIX=/home/hornet/Desktop/pathfollowingbot/install/pathbot_simulation
[2.141s] DEBUG:colcon.colcon_core.event_handler.log_command:Invoking command in '/home/hornet/Desktop/pathfollowingbot/build/pathbot_simulation': AMENT_PREFIX_PATH=/home/hornet/Desktop/pathfollowingbot/install/pathbot_description:${AMENT_PREFIX_PATH} CMAKE_PREFIX_PATH=/home/hornet/Desktop/pathfollowingbot/install/pathbot_description:/opt/ros/jazzy/opt/gz_sim_vendor:/opt/ros/jazzy/opt/gz_sensors_vendor:/opt/ros/jazzy/opt/gz_physics_vendor:/opt/ros/jazzy/opt/sdformat_vendor:/opt/ros/jazzy/opt/gz_gui_vendor:/opt/ros/jazzy/opt/gz_transport_vendor:/opt/ros/jazzy/opt/gz_rendering_vendor:/opt/ros/jazzy/opt/gz_plugin_vendor:/opt/ros/jazzy/opt/gz_fuel_tools_vendor:/opt/ros/jazzy/opt/gz_msgs_vendor:/opt/ros/jazzy/opt/gz_common_vendor:/opt/ros/jazzy/opt/gz_math_vendor:/opt/ros/jazzy/opt/gz_utils_vendor:/opt/ros/jazzy/opt/gz_tools_vendor:/opt/ros/jazzy/opt/gz_ogre_next_vendor:/opt/ros/jazzy/opt/gz_dartsim_vendor:/opt/ros/jazzy/opt/gz_cmake_vendor:/opt/ros/jazzy DEBUGINFOD_URLS=https://debuginfod.ubuntu.com /usr/bin/cmake --build /home/hornet/Desktop/pathfollowingbot/build/pathbot_simulation -- -j16 -l16
[2.192s] DEBUG:colcon.colcon_core.event_handler.log_command:Invoked command in '/home/hornet/Desktop/pathfollowingbot/build/pathbot_simulation' returned '0': AMENT_PREFIX_PATH=/home/hornet/Desktop/pathfollowingbot/install/pathbot_description:${AMENT_PREFIX_PATH} CMAKE_PREFIX_PATH=/home/hornet/Desktop/pathfollowingbot/install/pathbot_description:/opt/ros/jazzy/opt/gz_sim_vendor:/opt/ros/jazzy/opt/gz_sensors_vendor:/opt/ros/jazzy/opt/gz_physics_vendor:/opt/ros/jazzy/opt/sdformat_vendor:/opt/ros/jazzy/opt/gz_gui_vendor:/opt/ros/jazzy/opt/gz_transport_vendor:/opt/ros/jazzy/opt/gz_rendering_vendor:/opt/ros/jazzy/opt/gz_plugin_vendor:/opt/ros/jazzy/opt/gz_fuel_tools_vendor:/opt/ros/jazzy/opt/gz_msgs_vendor:/opt/ros/jazzy/opt/gz_common_vendor:/opt/ros/jazzy/opt/gz_math_vendor:/opt/ros/jazzy/opt/gz_utils_vendor:/opt/ros/jazzy/opt/gz_tools_vendor:/opt/ros/jazzy/opt/gz_ogre_next_vendor:/opt/ros/jazzy/opt/gz_dartsim_vendor:/opt/ros/jazzy/opt/gz_cmake_vendor:/opt/ros/jazzy DEBUGINFOD_URLS=https://debuginfod.ubuntu.com /usr/bin/cmake --build /home/hornet/Desktop/pathfollowingbot/build/pathbot_simulation -- -j16 -l16
[2.193s] DEBUG:colcon.colcon_core.event_handler.log_command:Invoking command in '/home/hornet/Desktop/pathfollowingbot/build/pathbot_simulation': AMENT_PREFIX_PATH=/home/hornet/Desktop/pathfollowingbot/install/pathbot_description:${AMENT_PREFIX_PATH} CMAKE_PREFIX_PATH=/home/hornet/Desktop/pathfollowingbot/install/pathbot_description:/opt/ros/jazzy/opt/gz_sim_vendor:/opt/ros/jazzy/opt/gz_sensors_vendor:/opt/ros/jazzy/opt/gz_physics_vendor:/opt/ros/jazzy/opt/sdformat_vendor:/opt/ros/jazzy/opt/gz_gui_vendor:/opt/ros/jazzy/opt/gz_transport_vendor:/opt/ros/jazzy/opt/gz_rendering_vendor:/opt/ros/jazzy/opt/gz_plugin_vendor:/opt/ros/jazzy/opt/gz_fuel_tools_vendor:/opt/ros/jazzy/opt/gz_msgs_vendor:/opt/ros/jazzy/opt/gz_common_vendor:/opt/ros/jazzy/opt/gz_math_vendor:/opt/ros/jazzy/opt/gz_utils_vendor:/opt/ros/jazzy/opt/gz_tools_vendor:/opt/ros/jazzy/opt/gz_ogre_next_vendor:/opt/ros/jazzy/opt/gz_dartsim_vendor:/opt/ros/jazzy/opt/gz_cmake_vendor:/opt/ros/jazzy DEBUGINFOD_URLS=https://debuginfod.ubuntu.com /usr/bin/cmake --install /home/hornet/Desktop/pathfollowingbot/build/pathbot_simulation
[2.227s] Level 1:colcon.colcon_core.environment:create_environment_scripts_only(pathbot_simulation)
[2.227s] Level 1:colcon.colcon_core.environment:checking '/home/hornet/Desktop/pathfollowingbot/install/pathbot_simulation' for CMake module files
[2.227s] DEBUG:colcon.colcon_core.event_handler.log_command:Invoked command in '/home/hornet/Desktop/pathfollowingbot/build/pathbot_simulation' returned '0': AMENT_PREFIX_PATH=/home/hornet/Desktop/pathfollowingbot/install/pathbot_description:${AMENT_PREFIX_PATH} CMAKE_PREFIX_PATH=/home/hornet/Desktop/pathfollowingbot/install/pathbot_description:/opt/ros/jazzy/opt/gz_sim_vendor:/opt/ros/jazzy/opt/gz_sensors_vendor:/opt/ros/jazzy/opt/gz_physics_vendor:/opt/ros/jazzy/opt/sdformat_vendor:/opt/ros/jazzy/opt/gz_gui_vendor:/opt/ros/jazzy/opt/gz_transport_vendor:/opt/ros/jazzy/opt/gz_rendering_vendor:/opt/ros/jazzy/opt/gz_plugin_vendor:/opt/ros/jazzy/opt/gz_fuel_tools_vendor:/opt/ros/jazzy/opt/gz_msgs_vendor:/opt/ros/jazzy/opt/gz_common_vendor:/opt/ros/jazzy/opt/gz_math_vendor:/opt/ros/jazzy/opt/gz_utils_vendor:/opt/ros/jazzy/opt/gz_tools_vendor:/opt/ros/jazzy/opt/gz_ogre_next_vendor:/opt/ros/jazzy/opt/gz_dartsim_vendor:/opt/ros/jazzy/opt/gz_cmake_vendor:/opt/ros/jazzy DEBUGINFOD_URLS=https://debuginfod.ubuntu.com /usr/bin/cmake --install /home/hornet/Desktop/pathfollowingbot/build/pathbot_simulation
[2.228s] Level 1:colcon.colcon_core.environment:checking '/home/hornet/Desktop/pathfollowingbot/install/pathbot_simulation' for CMake config files
[2.228s] Level 1:colcon.colcon_core.shell:create_environment_hook('pathbot_simulation', 'cmake_prefix_path')
[2.228s] INFO:colcon.colcon_core.shell:Creating environment hook '/home/hornet/Desktop/pathfollowingbot/install/pathbot_simulation/share/pathbot_simulation/hook/cmake_prefix_path.ps1'
[2.229s] INFO:colcon.colcon_core.shell:Creating environment descriptor '/home/hornet/Desktop/pathfollowingbot/install/pathbot_simulation/share/pathbot_simulation/hook/cmake_prefix_path.dsv'
[2.229s] INFO:colcon.colcon_core.shell:Creating environment hook '/home/hornet/Desktop/pathfollowingbot/install/pathbot_simulation/share/pathbot_simulation/hook/cmake_prefix_path.sh'
[2.230s] Level 1:colcon.colcon_core.environment:checking '/home/hornet/Desktop/pathfollowingbot/install/pathbot_simulation/bin'
[2.230s] Level 1:colcon.colcon_core.environment:checking '/home/hornet/Desktop/pathfollowingbot/install/pathbot_simulation/lib/pkgconfig/pathbot_simulation.pc'
[2.230s] Level 1:colcon.colcon_core.environment:checking '/home/hornet/Desktop/pathfollowingbot/install/pathbot_simulation/lib/python3.12/site-packages'
[2.231s] Level 1:colcon.colcon_core.environment:checking '/home/hornet/Desktop/pathfollowingbot/install/pathbot_simulation/bin'
[2.231s] INFO:colcon.colcon_core.shell:Creating package script '/home/hornet/Desktop/pathfollowingbot/install/pathbot_simulation/share/pathbot_simulation/package.ps1'
[2.233s] INFO:colcon.colcon_core.shell:Creating package descriptor '/home/hornet/Desktop/pathfollowingbot/install/pathbot_simulation/share/pathbot_simulation/package.dsv'
[2.233s] INFO:colcon.colcon_core.shell:Creating package script '/home/hornet/Desktop/pathfollowingbot/install/pathbot_simulation/share/pathbot_simulation/package.sh'
[2.234s] INFO:colcon.colcon_core.shell:Creating package script '/home/hornet/Desktop/pathfollowingbot/install/pathbot_simulation/share/pathbot_simulation/package.bash'
[2.234s] INFO:colcon.colcon_core.shell:Creating package script '/home/hornet/Desktop/pathfollowingbot/install/pathbot_simulation/share/pathbot_simulation/package.zsh'
[2.234s] Level 1:colcon.colcon_core.environment:create_file_with_runtime_dependencies(/home/hornet/Desktop/pathfollowingbot/install/pathbot_simulation/share/colcon-core/packages/pathbot_simulation)
[2.235s] Level 1:colcon.colcon_core.environment:create_environment_scripts_only(pathbot_simulation)
[2.235s] Level 1:colcon.colcon_core.environment:checking '/home/hornet/Desktop/pathfollowingbot/install/pathbot_simulation' for CMake module files
[2.236s] Level 1:colcon.colcon_core.environment:checking '/home/hornet/Desktop/pathfollowingbot/install/pathbot_simulation' for CMake config files
[2.236s] Level 1:colcon.colcon_core.shell:create_environment_hook('pathbot_simulation', 'cmake_prefix_path')
[2.236s] INFO:colcon.colcon_core.shell:Creating environment hook '/home/hornet/Desktop/pathfollowingbot/install/pathbot_simulation/share/pathbot_simulation/hook/cmake_prefix_path.ps1'
[2.237s] INFO:colcon.colcon_core.shell:Creating environment descriptor '/home/hornet/Desktop/pathfollowingbot/install/pathbot_simulation/share/pathbot_simulation/hook/cmake_prefix_path.dsv'
[2.237s] INFO:colcon.colcon_core.shell:Creating environment hook '/home/hornet/Desktop/pathfollowingbot/install/pathbot_simulation/share/pathbot_simulation/hook/cmake_prefix_path.sh'
[2.238s] Level 1:colcon.colcon_core.environment:checking '/home/hornet/Desktop/pathfollowingbot/install/pathbot_simulation/bin'
[2.238s] Level 1:colcon.colcon_core.environment:checking '/home/hornet/Desktop/pathfollowingbot/install/pathbot_simulation/lib/pkgconfig/pathbot_simulation.pc'
[2.238s] Level 1:colcon.colcon_core.environment:checking '/home/hornet/Desktop/pathfollowingbot/install/pathbot_simulation/lib/python3.12/site-packages'
[2.239s] Level 1:colcon.colcon_core.environment:checking '/home/hornet/Desktop/pathfollowingbot/install/pathbot_simulation/bin'
[2.239s] INFO:colcon.colcon_core.shell:Creating package script '/home/hornet/Desktop/pathfollowingbot/install/pathbot_simulation/share/pathbot_simulation/package.ps1'
[2.241s] INFO:colcon.colcon_core.shell:Creating package descriptor '/home/hornet/Desktop/pathfollowingbot/install/pathbot_simulation/share/pathbot_simulation/package.dsv'
[2.241s] INFO:colcon.colcon_core.shell:Creating package script '/home/hornet/Desktop/pathfollowingbot/install/pathbot_simulation/share/pathbot_simulation/package.sh'
[2.242s] INFO:colcon.colcon_core.shell:Creating package script '/home/hornet/Desktop/pathfollowingbot/install/pathbot_simulation/share/pathbot_simulation/package.bash'
[2.243s] INFO:colcon.colcon_core.shell:Creating package script '/home/hornet/Desktop/pathfollowingbot/install/pathbot_simulation/share/pathbot_simulation/package.zsh'
[2.243s] Level 1:colcon.colcon_core.environment:create_file_with_runtime_dependencies(/home/hornet/Desktop/pathfollowingbot/install/pathbot_simulation/share/colcon-core/packages/pathbot_simulation)
[9.569s] DEBUG:colcon.colcon_core.event_handler.log_command:Invoked command in '/home/hornet/Desktop/pathfollowingbot/build/pathbot_nodes' returned '0': CMAKE_PREFIX_PATH=${CMAKE_PREFIX_PATH}:/opt/ros/jazzy DEBUGINFOD_URLS=https://debuginfod.ubuntu.com /usr/bin/cmake --build /home/hornet/Desktop/pathfollowingbot/build/pathbot_nodes -- -j16 -l16
[9.570s] DEBUG:colcon.colcon_core.event_handler.log_command:Invoking command in '/home/hornet/Desktop/pathfollowingbot/build/pathbot_nodes': CMAKE_PREFIX_PATH=${CMAKE_PREFIX_PATH}:/opt/ros/jazzy DEBUGINFOD_URLS=https://debuginfod.ubuntu.com /usr/bin/cmake --install /home/hornet/Desktop/pathfollowingbot/build/pathbot_nodes
[9.581s] Level 1:colcon.colcon_core.environment:create_environment_scripts_only(pathbot_nodes)
[9.581s] Level 1:colcon.colcon_core.environment:checking '/home/hornet/Desktop/pathfollowingbot/install/pathbot_nodes' for CMake module files
[9.582s] DEBUG:colcon.colcon_core.event_handler.log_command:Invoked command in '/home/hornet/Desktop/pathfollowingbot/build/pathbot_nodes' returned '0': CMAKE_PREFIX_PATH=${CMAKE_PREFIX_PATH}:/opt/ros/jazzy DEBUGINFOD_URLS=https://debuginfod.ubuntu.com /usr/bin/cmake --install /home/hornet/Desktop/pathfollowingbot/build/pathbot_nodes
[9.582s] Level 1:colcon.colcon_core.environment:checking '/home/hornet/Desktop/pathfollowingbot/install/pathbot_nodes' for CMake config files
[9.582s] Level 1:colcon.colcon_core.shell:create_environment_hook('pathbot_nodes', 'cmake_prefix_path')
[9.582s] INFO:colcon.colcon_core.shell:Creating environment hook '/home/hornet/Desktop/pathfollowingbot/install/pathbot_nodes/share/pathbot_nodes/hook/cmake_prefix_path.ps1'
[9.582s] INFO:colcon.colcon_core.shell:Creating environment descriptor '/home/hornet/Desktop/pathfollowingbot/install/pathbot_nodes/share/pathbot_nodes/hook/cmake_prefix_path.dsv'
[9.583s] INFO:colcon.colcon_core.shell:Creating environment hook '/home/hornet/Desktop/pathfollowingbot/install/pathbot_nodes/share/pathbot_nodes/hook/cmake_prefix_path.sh'
[9.583s] Level 1:colcon.colcon_core.environment:checking '/home/hornet/Desktop/pathfollowingbot/install/pathbot_nodes/lib'
[9.583s] Level 1:colcon.colcon_core.environment:checking '/home/hornet/Desktop/pathfollowingbot/install/pathbot_nodes/bin'
[9.583s] Level 1:colcon.colcon_core.environment:checking '/home/hornet/Desktop/pathfollowingbot/install/pathbot_nodes/lib/pkgconfig/pathbot_nodes.pc'
[9.583s] Level 1:colcon.colcon_core.environment:checking '/home/hornet/Desktop/pathfollowingbot/install/pathbot_nodes/lib/python3.12/site-packages'
[9.583s] Level 1:colcon.colcon_core.environment:checking '/home/hornet/Desktop/pathfollowingbot/install/pathbot_nodes/bin'
[9.584s] INFO:colcon.colcon_core.shell:Creating package script '/home/hornet/Desktop/pathfollowingbot/install/pathbot_nodes/share/pathbot_nodes/package.ps1'
[9.584s] INFO:colcon.colcon_core.shell:Creating package descriptor '/home/hornet/Desktop/pathfollowingbot/install/pathbot_nodes/share/pathbot_nodes/package.dsv'
[9.585s] INFO:colcon.colcon_core.shell:Creating package script '/home/hornet/Desktop/pathfollowingbot/install/pathbot_nodes/share/pathbot_nodes/package.sh'
[9.585s] INFO:colcon.colcon_core.shell:Creating package script '/home/hornet/Desktop/pathfollowingbot/install/pathbot_nodes/share/pathbot_nodes/package.bash'
[9.585s] INFO:colcon.colcon_core.shell:Creating package script '/home/hornet/Desktop/pathfollowingbot/install/pathbot_nodes/share/pathbot_nodes/package.zsh'
[9.585s] Level 1:colcon.colcon_core.environment:create_file_with_runtime_dependencies(/home/hornet/Desktop/pathfollowingbot/install/pathbot_nodes/share/colcon-core/packages/pathbot_nodes)
[9.586s] Level 1:colcon.colcon_core.environment:create_environment_scripts_only(pathbot_nodes)
[9.586s] Level 1:colcon.colcon_core.environment:checking '/home/hornet/Desktop/pathfollowingbot/install/pathbot_nodes' for CMake module files
[9.586s] Level 1:colcon.colcon_core.environment:checking '/home/hornet/Desktop/pathfollowingbot/install/pathbot_nodes' for CMake config files
[9.586s] Level 1:colcon.colcon_core.shell:create_environment_hook('pathbot_nodes', 'cmake_prefix_path')
[9.586s] INFO:colcon.colcon_core.shell:Creating environment hook '/home/hornet/Desktop/pathfollowingbot/install/pathbot_nodes/share/pathbot_nodes/hook/cmake_prefix_path.ps1'
[9.586s] INFO:colcon.colcon_core.shell:Creating environment descriptor '/home/hornet/Desktop/pathfollowingbot/install/pathbot_nodes/share/pathbot_nodes/hook/cmake_prefix_path.dsv'
[9.587s] INFO:colcon.colcon_core.shell:Creating environment hook '/home/hornet/Desktop/pathfollowingbot/install/pathbot_nodes/share/pathbot_nodes/hook/cmake_prefix_path.sh'
[9.587s] Level 1:colcon.colcon_core.environment:checking '/home/hornet/Desktop/pathfollowingbot/install/pathbot_nodes/lib'
[9.587s] Level 1:colcon.colcon_core.environment:checking '/home/hornet/Desktop/pathfollowingbot/install/pathbot_nodes/bin'
[9.587s] Level 1:colcon.colcon_core.environment:checking '/home/hornet/Desktop/pathfollowingbot/install/pathbot_nodes/lib/pkgconfig/pathbot_nodes.pc'
[9.587s] Level 1:colcon.colcon_core.environment:checking '/home/hornet/Desktop/pathfollowingbot/install/pathbot_nodes/lib/python3.12/site-packages'
[9.587s] Level 1:colcon.colcon_core.environment:checking '/home/hornet/Desktop/pathfollowingbot/install/pathbot_nodes/bin'
[9.587s] INFO:colcon.colcon_core.shell:Creating package script '/home/hornet/Desktop/pathfollowingbot/install/pathbot_nodes/share/pathbot_nodes/package.ps1'
[9.588s] INFO:colcon.colcon_core.shell:Creating package descriptor '/home/hornet/Desktop/pathfollowingbot/install/pathbot_nodes/share/pathbot_nodes/package.dsv'
[9.588s] INFO:colcon.colcon_core.shell:Creating package script '/home/hornet/Desktop/pathfollowingbot/install/pathbot_nodes/share/pathbot_nodes/package.sh'
[9.588s] INFO:colcon.colcon_core.shell:Creating package script '/home/hornet/Desktop/pathfollowingbot/install/pathbot_nodes/share/pathbot_nodes/package.bash'
[9.588s] INFO:colcon.colcon_core.shell:Creating package script '/home/hornet/Desktop/pathfollowingbot/install/pathbot_nodes/share/pathbot_nodes/package.zsh'
[9.589s] Level 1:colcon.colcon_core.environment:create_file_with_runtime_dependencies(/home/hornet/Desktop/pathfollowingbot/install/pathbot_nodes/share/colcon-core/packages/pathbot_nodes)
[9.589s] INFO:colcon.colcon_ros.task.ament_cmake.build:Building ROS package in '/home/hornet/Desktop/pathfollowingbot/src/pathbot_navigation' with build type 'ament_cmake'
[9.589s] INFO:colcon.colcon_cmake.task.cmake.build:Building CMake package in '/home/hornet/Desktop/pathfollowingbot/src/pathbot_navigation'
[9.589s] INFO:colcon.colcon_core.shell:Skip shell extension 'powershell' for command environment: Not usable outside of PowerShell
[9.589s] DEBUG:colcon.colcon_core.shell:Skip shell extension 'dsv' for command environment
[9.610s] DEBUG:colcon.colcon_core.event_handler.log_command:Invoking command in '/home/hornet/Desktop/pathfollowingbot/build/pathbot_navigation': AMENT_PREFIX_PATH=/home/hornet/Desktop/pathfollowingbot/install/pathbot_nodes:${AMENT_PREFIX_PATH} CMAKE_PREFIX_PATH=/home/hornet/Desktop/pathfollowingbot/install/pathbot_nodes:/opt/ros/jazzy/opt/gz_sim_vendor:/opt/ros/jazzy/opt/gz_sensors_vendor:/opt/ros/jazzy/opt/gz_physics_vendor:/opt/ros/jazzy/opt/sdformat_vendor:/opt/ros/jazzy/opt/gz_gui_vendor:/opt/ros/jazzy/opt/gz_transport_vendor:/opt/ros/jazzy/opt/gz_rendering_vendor:/opt/ros/jazzy/opt/gz_plugin_vendor:/opt/ros/jazzy/opt/gz_fuel_tools_vendor:/opt/ros/jazzy/opt/gz_msgs_vendor:/opt/ros/jazzy/opt/gz_common_vendor:/opt/ros/jazzy/opt/gz_math_vendor:/opt/ros/jazzy/opt/gz_utils_vendor:/opt/ros/jazzy/opt/gz_tools_vendor:/opt/ros/jazzy/opt/gz_ogre_next_vendor:/opt/ros/jazzy/opt/gz_dartsim_vendor:/opt/ros/jazzy/opt/gz_cmake_vendor:/opt/ros/jazzy DEBUGINFOD_URLS=https://debuginfod.ubuntu.com /usr/bin/cmake /home/hornet/Desktop/pathfollowingbot/src/pathbot_navigation -DCMAKE_INSTALL_PREFIX=/home/hornet/Desktop/pathfollowingbot/install/pathbot_navigation
[10.300s] DEBUG:colcon.colcon_core.event_handler.log_command:Invoked command in '/home/hornet/Desktop/pathfollowingbot/build/pathbot_navigation' returned '0': AMENT_PREFIX_PATH=/home/hornet/Desktop/pathfollowingbot/install/pathbot_nodes:${AMENT_PREFIX_PATH} CMAKE_PREFIX_PATH=/home/hornet/Desktop/pathfollowingbot/install/pathbot_nodes:/opt/ros/jazzy/opt/gz_sim_vendor:/opt/ros/jazzy/opt/gz_sensors_vendor:/opt/ros/jazzy/opt/gz_physics_vendor:/opt/ros/jazzy/opt/sdformat_vendor:/opt/ros/jazzy/opt/gz_gui_vendor:/opt/ros/jazzy/opt/gz_transport_vendor:/opt/ros/jazzy/opt/gz_rendering_vendor:/opt/ros/jazzy/opt/gz_plugin_vendor:/opt/ros/jazzy/opt/gz_fuel_tools_vendor:/opt/ros/jazzy/opt/gz_msgs_vendor:/opt/ros/jazzy/opt/gz_common_vendor:/opt/ros/jazzy/opt/gz_math_vendor:/opt/ros/jazzy/opt/gz_utils_vendor:/opt/ros/jazzy/opt/gz_tools_vendor:/opt/ros/jazzy/opt/gz_ogre_next_vendor:/opt/ros/jazzy/opt/gz_dartsim_vendor:/opt/ros/jazzy/opt/gz_cmake_vendor:/opt/ros/jazzy DEBUGINFOD_URLS=https://debuginfod.ubuntu.com /usr/bin/cmake /home/hornet/Desktop/pathfollowingbot/src/pathbot_navigation -DCMAKE_INSTALL_PREFIX=/home/hornet/Desktop/pathfollowingbot/install/pathbot_navigation
[10.301s] DEBUG:colcon.colcon_core.event_handler.log_command:Invoking command in '/home/hornet/Desktop/pathfollowingbot/build/pathbot_navigation': AMENT_PREFIX_PATH=/home/hornet/Desktop/pathfollowingbot/install/pathbot_nodes:${AMENT_PREFIX_PATH} CMAKE_PREFIX_PATH=/home/hornet/Desktop/pathfollowingbot/install/pathbot_nodes:/opt/ros/jazzy/opt/gz_sim_vendor:/opt/ros/jazzy/opt/gz_sensors_vendor:/opt/ros/jazzy/opt/gz_physics_vendor:/opt/ros/jazzy/opt/sdformat_vendor:/opt/ros/jazzy/opt/gz_gui_vendor:/opt/ros/jazzy/opt/gz_transport_vendor:/opt/ros/jazzy/opt/gz_rendering_vendor:/opt/ros/jazzy/opt/gz_plugin_vendor:/opt/ros/jazzy/opt/gz_fuel_tools_vendor:/opt/ros/jazzy/opt/gz_msgs_vendor:/opt/ros/jazzy/opt/gz_common_vendor:/opt/ros/jazzy/opt/gz_math_vendor:/opt/ros/jazzy/opt/gz_utils_vendor:/opt/ros/jazzy/opt/gz_tools_vendor:/opt/ros/jazzy/opt/gz_ogre_next_vendor:/opt/ros/jazzy/opt/gz_dartsim_vendor:/opt/ros/jazzy/opt/gz_cmake_vendor:/opt/ros/jazzy DEBUGINFOD_URLS=https://debuginfod.ubuntu.com /usr/bin/cmake --build /home/hornet/Desktop/pathfollowingbot/build/pathbot_navigation -- -j16 -l16
[10.344s] DEBUG:colcon.colcon_core.event_handler.log_command:Invoked command in '/home/hornet/Desktop/pathfollowingbot/build/pathbot_navigation' returned '0': AMENT_PREFIX_PATH=/home/hornet/Desktop/pathfollowingbot/install/pathbot_nodes:${AMENT_PREFIX_PATH} CMAKE_PREFIX_PATH=/home/hornet/Desktop/pathfollowingbot/install/pathbot_nodes:/opt/ros/jazzy/opt/gz_sim_vendor:/opt/ros/jazzy/opt/gz_sensors_vendor:/opt/ros/jazzy/opt/gz_physics_vendor:/opt/ros/jazzy/opt/sdformat_vendor:/opt/ros/jazzy/opt/gz_gui_vendor:/opt/ros/jazzy/opt/gz_transport_vendor:/opt/ros/jazzy/opt/gz_rendering_vendor:/opt/ros/jazzy/opt/gz_plugin_vendor:/opt/ros/jazzy/opt/gz_fuel_tools_vendor:/opt/ros/jazzy/opt/gz_msgs_vendor:/opt/ros/jazzy/opt/gz_common_vendor:/opt/ros/jazzy/opt/gz_math_vendor:/opt/ros/jazzy/opt/gz_utils_vendor:/opt/ros/jazzy/opt/gz_tools_vendor:/opt/ros/jazzy/opt/gz_ogre_next_vendor:/opt/ros/jazzy/opt/gz_dartsim_vendor:/opt/ros/jazzy/opt/gz_cmake_vendor:/opt/ros/jazzy DEBUGINFOD_URLS=https://debuginfod.ubuntu.com /usr/bin/cmake --build /home/hornet/Desktop/pathfollowingbot/build/pathbot_navigation -- -j16 -l16
[10.346s] DEBUG:colcon.colcon_core.event_handler.log_command:Invoking command in '/home/hornet/Desktop/pathfollowingbot/build/pathbot_navigation': AMENT_PREFIX_PATH=/home/hornet/Desktop/pathfollowingbot/install/pathbot_nodes:${AMENT_PREFIX_PATH} CMAKE_PREFIX_PATH=/home/hornet/Desktop/pathfollowingbot/install/pathbot_nodes:/opt/ros/jazzy/opt/gz_sim_vendor:/opt/ros/jazzy/opt/gz_sensors_vendor:/opt/ros/jazzy/opt/gz_physics_vendor:/opt/ros/jazzy/opt/sdformat_vendor:/opt/ros/jazzy/opt/gz_gui_vendor:/opt/ros/jazzy/opt/gz_transport_vendor:/opt/ros/jazzy/opt/gz_rendering_vendor:/opt/ros/jazzy/opt/gz_plugin_vendor:/opt/ros/jazzy/opt/gz_fuel_tools_vendor:/opt/ros/jazzy/opt/gz_msgs_vendor:/opt/ros/jazzy/opt/gz_common_vendor:/opt/ros/jazzy/opt/gz_math_vendor:/opt/ros/jazzy/opt/gz_utils_vendor:/opt/ros/jazzy/opt/gz_tools_vendor:/opt/ros/jazzy/opt/gz_ogre_next_vendor:/opt/ros/jazzy/opt/gz_dartsim_vendor:/opt/ros/jazzy/opt/gz_cmake_vendor:/opt/ros/jazzy DEBUGINFOD_URLS=https://debuginfod.ubuntu.com /usr/bin/cmake --install /home/hornet/Desktop/pathfollowingbot/build/pathbot_navigation
[10.358s] Level 1:colcon.colcon_core.environment:create_environment_scripts_only(pathbot_navigation)
[10.359s] Level 1:colcon.colcon_core.environment:checking '/home/hornet/Desktop/pathfollowingbot/install/pathbot_navigation' for CMake module files
[10.359s] DEBUG:colcon.colcon_core.event_handler.log_command:Invoked command in '/home/hornet/Desktop/pathfollowingbot/build/pathbot_navigation' returned '0': AMENT_PREFIX_PATH=/home/hornet/Desktop/pathfollowingbot/install/pathbot_nodes:${AMENT_PREFIX_PATH} CMAKE_PREFIX_PATH=/home/hornet/Desktop/pathfollowingbot/install/pathbot_nodes:/opt/ros/jazzy/opt/gz_sim_vendor:/opt/ros/jazzy/opt/gz_sensors_vendor:/opt/ros/jazzy/opt/gz_physics_vendor:/opt/ros/jazzy/opt/sdformat_vendor:/opt/ros/jazzy/opt/gz_gui_vendor:/opt/ros/jazzy/opt/gz_transport_vendor:/opt/ros/jazzy/opt/gz_rendering_vendor:/opt/ros/jazzy/opt/gz_plugin_vendor:/opt/ros/jazzy/opt/gz_fuel_tools_vendor:/opt/ros/jazzy/opt/gz_msgs_vendor:/opt/ros/jazzy/opt/gz_common_vendor:/opt/ros/jazzy/opt/gz_math_vendor:/opt/ros/jazzy/opt/gz_utils_vendor:/opt/ros/jazzy/opt/gz_tools_vendor:/opt/ros/jazzy/opt/gz_ogre_next_vendor:/opt/ros/jazzy/opt/gz_dartsim_vendor:/opt/ros/jazzy/opt/gz_cmake_vendor:/opt/ros/jazzy DEBUGINFOD_URLS=https://debuginfod.ubuntu.com /usr/bin/cmake --install /home/hornet/Desktop/pathfollowingbot/build/pathbot_navigation
[10.360s] Level 1:colcon.colcon_core.environment:checking '/home/hornet/Desktop/pathfollowingbot/install/pathbot_navigation' for CMake config files
[10.360s] Level 1:colcon.colcon_core.shell:create_environment_hook('pathbot_navigation', 'cmake_prefix_path')
[10.360s] INFO:colcon.colcon_core.shell:Creating environment hook '/home/hornet/Desktop/pathfollowingbot/install/pathbot_navigation/share/pathbot_navigation/hook/cmake_prefix_path.ps1'
[10.360s] INFO:colcon.colcon_core.shell:Creating environment descriptor '/home/hornet/Desktop/pathfollowingbot/install/pathbot_navigation/share/pathbot_navigation/hook/cmake_prefix_path.dsv'
[10.361s] INFO:colcon.colcon_core.shell:Creating environment hook '/home/hornet/Desktop/pathfollowingbot/install/pathbot_navigation/share/pathbot_navigation/hook/cmake_prefix_path.sh'
[10.362s] Level 1:colcon.colcon_core.environment:checking '/home/hornet/Desktop/pathfollowingbot/install/pathbot_navigation/bin'
[10.362s] Level 1:colcon.colcon_core.environment:checking '/home/hornet/Desktop/pathfollowingbot/install/pathbot_navigation/lib/pkgconfig/pathbot_navigation.pc'
[10.362s] Level 1:colcon.colcon_core.environment:checking '/home/hornet/Desktop/pathfollowingbot/install/pathbot_navigation/lib/python3.12/site-packages'
[10.362s] Level 1:colcon.colcon_core.environment:checking '/home/hornet/Desktop/pathfollowingbot/install/pathbot_navigation/bin'
[10.363s] INFO:colcon.colcon_core.shell:Creating package script '/home/hornet/Desktop/pathfollowingbot/install/pathbot_navigation/share/pathbot_navigation/package.ps1'
[10.363s] INFO:colcon.colcon_core.shell:Creating package descriptor '/home/hornet/Desktop/pathfollowingbot/install/pathbot_navigation/share/pathbot_navigation/package.dsv'
[10.364s] INFO:colcon.colcon_core.shell:Creating package script '/home/hornet/Desktop/pathfollowingbot/install/pathbot_navigation/share/pathbot_navigation/package.sh'
[10.364s] INFO:colcon.colcon_core.shell:Creating package script '/home/hornet/Desktop/pathfollowingbot/install/pathbot_navigation/share/pathbot_navigation/package.bash'
[10.364s] INFO:colcon.colcon_core.shell:Creating package script '/home/hornet/Desktop/pathfollowingbot/install/pathbot_navigation/share/pathbot_navigation/package.zsh'
[10.365s] Level 1:colcon.colcon_core.environment:create_file_with_runtime_dependencies(/home/hornet/Desktop/pathfollowingbot/install/pathbot_navigation/share/colcon-core/packages/pathbot_navigation)
[10.365s] Level 1:colcon.colcon_core.environment:create_environment_scripts_only(pathbot_navigation)
[10.365s] Level 1:colcon.colcon_core.environment:checking '/home/hornet/Desktop/pathfollowingbot/install/pathbot_navigation' for CMake module files
[10.366s] Level 1:colcon.colcon_core.environment:checking '/home/hornet/Desktop/pathfollowingbot/install/pathbot_navigation' for CMake config files
[10.366s] Level 1:colcon.colcon_core.shell:create_environment_hook('pathbot_navigation', 'cmake_prefix_path')
[10.366s] INFO:colcon.colcon_core.shell:Creating environment hook '/home/hornet/Desktop/pathfollowingbot/install/pathbot_navigation/share/pathbot_navigation/hook/cmake_prefix_path.ps1'
[10.366s] INFO:colcon.colcon_core.shell:Creating environment descriptor '/home/hornet/Desktop/pathfollowingbot/install/pathbot_navigation/share/pathbot_navigation/hook/cmake_prefix_path.dsv'
[10.367s] INFO:colcon.colcon_core.shell:Creating environment hook '/home/hornet/Desktop/pathfollowingbot/install/pathbot_navigation/share/pathbot_navigation/hook/cmake_prefix_path.sh'
[10.367s] Level 1:colcon.colcon_core.environment:checking '/home/hornet/Desktop/pathfollowingbot/install/pathbot_navigation/bin'
[10.367s] Level 1:colcon.colcon_core.environment:checking '/home/hornet/Desktop/pathfollowingbot/install/pathbot_navigation/lib/pkgconfig/pathbot_navigation.pc'
[10.367s] Level 1:colcon.colcon_core.environment:checking '/home/hornet/Desktop/pathfollowingbot/install/pathbot_navigation/lib/python3.12/site-packages'
[10.368s] Level 1:colcon.colcon_core.environment:checking '/home/hornet/Desktop/pathfollowingbot/install/pathbot_navigation/bin'
[10.368s] INFO:colcon.colcon_core.shell:Creating package script '/home/hornet/Desktop/pathfollowingbot/install/pathbot_navigation/share/pathbot_navigation/package.ps1'
[10.369s] INFO:colcon.colcon_core.shell:Creating package descriptor '/home/hornet/Desktop/pathfollowingbot/install/pathbot_navigation/share/pathbot_navigation/package.dsv'
[10.369s] INFO:colcon.colcon_core.shell:Creating package script '/home/hornet/Desktop/pathfollowingbot/install/pathbot_navigation/share/pathbot_navigation/package.sh'
[10.370s] INFO:colcon.colcon_core.shell:Creating package script '/home/hornet/Desktop/pathfollowingbot/install/pathbot_navigation/share/pathbot_navigation/package.bash'
[10.370s] INFO:colcon.colcon_core.shell:Creating package script '/home/hornet/Desktop/pathfollowingbot/install/pathbot_navigation/share/pathbot_navigation/package.zsh'
[10.370s] Level 1:colcon.colcon_core.environment:create_file_with_runtime_dependencies(/home/hornet/Desktop/pathfollowingbot/install/pathbot_navigation/share/colcon-core/packages/pathbot_navigation)
[10.371s] INFO:colcon.colcon_ros.task.ament_cmake.build:Building ROS package in '/home/hornet/Desktop/pathfollowingbot/src/pathbot_bringup' with build type 'ament_cmake'
[10.371s] INFO:colcon.colcon_cmake.task.cmake.build:Building CMake package in '/home/hornet/Desktop/pathfollowingbot/src/pathbot_bringup'
[10.371s] INFO:colcon.colcon_core.shell:Skip shell extension 'powershell' for command environment: Not usable outside of PowerShell
[10.371s] DEBUG:colcon.colcon_core.shell:Skip shell extension 'dsv' for command environment
[10.383s] DEBUG:colcon.colcon_core.event_handler.log_command:Invoking command in '/home/hornet/Desktop/pathfollowingbot/build/pathbot_bringup': AMENT_PREFIX_PATH=/home/hornet/Desktop/pathfollowingbot/install/pathbot_simulation:/home/hornet/Desktop/pathfollowingbot/install/pathbot_navigation:/home/hornet/Desktop/pathfollowingbot/install/pathbot_nodes:/home/hornet/Desktop/pathfollowingbot/install/pathbot_description:/home/hornet/Desktop/pathfollowingbot/install/pathbot_control:${AMENT_PREFIX_PATH} CMAKE_PREFIX_PATH=/home/hornet/Desktop/pathfollowingbot/install/pathbot_simulation:/home/hornet/Desktop/pathfollowingbot/install/pathbot_navigation:/home/hornet/Desktop/pathfollowingbot/install/pathbot_nodes:/home/hornet/Desktop/pathfollowingbot/install/pathbot_description:/home/hornet/Desktop/pathfollowingbot/install/pathbot_control:/opt/ros/jazzy/opt/gz_sim_vendor:/opt/ros/jazzy/opt/gz_sensors_vendor:/opt/ros/jazzy/opt/gz_physics_vendor:/opt/ros/jazzy/opt/sdformat_vendor:/opt/ros/jazzy/opt/gz_gui_vendor:/opt/ros/jazzy/opt/gz_transport_vendor:/opt/ros/jazzy/opt/gz_rendering_vendor:/opt/ros/jazzy/opt/gz_plugin_vendor:/opt/ros/jazzy/opt/gz_fuel_tools_vendor:/opt/ros/jazzy/opt/gz_msgs_vendor:/opt/ros/jazzy/opt/gz_common_vendor:/opt/ros/jazzy/opt/gz_math_vendor:/opt/ros/jazzy/opt/gz_utils_vendor:/opt/ros/jazzy/opt/gz_tools_vendor:/opt/ros/jazzy/opt/gz_ogre_next_vendor:/opt/ros/jazzy/opt/gz_dartsim_vendor:/opt/ros/jazzy/opt/gz_cmake_vendor:/opt/ros/jazzy DEBUGINFOD_URLS=https://debuginfod.ubuntu.com /usr/bin/cmake /home/hornet/Desktop/pathfollowingbot/src/pathbot_bringup -DCMAKE_INSTALL_PREFIX=/home/hornet/Desktop/pathfollowingbot/install/pathbot_bringup
[11.016s] DEBUG:colcon.colcon_core.event_handler.log_command:Invoked command in '/home/hornet/Desktop/pathfollowingbot/build/pathbot_bringup' returned '0': AMENT_PREFIX_PATH=/home/hornet/Desktop/pathfollowingbot/install/pathbot_simulation:/home/hornet/Desktop/pathfollowingbot/install/pathbot_navigation:/home/hornet/Desktop/pathfollowingbot/install/pathbot_nodes:/home/hornet/Desktop/pathfollowingbot/install/pathbot_description:/home/hornet/Desktop/pathfollowingbot/install/pathbot_control:${AMENT_PREFIX_PATH} CMAKE_PREFIX_PATH=/home/hornet/Desktop/pathfollowingbot/install/pathbot_simulation:/home/hornet/Desktop/pathfollowingbot/install/pathbot_navigation:/home/hornet/Desktop/pathfollowingbot/install/pathbot_nodes:/home/hornet/Desktop/pathfollowingbot/install/pathbot_description:/home/hornet/Desktop/pathfollowingbot/install/pathbot_control:/opt/ros/jazzy/opt/gz_sim_vendor:/opt/ros/jazzy/opt/gz_sensors_vendor:/opt/ros/jazzy/opt/gz_physics_vendor:/opt/ros/jazzy/opt/sdformat_vendor:/opt/ros/jazzy/opt/gz_gui_vendor:/opt/ros/jazzy/opt/gz_transport_vendor:/opt/ros/jazzy/opt/gz_rendering_vendor:/opt/ros/jazzy/opt/gz_plugin_vendor:/opt/ros/jazzy/opt/gz_fuel_tools_vendor:/opt/ros/jazzy/opt/gz_msgs_vendor:/opt/ros/jazzy/opt/gz_common_vendor:/opt/ros/jazzy/opt/gz_math_vendor:/opt/ros/jazzy/opt/gz_utils_vendor:/opt/ros/jazzy/opt/gz_tools_vendor:/opt/ros/jazzy/opt/gz_ogre_next_vendor:/opt/ros/jazzy/opt/gz_dartsim_vendor:/opt/ros/jazzy/opt/gz_cmake_vendor:/opt/ros/jazzy DEBUGINFOD_URLS=https://debuginfod.ubuntu.com /usr/bin/cmake /home/hornet/Desktop/pathfollowingbot/src/pathbot_bringup -DCMAKE_INSTALL_PREFIX=/home/hornet/Desktop/pathfollowingbot/install/pathbot_bringup
[11.017s] DEBUG:colcon.colcon_core.event_handler.log_command:Invoking command in '/home/hornet/Desktop/pathfollowingbot/build/pathbot_bringup': AMENT_PREFIX_PATH=/home/hornet/Desktop/pathfollowingbot/install/pathbot_simulation:/home/hornet/Desktop/pathfollowingbot/install/pathbot_navigation:/home/hornet/Desktop/pathfollowingbot/install/pathbot_nodes:/home/hornet/Desktop/pathfollowingbot/install/pathbot_description:/home/hornet/Desktop/pathfollowingbot/install/pathbot_control:${AMENT_PREFIX_PATH} CMAKE_PREFIX_PATH=/home/hornet/Desktop/pathfollowingbot/install/pathbot_simulation:/home/hornet/Desktop/pathfollowingbot/install/pathbot_navigation:/home/hornet/Desktop/pathfollowingbot/install/pathbot_nodes:/home/hornet/Desktop/pathfollowingbot/install/pathbot_description:/home/hornet/Desktop/pathfollowingbot/install/pathbot_control:/opt/ros/jazzy/opt/gz_sim_vendor:/opt/ros/jazzy/opt/gz_sensors_vendor:/opt/ros/jazzy/opt/gz_physics_vendor:/opt/ros/jazzy/opt/sdformat_vendor:/opt/ros/jazzy/opt/gz_gui_vendor:/opt/ros/jazzy/opt/gz_transport_vendor:/opt/ros/jazzy/opt/gz_rendering_vendor:/opt/ros/jazzy/opt/gz_plugin_vendor:/opt/ros/jazzy/opt/gz_fuel_tools_vendor:/opt/ros/jazzy/opt/gz_msgs_vendor:/opt/ros/jazzy/opt/gz_common_vendor:/opt/ros/jazzy/opt/gz_math_vendor:/opt/ros/jazzy/opt/gz_utils_vendor:/opt/ros/jazzy/opt/gz_tools_vendor:/opt/ros/jazzy/opt/gz_ogre_next_vendor:/opt/ros/jazzy/opt/gz_dartsim_vendor:/opt/ros/jazzy/opt/gz_cmake_vendor:/opt/ros/jazzy DEBUGINFOD_URLS=https://debuginfod.ubuntu.com /usr/bin/cmake --build /home/hornet/Desktop/pathfollowingbot/build/pathbot_bringup -- -j16 -l16
[11.051s] DEBUG:colcon.colcon_core.event_handler.log_command:Invoked command in '/home/hornet/Desktop/pathfollowingbot/build/pathbot_bringup' returned '0': AMENT_PREFIX_PATH=/home/hornet/Desktop/pathfollowingbot/install/pathbot_simulation:/home/hornet/Desktop/pathfollowingbot/install/pathbot_navigation:/home/hornet/Desktop/pathfollowingbot/install/pathbot_nodes:/home/hornet/Desktop/pathfollowingbot/install/pathbot_description:/home/hornet/Desktop/pathfollowingbot/install/pathbot_control:${AMENT_PREFIX_PATH} CMAKE_PREFIX_PATH=/home/hornet/Desktop/pathfollowingbot/install/pathbot_simulation:/home/hornet/Desktop/pathfollowingbot/install/pathbot_navigation:/home/hornet/Desktop/pathfollowingbot/install/pathbot_nodes:/home/hornet/Desktop/pathfollowingbot/install/pathbot_description:/home/hornet/Desktop/pathfollowingbot/install/pathbot_control:/opt/ros/jazzy/opt/gz_sim_vendor:/opt/ros/jazzy/opt/gz_sensors_vendor:/opt/ros/jazzy/opt/gz_physics_vendor:/opt/ros/jazzy/opt/sdformat_vendor:/opt/ros/jazzy/opt/gz_gui_vendor:/opt/ros/jazzy/opt/gz_transport_vendor:/opt/ros/jazzy/opt/gz_rendering_vendor:/opt/ros/jazzy/opt/gz_plugin_vendor:/opt/ros/jazzy/opt/gz_fuel_tools_vendor:/opt/ros/jazzy/opt/gz_msgs_vendor:/opt/ros/jazzy/opt/gz_common_vendor:/opt/ros/jazzy/opt/gz_math_vendor:/opt/ros/jazzy/opt/gz_utils_vendor:/opt/ros/jazzy/opt/gz_tools_vendor:/opt/ros/jazzy/opt/gz_ogre_next_vendor:/opt/ros/jazzy/opt/gz_dartsim_vendor:/opt/ros/jazzy/opt/gz_cmake_vendor:/opt/ros/jazzy DEBUGINFOD_URLS=https://debuginfod.ubuntu.com /usr/bin/cmake --build /home/hornet/Desktop/pathfollowingbot/build/pathbot_bringup -- -j16 -l16
[11.051s] DEBUG:colcon.colcon_core.event_handler.log_command:Invoking command in '/home/hornet/Desktop/pathfollowingbot/build/pathbot_bringup': AMENT_PREFIX_PATH=/home/hornet/Desktop/pathfollowingbot/install/pathbot_simulation:/home/hornet/Desktop/pathfollowingbot/install/pathbot_navigation:/home/hornet/Desktop/pathfollowingbot/install/pathbot_nodes:/home/hornet/Desktop/pathfollowingbot/install/pathbot_description:/home/hornet/Desktop/pathfollowingbot/install/pathbot_control:${AMENT_PREFIX_PATH} CMAKE_PREFIX_PATH=/home/hornet/Desktop/pathfollowingbot/install/pathbot_simulation:/home/hornet/Desktop/pathfollowingbot/install/pathbot_navigation:/home/hornet/Desktop/pathfollowingbot/install/pathbot_nodes:/home/hornet/Desktop/pathfollowingbot/install/pathbot_description:/home/hornet/Desktop/pathfollowingbot/install/pathbot_control:/opt/ros/jazzy/opt/gz_sim_vendor:/opt/ros/jazzy/opt/gz_sensors_vendor:/opt/ros/jazzy/opt/gz_physics_vendor:/opt/ros/jazzy/opt/sdformat_vendor:/opt/ros/jazzy/opt/gz_gui_vendor:/opt/ros/jazzy/opt/gz_transport_vendor:/opt/ros/jazzy/opt/gz_rendering_vendor:/opt/ros/jazzy/opt/gz_plugin_vendor:/opt/ros/jazzy/opt/gz_fuel_tools_vendor:/opt/ros/jazzy/opt/gz_msgs_vendor:/opt/ros/jazzy/opt/gz_common_vendor:/opt/ros/jazzy/opt/gz_math_vendor:/opt/ros/jazzy/opt/gz_utils_vendor:/opt/ros/jazzy/opt/gz_tools_vendor:/opt/ros/jazzy/opt/gz_ogre_next_vendor:/opt/ros/jazzy/opt/gz_dartsim_vendor:/opt/ros/jazzy/opt/gz_cmake_vendor:/opt/ros/jazzy DEBUGINFOD_URLS=https://debuginfod.ubuntu.com /usr/bin/cmake --install /home/hornet/Desktop/pathfollowingbot/build/pathbot_bringup
[11.060s] Level 1:colcon.colcon_core.environment:create_environment_scripts_only(pathbot_bringup)
[11.061s] Level 1:colcon.colcon_core.environment:checking '/home/hornet/Desktop/pathfollowingbot/install/pathbot_bringup' for CMake module files
[11.061s] DEBUG:colcon.colcon_core.event_handler.log_command:Invoked command in '/home/hornet/Desktop/pathfollowingbot/build/pathbot_bringup' returned '0': AMENT_PREFIX_PATH=/home/hornet/Desktop/pathfollowingbot/install/pathbot_simulation:/home/hornet/Desktop/pathfollowingbot/install/pathbot_navigation:/home/hornet/Desktop/pathfollowingbot/install/pathbot_nodes:/home/hornet/Desktop/pathfollowingbot/install/pathbot_description:/home/hornet/Desktop/pathfollowingbot/install/pathbot_control:${AMENT_PREFIX_PATH} CMAKE_PREFIX_PATH=/home/hornet/Desktop/pathfollowingbot/install/pathbot_simulation:/home/hornet/Desktop/pathfollowingbot/install/pathbot_navigation:/home/hornet/Desktop/pathfollowingbot/install/pathbot_nodes:/home/hornet/Desktop/pathfollowingbot/install/pathbot_description:/home/hornet/Desktop/pathfollowingbot/install/pathbot_control:/opt/ros/jazzy/opt/gz_sim_vendor:/opt/ros/jazzy/opt/gz_sensors_vendor:/opt/ros/jazzy/opt/gz_physics_vendor:/opt/ros/jazzy/opt/sdformat_vendor:/opt/ros/jazzy/opt/gz_gui_vendor:/opt/ros/jazzy/opt/gz_transport_vendor:/opt/ros/jazzy/opt/gz_rendering_vendor:/opt/ros/jazzy/opt/gz_plugin_vendor:/opt/ros/jazzy/opt/gz_fuel_tools_vendor:/opt/ros/jazzy/opt/gz_msgs_vendor:/opt/ros/jazzy/opt/gz_common_vendor:/opt/ros/jazzy/opt/gz_math_vendor:/opt/ros/jazzy/opt/gz_utils_vendor:/opt/ros/jazzy/opt/gz_tools_vendor:/opt/ros/jazzy/opt/gz_ogre_next_vendor:/opt/ros/jazzy/opt/gz_dartsim_vendor:/opt/ros/jazzy/opt/gz_cmake_vendor:/opt/ros/jazzy DEBUGINFOD_URLS=https://debuginfod.ubuntu.com /usr/bin/cmake --install /home/hornet/Desktop/pathfollowingbot/build/pathbot_bringup
[11.061s] Level 1:colcon.colcon_core.environment:checking '/home/hornet/Desktop/pathfollowingbot/install/pathbot_bringup' for CMake config files
[11.061s] Level 1:colcon.colcon_core.shell:create_environment_hook('pathbot_bringup', 'cmake_prefix_path')
[11.061s] INFO:colcon.colcon_core.shell:Creating environment hook '/home/hornet/Desktop/pathfollowingbot/install/pathbot_bringup/share/pathbot_bringup/hook/cmake_prefix_path.ps1'
[11.062s] INFO:colcon.colcon_core.shell:Creating environment descriptor '/home/hornet/Desktop/pathfollowingbot/install/pathbot_bringup/share/pathbot_bringup/hook/cmake_prefix_path.dsv'
[11.062s] INFO:colcon.colcon_core.shell:Creating environment hook '/home/hornet/Desktop/pathfollowingbot/install/pathbot_bringup/share/pathbot_bringup/hook/cmake_prefix_path.sh'
[11.062s] Level 1:colcon.colcon_core.environment:checking '/home/hornet/Desktop/pathfollowingbot/install/pathbot_bringup/bin'
[11.062s] Level 1:colcon.colcon_core.environment:checking '/home/hornet/Desktop/pathfollowingbot/install/pathbot_bringup/lib/pkgconfig/pathbot_bringup.pc'
[11.062s] Level 1:colcon.colcon_core.environment:checking '/home/hornet/Desktop/pathfollowingbot/install/pathbot_bringup/lib/python3.12/site-packages'
[11.062s] Level 1:colcon.colcon_core.environment:checking '/home/hornet/Desktop/pathfollowingbot/install/pathbot_bringup/bin'
[11.063s] INFO:colcon.colcon_core.shell:Creating package script '/home/hornet/Desktop/pathfollowingbot/install/pathbot_bringup/share/pathbot_bringup/package.ps1'
[11.063s] INFO:colcon.colcon_core.shell:Creating package descriptor '/home/hornet/Desktop/pathfollowingbot/install/pathbot_bringup/share/pathbot_bringup/package.dsv'
[11.063s] INFO:colcon.colcon_core.shell:Creating package script '/home/hornet/Desktop/pathfollowingbot/install/pathbot_bringup/share/pathbot_bringup/package.sh'
[11.064s] INFO:colcon.colcon_core.shell:Creating package script '/home/hornet/Desktop/pathfollowingbot/install/pathbot_bringup/share/pathbot_bringup/package.bash'
[11.064s] INFO:colcon.colcon_core.shell:Creating package script '/home/hornet/Desktop/pathfollowingbot/install/pathbot_bringup/share/pathbot_bringup/package.zsh'
[11.064s] Level 1:colcon.colcon_core.environment:create_file_with_runtime_dependencies(/home/hornet/Desktop/pathfollowingbot/install/pathbot_bringup/share/colcon-core/packages/pathbot_bringup)
[11.064s] Level 1:colcon.colcon_core.environment:create_environment_scripts_only(pathbot_bringup)
[11.064s] Level 1:colcon.colcon_core.environment:checking '/home/hornet/Desktop/pathfollowingbot/install/pathbot_bringup' for CMake module files
[11.065s] Level 1:colcon.colcon_core.environment:checking '/home/hornet/Desktop/pathfollowingbot/install/pathbot_bringup' for CMake config files
[11.065s] Level 1:colcon.colcon_core.shell:create_environment_hook('pathbot_bringup', 'cmake_prefix_path')
[11.065s] INFO:colcon.colcon_core.shell:Creating environment hook '/home/hornet/Desktop/pathfollowingbot/install/pathbot_bringup/share/pathbot_bringup/hook/cmake_prefix_path.ps1'
[11.065s] INFO:colcon.colcon_core.shell:Creating environment descriptor '/home/hornet/Desktop/pathfollowingbot/install/pathbot_bringup/share/pathbot_bringup/hook/cmake_prefix_path.dsv'
[11.065s] INFO:colcon.colcon_core.shell:Creating environment hook '/home/hornet/Desktop/pathfollowingbot/install/pathbot_bringup/share/pathbot_bringup/hook/cmake_prefix_path.sh'
[11.066s] Level 1:colcon.colcon_core.environment:checking '/home/hornet/Desktop/pathfollowingbot/install/pathbot_bringup/bin'
[11.066s] Level 1:colcon.colcon_core.environment:checking '/home/hornet/Desktop/pathfollowingbot/install/pathbot_bringup/lib/pkgconfig/pathbot_bringup.pc'
[11.066s] Level 1:colcon.colcon_core.environment:checking '/home/hornet/Desktop/pathfollowingbot/install/pathbot_bringup/lib/python3.12/site-packages'
[11.066s] Level 1:colcon.colcon_core.environment:checking '/home/hornet/Desktop/pathfollowingbot/install/pathbot_bringup/bin'
[11.066s] INFO:colcon.colcon_core.shell:Creating package script '/home/hornet/Desktop/pathfollowingbot/install/pathbot_bringup/share/pathbot_bringup/package.ps1'
[11.066s] INFO:colcon.colcon_core.shell:Creating package descriptor '/home/hornet/Desktop/pathfollowingbot/install/pathbot_bringup/share/pathbot_bringup/package.dsv'
[11.067s] INFO:colcon.colcon_core.shell:Creating package script '/home/hornet/Desktop/pathfollowingbot/install/pathbot_bringup/share/pathbot_bringup/package.sh'
[11.067s] INFO:colcon.colcon_core.shell:Creating package script '/home/hornet/Desktop/pathfollowingbot/install/pathbot_bringup/share/pathbot_bringup/package.bash'
[11.067s] INFO:colcon.colcon_core.shell:Creating package script '/home/hornet/Desktop/pathfollowingbot/install/pathbot_bringup/share/pathbot_bringup/package.zsh'
[11.067s] Level 1:colcon.colcon_core.environment:create_file_with_runtime_dependencies(/home/hornet/Desktop/pathfollowingbot/install/pathbot_bringup/share/colcon-core/packages/pathbot_bringup)
[11.068s] DEBUG:colcon.colcon_parallel_executor.executor.parallel:closing loop
[11.068s] DEBUG:colcon.colcon_parallel_executor.executor.parallel:loop closed
[11.068s] DEBUG:colcon.colcon_parallel_executor.executor.parallel:run_until_complete finished with '0'
[11.068s] DEBUG:colcon.colcon_core.event_reactor:joining thread
[11.072s] INFO:colcon.colcon_core.plugin_system:Skipping extension 'colcon_notification.desktop_notification.terminal_notifier': Not used on non-Darwin systems
[11.072s] INFO:colcon.colcon_core.plugin_system:Skipping extension 'colcon_notification.desktop_notification.win32': Not used on non-Windows systems
[11.072s] INFO:colcon.colcon_notification.desktop_notification:Sending desktop notification using 'notify2'
[11.083s] DEBUG:colcon.colcon_core.event_reactor:joined thread
[11.084s] INFO:colcon.colcon_core.shell:Creating prefix script '/home/hornet/Desktop/pathfollowingbot/install/local_setup.ps1'
[11.085s] INFO:colcon.colcon_core.shell:Creating prefix util module '/home/hornet/Desktop/pathfollowingbot/install/_local_setup_util_ps1.py'
[11.085s] INFO:colcon.colcon_core.shell:Creating prefix chain script '/home/hornet/Desktop/pathfollowingbot/install/setup.ps1'
[11.086s] INFO:colcon.colcon_core.shell:Creating prefix script '/home/hornet/Desktop/pathfollowingbot/install/local_setup.sh'
[11.086s] INFO:colcon.colcon_core.shell:Creating prefix util module '/home/hornet/Desktop/pathfollowingbot/install/_local_setup_util_sh.py'
[11.087s] INFO:colcon.colcon_core.shell:Creating prefix chain script '/home/hornet/Desktop/pathfollowingbot/install/setup.sh'
[11.087s] INFO:colcon.colcon_core.shell:Creating prefix script '/home/hornet/Desktop/pathfollowingbot/install/local_setup.bash'
[11.087s] INFO:colcon.colcon_core.shell:Creating prefix chain script '/home/hornet/Desktop/pathfollowingbot/install/setup.bash'
[11.088s] INFO:colcon.colcon_core.shell:Creating prefix script '/home/hornet/Desktop/pathfollowingbot/install/local_setup.zsh'
[11.088s] INFO:colcon.colcon_core.shell:Creating prefix chain script '/home/hornet/Desktop/pathfollowingbot/install/setup.zsh'
