[0.009s] Invoking command in '/home/hornet/Desktop/pathfollowingbot/build/pathbot_nodes': CMAKE_PREFIX_PATH=${CMAKE_PREFIX_PATH}:/opt/ros/jazzy DEBUGINFOD_URLS=https://debuginfod.ubuntu.com /usr/bin/cmake /home/hornet/Desktop/pathfollowingbot/src/pathbot_nodes -DCMAKE_INSTALL_PREFIX=/home/hornet/Desktop/pathfollowingbot/install/pathbot_nodes
[0.064s] -- The C compiler identification is GNU 11.5.0
[0.132s] -- The CXX compiler identification is GNU 11.5.0
[0.146s] -- Detecting C compiler ABI info
[0.252s] -- Detecting C compiler ABI info - done
[0.266s] -- Check for working C compiler: /usr/bin/cc - skipped
[0.267s] -- Detecting C compile features
[0.267s] -- Detecting C compile features - done
[0.281s] -- Detecting CXX compiler ABI info
[0.429s] -- Detecting CXX compiler ABI info - done
[0.444s] -- Check for working CXX compiler: /usr/bin/c++ - skipped
[0.444s] -- Detecting CXX compile features
[0.445s] -- Detecting CXX compile features - done
[0.451s] -- Found ament_cmake: 2.5.6 (/opt/ros/jazzy/share/ament_cmake/cmake)
[0.671s] -- Found Python3: /usr/bin/python3 (found version "3.12.3") found components: Interpreter 
[0.808s] -- Found rclcpp: 28.1.21 (/opt/ros/jazzy/share/rclcpp/cmake)
[0.863s] -- Found rosidl_generator_c: 4.6.9 (/opt/ros/jazzy/share/rosidl_generator_c/cmake)
[0.883s] -- Found rosidl_generator_cpp: 4.6.9 (/opt/ros/jazzy/share/rosidl_generator_cpp/cmake)
[0.903s] -- Using all available rosidl_typesupport_c: rosidl_typesupport_fastrtps_c;rosidl_typesupport_introspection_c
[0.927s] -- Using all available rosidl_typesupport_cpp: rosidl_typesupport_fastrtps_cpp;rosidl_typesupport_introspection_cpp
[1.023s] -- Found rmw_implementation_cmake: 7.3.3 (/opt/ros/jazzy/share/rmw_implementation_cmake/cmake)
[1.028s] -- Found rmw_fastrtps_cpp: 8.4.4 (/opt/ros/jazzy/share/rmw_fastrtps_cpp/cmake)
[1.120s] -- Found OpenSSL: /usr/lib/x86_64-linux-gnu/libcrypto.so (found version "3.0.13")  
[1.146s] -- Found FastRTPS: /opt/ros/jazzy/include (Required is at least version "2.13") 
[1.172s] -- Using RMW implementation 'rmw_fastrtps_cpp' as default
[1.267s] -- Found sensor_msgs: 5.3.8 (/opt/ros/jazzy/share/sensor_msgs/cmake)
[1.325s] -- Found ament_lint_auto: 0.17.5 (/opt/ros/jazzy/share/ament_lint_auto/cmake)
[1.448s] -- Added test 'cppcheck' to perform static code analysis on C / C++ code
[1.448s] -- Configured cppcheck include dirs: 
[1.448s] -- Configured cppcheck exclude dirs and/or files: 
[1.449s] -- Added test 'lint_cmake' to check CMake code style
[1.450s] -- Added test 'uncrustify' to check C / C++ code style
[1.450s] -- Configured uncrustify additional arguments: 
[1.450s] -- Added test 'xmllint' to check XML markup files
[1.451s] -- Configuring done (1.4s)
[1.460s] -- Generating done (0.0s)
[1.463s] -- Build files have been written to: /home/hornet/Desktop/pathfollowingbot/build/pathbot_nodes
[1.473s] Invoked command in '/home/hornet/Desktop/pathfollowingbot/build/pathbot_nodes' returned '0': CMAKE_PREFIX_PATH=${CMAKE_PREFIX_PATH}:/opt/ros/jazzy DEBUGINFOD_URLS=https://debuginfod.ubuntu.com /usr/bin/cmake /home/hornet/Desktop/pathfollowingbot/src/pathbot_nodes -DCMAKE_INSTALL_PREFIX=/home/hornet/Desktop/pathfollowingbot/install/pathbot_nodes
[1.474s] Invoking command in '/home/hornet/Desktop/pathfollowingbot/build/pathbot_nodes': CMAKE_PREFIX_PATH=${CMAKE_PREFIX_PATH}:/opt/ros/jazzy DEBUGINFOD_URLS=https://debuginfod.ubuntu.com /usr/bin/cmake --build /home/hornet/Desktop/pathfollowingbot/build/pathbot_nodes -- -j16 -l16
[1.521s] [ 50%] Building CXX object CMakeFiles/scan_frame_corrector.dir/src/scan_frame_corrector.cpp.o
[8.279s] [100%] Linking CXX executable scan_frame_corrector
[8.581s] [100%] Built target scan_frame_corrector
[8.593s] Invoked command in '/home/hornet/Desktop/pathfollowingbot/build/pathbot_nodes' returned '0': CMAKE_PREFIX_PATH=${CMAKE_PREFIX_PATH}:/opt/ros/jazzy DEBUGINFOD_URLS=https://debuginfod.ubuntu.com /usr/bin/cmake --build /home/hornet/Desktop/pathfollowingbot/build/pathbot_nodes -- -j16 -l16
[8.594s] Invoking command in '/home/hornet/Desktop/pathfollowingbot/build/pathbot_nodes': CMAKE_PREFIX_PATH=${CMAKE_PREFIX_PATH}:/opt/ros/jazzy DEBUGINFOD_URLS=https://debuginfod.ubuntu.com /usr/bin/cmake --install /home/hornet/Desktop/pathfollowingbot/build/pathbot_nodes
[8.602s] -- Install configuration: ""
[8.603s] -- Installing: /home/hornet/Desktop/pathfollowingbot/install/pathbot_nodes/lib/pathbot_nodes/scan_frame_corrector
[8.606s] -- Set non-toolchain portion of runtime path of "/home/hornet/Desktop/pathfollowingbot/install/pathbot_nodes/lib/pathbot_nodes/scan_frame_corrector" to ""
[8.606s] -- Installing: /home/hornet/Desktop/pathfollowingbot/install/pathbot_nodes/share/ament_index/resource_index/package_run_dependencies/pathbot_nodes
[8.606s] -- Installing: /home/hornet/Desktop/pathfollowingbot/install/pathbot_nodes/share/ament_index/resource_index/parent_prefix_path/pathbot_nodes
[8.606s] -- Installing: /home/hornet/Desktop/pathfollowingbot/install/pathbot_nodes/share/pathbot_nodes/environment/ament_prefix_path.sh
[8.606s] -- Installing: /home/hornet/Desktop/pathfollowingbot/install/pathbot_nodes/share/pathbot_nodes/environment/ament_prefix_path.dsv
[8.606s] -- Installing: /home/hornet/Desktop/pathfollowingbot/install/pathbot_nodes/share/pathbot_nodes/environment/path.sh
[8.607s] -- Installing: /home/hornet/Desktop/pathfollowingbot/install/pathbot_nodes/share/pathbot_nodes/environment/path.dsv
[8.607s] -- Installing: /home/hornet/Desktop/pathfollowingbot/install/pathbot_nodes/share/pathbot_nodes/local_setup.bash
[8.607s] -- Installing: /home/hornet/Desktop/pathfollowingbot/install/pathbot_nodes/share/pathbot_nodes/local_setup.sh
[8.607s] -- Installing: /home/hornet/Desktop/pathfollowingbot/install/pathbot_nodes/share/pathbot_nodes/local_setup.zsh
[8.607s] -- Installing: /home/hornet/Desktop/pathfollowingbot/install/pathbot_nodes/share/pathbot_nodes/local_setup.dsv
[8.607s] -- Installing: /home/hornet/Desktop/pathfollowingbot/install/pathbot_nodes/share/pathbot_nodes/package.dsv
[8.607s] -- Installing: /home/hornet/Desktop/pathfollowingbot/install/pathbot_nodes/share/ament_index/resource_index/packages/pathbot_nodes
[8.607s] -- Installing: /home/hornet/Desktop/pathfollowingbot/install/pathbot_nodes/share/pathbot_nodes/cmake/pathbot_nodesConfig.cmake
[8.607s] -- Installing: /home/hornet/Desktop/pathfollowingbot/install/pathbot_nodes/share/pathbot_nodes/cmake/pathbot_nodesConfig-version.cmake
[8.607s] -- Installing: /home/hornet/Desktop/pathfollowingbot/install/pathbot_nodes/share/pathbot_nodes/package.xml
[8.608s] Invoked command in '/home/hornet/Desktop/pathfollowingbot/build/pathbot_nodes' returned '0': CMAKE_PREFIX_PATH=${CMAKE_PREFIX_PATH}:/opt/ros/jazzy DEBUGINFOD_URLS=https://debuginfod.ubuntu.com /usr/bin/cmake --install /home/hornet/Desktop/pathfollowingbot/build/pathbot_nodes
