[0.006s] Invoking command in '/home/hornet/Desktop/pathfollowingbot/build/pathbot_simulation': AMENT_PREFIX_PATH=/home/hornet/Desktop/pathfollowingbot/install/pathbot_description:${AMENT_PREFIX_PATH} CMAKE_PREFIX_PATH=/home/hornet/Desktop/pathfollowingbot/install/pathbot_description:/opt/ros/jazzy/opt/gz_sim_vendor:/opt/ros/jazzy/opt/gz_sensors_vendor:/opt/ros/jazzy/opt/gz_physics_vendor:/opt/ros/jazzy/opt/sdformat_vendor:/opt/ros/jazzy/opt/gz_gui_vendor:/opt/ros/jazzy/opt/gz_transport_vendor:/opt/ros/jazzy/opt/gz_rendering_vendor:/opt/ros/jazzy/opt/gz_plugin_vendor:/opt/ros/jazzy/opt/gz_fuel_tools_vendor:/opt/ros/jazzy/opt/gz_msgs_vendor:/opt/ros/jazzy/opt/gz_common_vendor:/opt/ros/jazzy/opt/gz_math_vendor:/opt/ros/jazzy/opt/gz_utils_vendor:/opt/ros/jazzy/opt/gz_tools_vendor:/opt/ros/jazzy/opt/gz_ogre_next_vendor:/opt/ros/jazzy/opt/gz_dartsim_vendor:/opt/ros/jazzy/opt/gz_cmake_vendor:/opt/ros/jazzy DEBUGINFOD_URLS=https://debuginfod.ubuntu.com /usr/bin/cmake --build /home/hornet/Desktop/pathfollowingbot/build/pathbot_simulation -- -j16 -l16
[0.036s] Invoked command in '/home/hornet/Desktop/pathfollowingbot/build/pathbot_simulation' returned '0': AMENT_PREFIX_PATH=/home/hornet/Desktop/pathfollowingbot/install/pathbot_description:${AMENT_PREFIX_PATH} CMAKE_PREFIX_PATH=/home/hornet/Desktop/pathfollowingbot/install/pathbot_description:/opt/ros/jazzy/opt/gz_sim_vendor:/opt/ros/jazzy/opt/gz_sensors_vendor:/opt/ros/jazzy/opt/gz_physics_vendor:/opt/ros/jazzy/opt/sdformat_vendor:/opt/ros/jazzy/opt/gz_gui_vendor:/opt/ros/jazzy/opt/gz_transport_vendor:/opt/ros/jazzy/opt/gz_rendering_vendor:/opt/ros/jazzy/opt/gz_plugin_vendor:/opt/ros/jazzy/opt/gz_fuel_tools_vendor:/opt/ros/jazzy/opt/gz_msgs_vendor:/opt/ros/jazzy/opt/gz_common_vendor:/opt/ros/jazzy/opt/gz_math_vendor:/opt/ros/jazzy/opt/gz_utils_vendor:/opt/ros/jazzy/opt/gz_tools_vendor:/opt/ros/jazzy/opt/gz_ogre_next_vendor:/opt/ros/jazzy/opt/gz_dartsim_vendor:/opt/ros/jazzy/opt/gz_cmake_vendor:/opt/ros/jazzy DEBUGINFOD_URLS=https://debuginfod.ubuntu.com /usr/bin/cmake --build /home/hornet/Desktop/pathfollowingbot/build/pathbot_simulation -- -j16 -l16
[0.037s] Invoking command in '/home/hornet/Desktop/pathfollowingbot/build/pathbot_simulation': AMENT_PREFIX_PATH=/home/hornet/Desktop/pathfollowingbot/install/pathbot_description:${AMENT_PREFIX_PATH} CMAKE_PREFIX_PATH=/home/hornet/Desktop/pathfollowingbot/install/pathbot_description:/opt/ros/jazzy/opt/gz_sim_vendor:/opt/ros/jazzy/opt/gz_sensors_vendor:/opt/ros/jazzy/opt/gz_physics_vendor:/opt/ros/jazzy/opt/sdformat_vendor:/opt/ros/jazzy/opt/gz_gui_vendor:/opt/ros/jazzy/opt/gz_transport_vendor:/opt/ros/jazzy/opt/gz_rendering_vendor:/opt/ros/jazzy/opt/gz_plugin_vendor:/opt/ros/jazzy/opt/gz_fuel_tools_vendor:/opt/ros/jazzy/opt/gz_msgs_vendor:/opt/ros/jazzy/opt/gz_common_vendor:/opt/ros/jazzy/opt/gz_math_vendor:/opt/ros/jazzy/opt/gz_utils_vendor:/opt/ros/jazzy/opt/gz_tools_vendor:/opt/ros/jazzy/opt/gz_ogre_next_vendor:/opt/ros/jazzy/opt/gz_dartsim_vendor:/opt/ros/jazzy/opt/gz_cmake_vendor:/opt/ros/jazzy DEBUGINFOD_URLS=https://debuginfod.ubuntu.com /usr/bin/cmake --install /home/hornet/Desktop/pathfollowingbot/build/pathbot_simulation
[0.044s] -- Install configuration: ""
[0.044s] -- Execute custom install script
[0.044s] -- Up-to-date symlink: /home/hornet/Desktop/pathfollowingbot/install/pathbot_simulation/share/pathbot_simulation/launch/gazebo_model.launch.py
[0.044s] -- Up-to-date symlink: /home/hornet/Desktop/pathfollowingbot/install/pathbot_simulation/share/pathbot_simulation/launch/spawn_in_track.launch.py
[0.044s] -- Up-to-date symlink: /home/hornet/Desktop/pathfollowingbot/install/pathbot_simulation/share/pathbot_simulation/worlds/small_warehouse.world
[0.045s] -- Up-to-date symlink: /home/hornet/Desktop/pathfollowingbot/install/pathbot_simulation/share/pathbot_simulation/models/aws_robomaker_warehouse_Bucket_01/materials/textures/aws_robomaker_warehouse_Bucket_01.png
[0.045s] -- Up-to-date symlink: /home/hornet/Desktop/pathfollowingbot/install/pathbot_simulation/share/pathbot_simulation/models/aws_robomaker_warehouse_Bucket_01/meshes/aws_robomaker_warehouse_Bucket_01_collision.DAE
[0.045s] -- Up-to-date symlink: /home/hornet/Desktop/pathfollowingbot/install/pathbot_simulation/share/pathbot_simulation/models/aws_robomaker_warehouse_Bucket_01/meshes/aws_robomaker_warehouse_Bucket_01_visual.DAE
[0.046s] -- Up-to-date symlink: /home/hornet/Desktop/pathfollowingbot/install/pathbot_simulation/share/pathbot_simulation/models/aws_robomaker_warehouse_Bucket_01/model.config
[0.046s] -- Up-to-date symlink: /home/hornet/Desktop/pathfollowingbot/install/pathbot_simulation/share/pathbot_simulation/models/aws_robomaker_warehouse_Bucket_01/model.sdf
[0.046s] -- Up-to-date symlink: /home/hornet/Desktop/pathfollowingbot/install/pathbot_simulation/share/pathbot_simulation/models/aws_robomaker_warehouse_ClutteringA_01/materials/textures/aws_robomaker_warehouse_ClutteringA_01.png
[0.046s] -- Up-to-date symlink: /home/hornet/Desktop/pathfollowingbot/install/pathbot_simulation/share/pathbot_simulation/models/aws_robomaker_warehouse_ClutteringA_01/materials/textures/aws_robomaker_warehouse_ClutteringA_02.png
[0.046s] -- Up-to-date symlink: /home/hornet/Desktop/pathfollowingbot/install/pathbot_simulation/share/pathbot_simulation/models/aws_robomaker_warehouse_ClutteringA_01/materials/textures/aws_robomaker_warehouse_ClutteringA_03.png
[0.046s] -- Up-to-date symlink: /home/hornet/Desktop/pathfollowingbot/install/pathbot_simulation/share/pathbot_simulation/models/aws_robomaker_warehouse_ClutteringA_01/meshes/aws_robomaker_warehouse_ClutteringA_01_collision.DAE
[0.046s] -- Up-to-date symlink: /home/hornet/Desktop/pathfollowingbot/install/pathbot_simulation/share/pathbot_simulation/models/aws_robomaker_warehouse_ClutteringA_01/meshes/aws_robomaker_warehouse_ClutteringA_01_visual.DAE
[0.046s] -- Up-to-date symlink: /home/hornet/Desktop/pathfollowingbot/install/pathbot_simulation/share/pathbot_simulation/models/aws_robomaker_warehouse_ClutteringA_01/model.config
[0.046s] -- Up-to-date symlink: /home/hornet/Desktop/pathfollowingbot/install/pathbot_simulation/share/pathbot_simulation/models/aws_robomaker_warehouse_ClutteringA_01/model.sdf
[0.047s] -- Up-to-date symlink: /home/hornet/Desktop/pathfollowingbot/install/pathbot_simulation/share/pathbot_simulation/models/aws_robomaker_warehouse_ClutteringC_01/materials/textures/aws_robomaker_warehouse_ClutteringC_01.png
[0.047s] -- Up-to-date symlink: /home/hornet/Desktop/pathfollowingbot/install/pathbot_simulation/share/pathbot_simulation/models/aws_robomaker_warehouse_ClutteringC_01/materials/textures/aws_robomaker_warehouse_ClutteringC_02.png
[0.047s] -- Up-to-date symlink: /home/hornet/Desktop/pathfollowingbot/install/pathbot_simulation/share/pathbot_simulation/models/aws_robomaker_warehouse_ClutteringC_01/meshes/aws_robomaker_warehouse_ClutteringC_01_collision.DAE
[0.047s] -- Up-to-date symlink: /home/hornet/Desktop/pathfollowingbot/install/pathbot_simulation/share/pathbot_simulation/models/aws_robomaker_warehouse_ClutteringC_01/meshes/aws_robomaker_warehouse_ClutteringC_01_visual.DAE
[0.047s] -- Up-to-date symlink: /home/hornet/Desktop/pathfollowingbot/install/pathbot_simulation/share/pathbot_simulation/models/aws_robomaker_warehouse_ClutteringC_01/model.config
[0.047s] -- Up-to-date symlink: /home/hornet/Desktop/pathfollowingbot/install/pathbot_simulation/share/pathbot_simulation/models/aws_robomaker_warehouse_ClutteringC_01/model.sdf
[0.047s] -- Up-to-date symlink: /home/hornet/Desktop/pathfollowingbot/install/pathbot_simulation/share/pathbot_simulation/models/aws_robomaker_warehouse_ClutteringD_01/materials/textures/aws_robomaker_warehouse_ClutteringD_01.png
[0.048s] -- Up-to-date symlink: /home/hornet/Desktop/pathfollowingbot/install/pathbot_simulation/share/pathbot_simulation/models/aws_robomaker_warehouse_ClutteringD_01/materials/textures/aws_robomaker_warehouse_ClutteringD_02.png
[0.048s] -- Up-to-date symlink: /home/hornet/Desktop/pathfollowingbot/install/pathbot_simulation/share/pathbot_simulation/models/aws_robomaker_warehouse_ClutteringD_01/meshes/aws_robomaker_warehouse_ClutteringD_01_collision.DAE
[0.048s] -- Up-to-date symlink: /home/hornet/Desktop/pathfollowingbot/install/pathbot_simulation/share/pathbot_simulation/models/aws_robomaker_warehouse_ClutteringD_01/meshes/aws_robomaker_warehouse_ClutteringD_01_visual.DAE
[0.048s] -- Up-to-date symlink: /home/hornet/Desktop/pathfollowingbot/install/pathbot_simulation/share/pathbot_simulation/models/aws_robomaker_warehouse_ClutteringD_01/model.config
[0.048s] -- Up-to-date symlink: /home/hornet/Desktop/pathfollowingbot/install/pathbot_simulation/share/pathbot_simulation/models/aws_robomaker_warehouse_ClutteringD_01/model.sdf
[0.048s] -- Up-to-date symlink: /home/hornet/Desktop/pathfollowingbot/install/pathbot_simulation/share/pathbot_simulation/models/aws_robomaker_warehouse_DeskC_01/materials/textures/aws_robomaker_warehouse_DeskC_01.png
[0.049s] -- Up-to-date symlink: /home/hornet/Desktop/pathfollowingbot/install/pathbot_simulation/share/pathbot_simulation/models/aws_robomaker_warehouse_DeskC_01/materials/textures/aws_robomaker_warehouse_DeskC_02.png
[0.049s] -- Up-to-date symlink: /home/hornet/Desktop/pathfollowingbot/install/pathbot_simulation/share/pathbot_simulation/models/aws_robomaker_warehouse_DeskC_01/materials/textures/aws_robomaker_warehouse_DeskC_03.png
[0.049s] -- Up-to-date symlink: /home/hornet/Desktop/pathfollowingbot/install/pathbot_simulation/share/pathbot_simulation/models/aws_robomaker_warehouse_DeskC_01/materials/textures/aws_robomaker_warehouse_DeskC_03.psd
[0.049s] -- Up-to-date symlink: /home/hornet/Desktop/pathfollowingbot/install/pathbot_simulation/share/pathbot_simulation/models/aws_robomaker_warehouse_DeskC_01/materials/textures/aws_robomaker_warehouse_DeskC_04.png
[0.049s] -- Up-to-date symlink: /home/hornet/Desktop/pathfollowingbot/install/pathbot_simulation/share/pathbot_simulation/models/aws_robomaker_warehouse_DeskC_01/meshes/aws_robomaker_warehouse_DeskC_01_collision.DAE
[0.049s] -- Up-to-date symlink: /home/hornet/Desktop/pathfollowingbot/install/pathbot_simulation/share/pathbot_simulation/models/aws_robomaker_warehouse_DeskC_01/meshes/aws_robomaker_warehouse_DeskC_01_visual.DAE
[0.049s] -- Up-to-date symlink: /home/hornet/Desktop/pathfollowingbot/install/pathbot_simulation/share/pathbot_simulation/models/aws_robomaker_warehouse_DeskC_01/model.config
[0.049s] -- Up-to-date symlink: /home/hornet/Desktop/pathfollowingbot/install/pathbot_simulation/share/pathbot_simulation/models/aws_robomaker_warehouse_DeskC_01/model.sdf
[0.049s] -- Up-to-date symlink: /home/hornet/Desktop/pathfollowingbot/install/pathbot_simulation/share/pathbot_simulation/models/aws_robomaker_warehouse_GroundB_01/materials/textures/aws_robomaker_warehouse_GroundB_01.png
[0.050s] -- Up-to-date symlink: /home/hornet/Desktop/pathfollowingbot/install/pathbot_simulation/share/pathbot_simulation/models/aws_robomaker_warehouse_GroundB_01/materials/textures/aws_robomaker_warehouse_GroundB_02.png
[0.050s] -- Up-to-date symlink: /home/hornet/Desktop/pathfollowingbot/install/pathbot_simulation/share/pathbot_simulation/models/aws_robomaker_warehouse_GroundB_01/meshes/aws_robomaker_warehouse_GroundB_01_collision.DAE
[0.050s] -- Up-to-date symlink: /home/hornet/Desktop/pathfollowingbot/install/pathbot_simulation/share/pathbot_simulation/models/aws_robomaker_warehouse_GroundB_01/meshes/aws_robomaker_warehouse_GroundB_01_visual.DAE
[0.050s] -- Up-to-date symlink: /home/hornet/Desktop/pathfollowingbot/install/pathbot_simulation/share/pathbot_simulation/models/aws_robomaker_warehouse_GroundB_01/model.config
[0.050s] -- Up-to-date symlink: /home/hornet/Desktop/pathfollowingbot/install/pathbot_simulation/share/pathbot_simulation/models/aws_robomaker_warehouse_GroundB_01/model.sdf
[0.050s] -- Up-to-date symlink: /home/hornet/Desktop/pathfollowingbot/install/pathbot_simulation/share/pathbot_simulation/models/aws_robomaker_warehouse_Lamp_01/materials/textures/aws_robomaker_warehouse_Lamp_01.png
[0.050s] -- Up-to-date symlink: /home/hornet/Desktop/pathfollowingbot/install/pathbot_simulation/share/pathbot_simulation/models/aws_robomaker_warehouse_Lamp_01/meshes/aws_robomaker_warehouse_Lamp_01_collision.DAE
[0.050s] -- Up-to-date symlink: /home/hornet/Desktop/pathfollowingbot/install/pathbot_simulation/share/pathbot_simulation/models/aws_robomaker_warehouse_Lamp_01/meshes/aws_robomaker_warehouse_Lamp_01_visual.DAE
[0.050s] -- Up-to-date symlink: /home/hornet/Desktop/pathfollowingbot/install/pathbot_simulation/share/pathbot_simulation/models/aws_robomaker_warehouse_Lamp_01/model.config
[0.050s] -- Up-to-date symlink: /home/hornet/Desktop/pathfollowingbot/install/pathbot_simulation/share/pathbot_simulation/models/aws_robomaker_warehouse_Lamp_01/model.sdf
[0.051s] -- Up-to-date symlink: /home/hornet/Desktop/pathfollowingbot/install/pathbot_simulation/share/pathbot_simulation/models/aws_robomaker_warehouse_PalletJackB_01/materials/textures/aws_robomaker_warehouse_PalletJackB_01.png
[0.051s] -- Up-to-date symlink: /home/hornet/Desktop/pathfollowingbot/install/pathbot_simulation/share/pathbot_simulation/models/aws_robomaker_warehouse_PalletJackB_01/materials/textures/aws_robomaker_warehouse_PalletJackB_02.png
[0.051s] -- Up-to-date symlink: /home/hornet/Desktop/pathfollowingbot/install/pathbot_simulation/share/pathbot_simulation/models/aws_robomaker_warehouse_PalletJackB_01/meshes/aws_robomaker_warehouse_PalletJackB_01_collision.DAE
[0.051s] -- Up-to-date symlink: /home/hornet/Desktop/pathfollowingbot/install/pathbot_simulation/share/pathbot_simulation/models/aws_robomaker_warehouse_PalletJackB_01/meshes/aws_robomaker_warehouse_PalletJackB_01_visual.DAE
[0.051s] -- Up-to-date symlink: /home/hornet/Desktop/pathfollowingbot/install/pathbot_simulation/share/pathbot_simulation/models/aws_robomaker_warehouse_PalletJackB_01/model.config
[0.051s] -- Up-to-date symlink: /home/hornet/Desktop/pathfollowingbot/install/pathbot_simulation/share/pathbot_simulation/models/aws_robomaker_warehouse_PalletJackB_01/model.sdf
[0.051s] -- Up-to-date symlink: /home/hornet/Desktop/pathfollowingbot/install/pathbot_simulation/share/pathbot_simulation/models/aws_robomaker_warehouse_RoofB_01/materials/textures/aws_robomaker_warehouse_RoofB_01.png
[0.051s] -- Up-to-date symlink: /home/hornet/Desktop/pathfollowingbot/install/pathbot_simulation/share/pathbot_simulation/models/aws_robomaker_warehouse_RoofB_01/meshes/aws_robomaker_warehouse_RoofB_01_collision.DAE
[0.051s] -- Up-to-date symlink: /home/hornet/Desktop/pathfollowingbot/install/pathbot_simulation/share/pathbot_simulation/models/aws_robomaker_warehouse_RoofB_01/meshes/aws_robomaker_warehouse_RoofB_01_visual.DAE
[0.051s] -- Up-to-date symlink: /home/hornet/Desktop/pathfollowingbot/install/pathbot_simulation/share/pathbot_simulation/models/aws_robomaker_warehouse_RoofB_01/model.config
[0.051s] -- Up-to-date symlink: /home/hornet/Desktop/pathfollowingbot/install/pathbot_simulation/share/pathbot_simulation/models/aws_robomaker_warehouse_RoofB_01/model.sdf
[0.051s] -- Up-to-date symlink: /home/hornet/Desktop/pathfollowingbot/install/pathbot_simulation/share/pathbot_simulation/models/aws_robomaker_warehouse_ShelfD_01/materials/textures/aws_robomaker_warehouse_ShelfD_01.png
[0.051s] -- Up-to-date symlink: /home/hornet/Desktop/pathfollowingbot/install/pathbot_simulation/share/pathbot_simulation/models/aws_robomaker_warehouse_ShelfD_01/materials/textures/aws_robomaker_warehouse_ShelfD_02.png
[0.052s] -- Up-to-date symlink: /home/hornet/Desktop/pathfollowingbot/install/pathbot_simulation/share/pathbot_simulation/models/aws_robomaker_warehouse_ShelfD_01/materials/textures/aws_robomaker_warehouse_ShelfD_03.png
[0.052s] -- Up-to-date symlink: /home/hornet/Desktop/pathfollowingbot/install/pathbot_simulation/share/pathbot_simulation/models/aws_robomaker_warehouse_ShelfD_01/materials/textures/aws_robomaker_warehouse_ShelfD_04.png
[0.052s] -- Up-to-date symlink: /home/hornet/Desktop/pathfollowingbot/install/pathbot_simulation/share/pathbot_simulation/models/aws_robomaker_warehouse_ShelfD_01/meshes/aws_robomaker_warehouse_ShelfD_01_collision.DAE
[0.052s] -- Up-to-date symlink: /home/hornet/Desktop/pathfollowingbot/install/pathbot_simulation/share/pathbot_simulation/models/aws_robomaker_warehouse_ShelfD_01/meshes/aws_robomaker_warehouse_ShelfD_01_visual.DAE
[0.052s] -- Up-to-date symlink: /home/hornet/Desktop/pathfollowingbot/install/pathbot_simulation/share/pathbot_simulation/models/aws_robomaker_warehouse_ShelfD_01/model.config
[0.052s] -- Up-to-date symlink: /home/hornet/Desktop/pathfollowingbot/install/pathbot_simulation/share/pathbot_simulation/models/aws_robomaker_warehouse_ShelfD_01/model.sdf
[0.052s] -- Up-to-date symlink: /home/hornet/Desktop/pathfollowingbot/install/pathbot_simulation/share/pathbot_simulation/models/aws_robomaker_warehouse_ShelfE_01/materials/textures/aws_robomaker_warehouse_ShelfE_01.png
[0.052s] -- Up-to-date symlink: /home/hornet/Desktop/pathfollowingbot/install/pathbot_simulation/share/pathbot_simulation/models/aws_robomaker_warehouse_ShelfE_01/materials/textures/aws_robomaker_warehouse_ShelfE_02.png
[0.052s] -- Up-to-date symlink: /home/hornet/Desktop/pathfollowingbot/install/pathbot_simulation/share/pathbot_simulation/models/aws_robomaker_warehouse_ShelfE_01/materials/textures/aws_robomaker_warehouse_ShelfE_03.png
[0.052s] -- Up-to-date symlink: /home/hornet/Desktop/pathfollowingbot/install/pathbot_simulation/share/pathbot_simulation/models/aws_robomaker_warehouse_ShelfE_01/materials/textures/aws_robomaker_warehouse_ShelfE_04.png
[0.052s] -- Up-to-date symlink: /home/hornet/Desktop/pathfollowingbot/install/pathbot_simulation/share/pathbot_simulation/models/aws_robomaker_warehouse_ShelfE_01/meshes/aws_robomaker_warehouse_ShelfE_01_collision.DAE
[0.052s] -- Up-to-date symlink: /home/hornet/Desktop/pathfollowingbot/install/pathbot_simulation/share/pathbot_simulation/models/aws_robomaker_warehouse_ShelfE_01/meshes/aws_robomaker_warehouse_ShelfE_01_visual.DAE
[0.053s] -- Up-to-date symlink: /home/hornet/Desktop/pathfollowingbot/install/pathbot_simulation/share/pathbot_simulation/models/aws_robomaker_warehouse_ShelfE_01/model.config
[0.053s] -- Up-to-date symlink: /home/hornet/Desktop/pathfollowingbot/install/pathbot_simulation/share/pathbot_simulation/models/aws_robomaker_warehouse_ShelfE_01/model.sdf
[0.053s] -- Up-to-date symlink: /home/hornet/Desktop/pathfollowingbot/install/pathbot_simulation/share/pathbot_simulation/models/aws_robomaker_warehouse_ShelfF_01/materials/textures/aws_robomaker_warehouse_ShelfF_01.png
[0.053s] -- Up-to-date symlink: /home/hornet/Desktop/pathfollowingbot/install/pathbot_simulation/share/pathbot_simulation/models/aws_robomaker_warehouse_ShelfF_01/materials/textures/aws_robomaker_warehouse_ShelfF_02.png
[0.053s] -- Up-to-date symlink: /home/hornet/Desktop/pathfollowingbot/install/pathbot_simulation/share/pathbot_simulation/models/aws_robomaker_warehouse_ShelfF_01/materials/textures/aws_robomaker_warehouse_ShelfF_03.png
[0.053s] -- Up-to-date symlink: /home/hornet/Desktop/pathfollowingbot/install/pathbot_simulation/share/pathbot_simulation/models/aws_robomaker_warehouse_ShelfF_01/meshes/aws_robomaker_warehouse_ShelfF_01_collision.DAE
[0.053s] -- Up-to-date symlink: /home/hornet/Desktop/pathfollowingbot/install/pathbot_simulation/share/pathbot_simulation/models/aws_robomaker_warehouse_ShelfF_01/meshes/aws_robomaker_warehouse_ShelfF_01_visual.DAE
[0.053s] -- Up-to-date symlink: /home/hornet/Desktop/pathfollowingbot/install/pathbot_simulation/share/pathbot_simulation/models/aws_robomaker_warehouse_ShelfF_01/model.config
[0.053s] -- Up-to-date symlink: /home/hornet/Desktop/pathfollowingbot/install/pathbot_simulation/share/pathbot_simulation/models/aws_robomaker_warehouse_ShelfF_01/model.sdf
[0.053s] -- Up-to-date symlink: /home/hornet/Desktop/pathfollowingbot/install/pathbot_simulation/share/pathbot_simulation/models/aws_robomaker_warehouse_TrashCanC_01/materials/textures/aws_robomaker_warehouse_TrashCanC_01.png
[0.053s] -- Up-to-date symlink: /home/hornet/Desktop/pathfollowingbot/install/pathbot_simulation/share/pathbot_simulation/models/aws_robomaker_warehouse_TrashCanC_01/meshes/aws_robomaker_warehouse_TrashCanC_01_collision.DAE
[0.054s] -- Up-to-date symlink: /home/hornet/Desktop/pathfollowingbot/install/pathbot_simulation/share/pathbot_simulation/models/aws_robomaker_warehouse_TrashCanC_01/meshes/aws_robomaker_warehouse_TrashCanC_01_visual.DAE
[0.054s] -- Up-to-date symlink: /home/hornet/Desktop/pathfollowingbot/install/pathbot_simulation/share/pathbot_simulation/models/aws_robomaker_warehouse_TrashCanC_01/model.config
[0.054s] -- Up-to-date symlink: /home/hornet/Desktop/pathfollowingbot/install/pathbot_simulation/share/pathbot_simulation/models/aws_robomaker_warehouse_TrashCanC_01/model.sdf
[0.054s] -- Up-to-date symlink: /home/hornet/Desktop/pathfollowingbot/install/pathbot_simulation/share/pathbot_simulation/models/aws_robomaker_warehouse_WallB_01/materials/textures/aws_robomaker_warehouse_WallB_01.png
[0.054s] -- Up-to-date symlink: /home/hornet/Desktop/pathfollowingbot/install/pathbot_simulation/share/pathbot_simulation/models/aws_robomaker_warehouse_WallB_01/meshes/aws_robomaker_warehouse_WallB_01_collision.DAE
[0.054s] -- Up-to-date symlink: /home/hornet/Desktop/pathfollowingbot/install/pathbot_simulation/share/pathbot_simulation/models/aws_robomaker_warehouse_WallB_01/meshes/aws_robomaker_warehouse_WallB_01_visual.DAE
[0.054s] -- Up-to-date symlink: /home/hornet/Desktop/pathfollowingbot/install/pathbot_simulation/share/pathbot_simulation/models/aws_robomaker_warehouse_WallB_01/model.config
[0.054s] -- Up-to-date symlink: /home/hornet/Desktop/pathfollowingbot/install/pathbot_simulation/share/pathbot_simulation/models/aws_robomaker_warehouse_WallB_01/model.sdf
[0.054s] -- Up-to-date symlink: /home/hornet/Desktop/pathfollowingbot/install/pathbot_simulation/share/pathbot_simulation/config/bridge_parameters.yaml
[0.054s] -- Up-to-date symlink: /home/hornet/Desktop/pathfollowingbot/install/pathbot_simulation/share/ament_index/resource_index/package_run_dependencies/pathbot_simulation
[0.054s] -- Up-to-date symlink: /home/hornet/Desktop/pathfollowingbot/install/pathbot_simulation/share/ament_index/resource_index/parent_prefix_path/pathbot_simulation
[0.055s] -- Up-to-date symlink: /home/hornet/Desktop/pathfollowingbot/install/pathbot_simulation/share/pathbot_simulation/environment/ament_prefix_path.sh
[0.055s] -- Up-to-date symlink: /home/hornet/Desktop/pathfollowingbot/install/pathbot_simulation/share/pathbot_simulation/environment/ament_prefix_path.dsv
[0.055s] -- Up-to-date symlink: /home/hornet/Desktop/pathfollowingbot/install/pathbot_simulation/share/pathbot_simulation/environment/path.sh
[0.055s] -- Up-to-date symlink: /home/hornet/Desktop/pathfollowingbot/install/pathbot_simulation/share/pathbot_simulation/environment/path.dsv
[0.055s] -- Up-to-date symlink: /home/hornet/Desktop/pathfollowingbot/install/pathbot_simulation/share/pathbot_simulation/local_setup.bash
[0.055s] -- Up-to-date symlink: /home/hornet/Desktop/pathfollowingbot/install/pathbot_simulation/share/pathbot_simulation/local_setup.sh
[0.055s] -- Up-to-date symlink: /home/hornet/Desktop/pathfollowingbot/install/pathbot_simulation/share/pathbot_simulation/local_setup.zsh
[0.055s] -- Up-to-date symlink: /home/hornet/Desktop/pathfollowingbot/install/pathbot_simulation/share/pathbot_simulation/local_setup.dsv
[0.055s] -- Symlinking: /home/hornet/Desktop/pathfollowingbot/install/pathbot_simulation/share/pathbot_simulation/package.dsv
[0.061s] -- Up-to-date symlink: /home/hornet/Desktop/pathfollowingbot/install/pathbot_simulation/share/ament_index/resource_index/packages/pathbot_simulation
[0.061s] -- Up-to-date symlink: /home/hornet/Desktop/pathfollowingbot/install/pathbot_simulation/share/pathbot_simulation/cmake/pathbot_simulationConfig.cmake
[0.061s] -- Up-to-date symlink: /home/hornet/Desktop/pathfollowingbot/install/pathbot_simulation/share/pathbot_simulation/cmake/pathbot_simulationConfig-version.cmake
[0.061s] -- Up-to-date symlink: /home/hornet/Desktop/pathfollowingbot/install/pathbot_simulation/share/pathbot_simulation/package.xml
[0.063s] Invoked command in '/home/hornet/Desktop/pathfollowingbot/build/pathbot_simulation' returned '0': AMENT_PREFIX_PATH=/home/hornet/Desktop/pathfollowingbot/install/pathbot_description:${AMENT_PREFIX_PATH} CMAKE_PREFIX_PATH=/home/hornet/Desktop/pathfollowingbot/install/pathbot_description:/opt/ros/jazzy/opt/gz_sim_vendor:/opt/ros/jazzy/opt/gz_sensors_vendor:/opt/ros/jazzy/opt/gz_physics_vendor:/opt/ros/jazzy/opt/sdformat_vendor:/opt/ros/jazzy/opt/gz_gui_vendor:/opt/ros/jazzy/opt/gz_transport_vendor:/opt/ros/jazzy/opt/gz_rendering_vendor:/opt/ros/jazzy/opt/gz_plugin_vendor:/opt/ros/jazzy/opt/gz_fuel_tools_vendor:/opt/ros/jazzy/opt/gz_msgs_vendor:/opt/ros/jazzy/opt/gz_common_vendor:/opt/ros/jazzy/opt/gz_math_vendor:/opt/ros/jazzy/opt/gz_utils_vendor:/opt/ros/jazzy/opt/gz_tools_vendor:/opt/ros/jazzy/opt/gz_ogre_next_vendor:/opt/ros/jazzy/opt/gz_dartsim_vendor:/opt/ros/jazzy/opt/gz_cmake_vendor:/opt/ros/jazzy DEBUGINFOD_URLS=https://debuginfod.ubuntu.com /usr/bin/cmake --install /home/hornet/Desktop/pathfollowingbot/build/pathbot_simulation
