[0.010s] Invoking command in '/home/hornet/Desktop/pathfollowingbot/build/pathbot_description': CMAKE_PREFIX_PATH=${CMAKE_PREFIX_PATH}:/opt/ros/jazzy DEBUGINFOD_URLS=https://debuginfod.ubuntu.com /usr/bin/cmake /home/hornet/Desktop/pathfollowingbot/src/pathbot_description -DCMAKE_INSTALL_PREFIX=/home/hornet/Desktop/pathfollowingbot/install/pathbot_description
[0.050s] -- The C compiler identification is GNU 11.5.0
[0.093s] -- The CXX compiler identification is GNU 11.5.0
[0.106s] -- Detecting C compiler ABI info
[0.181s] -- Detecting C compiler ABI info - done
[0.189s] -- Check for working C compiler: /usr/bin/cc - skipped
[0.189s] -- Detecting C compile features
[0.189s] -- Detecting C compile features - done
[0.199s] -- Detecting CXX compiler ABI info
[0.284s] -- Detecting CXX compiler ABI info - done
[0.291s] -- Check for working CXX compiler: /usr/bin/c++ - skipped
[0.291s] -- Detecting CXX compile features
[0.291s] -- Detecting CXX compile features - done
[0.294s] -- Found ament_cmake: 2.5.6 (/opt/ros/jazzy/share/ament_cmake/cmake)
[0.449s] -- Found Python3: /usr/bin/python3 (found version "3.12.3") found components: Interpreter 
[0.558s] -- Found ament_lint_auto: 0.17.5 (/opt/ros/jazzy/share/ament_lint_auto/cmake)
[0.675s] -- Added test 'flake8' to check Python code syntax and style conventions
[0.675s] -- Configured 'flake8' exclude dirs and/or files: 
[0.676s] -- Added test 'lint_cmake' to check CMake code style
[0.677s] -- Added test 'pep257' to check Python code against some of the docstring style conventions in PEP 257
[0.678s] -- Added test 'xmllint' to check XML markup files
[0.680s] -- Configuring done (0.7s)
[0.682s] -- Generating done (0.0s)
[0.684s] -- Build files have been written to: /home/hornet/Desktop/pathfollowingbot/build/pathbot_description
[0.689s] Invoked command in '/home/hornet/Desktop/pathfollowingbot/build/pathbot_description' returned '0': CMAKE_PREFIX_PATH=${CMAKE_PREFIX_PATH}:/opt/ros/jazzy DEBUGINFOD_URLS=https://debuginfod.ubuntu.com /usr/bin/cmake /home/hornet/Desktop/pathfollowingbot/src/pathbot_description -DCMAKE_INSTALL_PREFIX=/home/hornet/Desktop/pathfollowingbot/install/pathbot_description
[0.690s] Invoking command in '/home/hornet/Desktop/pathfollowingbot/build/pathbot_description': CMAKE_PREFIX_PATH=${CMAKE_PREFIX_PATH}:/opt/ros/jazzy DEBUGINFOD_URLS=https://debuginfod.ubuntu.com /usr/bin/cmake --build /home/hornet/Desktop/pathfollowingbot/build/pathbot_description -- -j16 -l16
[0.734s] Invoked command in '/home/hornet/Desktop/pathfollowingbot/build/pathbot_description' returned '0': CMAKE_PREFIX_PATH=${CMAKE_PREFIX_PATH}:/opt/ros/jazzy DEBUGINFOD_URLS=https://debuginfod.ubuntu.com /usr/bin/cmake --build /home/hornet/Desktop/pathfollowingbot/build/pathbot_description -- -j16 -l16
[0.745s] Invoking command in '/home/hornet/Desktop/pathfollowingbot/build/pathbot_description': CMAKE_PREFIX_PATH=${CMAKE_PREFIX_PATH}:/opt/ros/jazzy DEBUGINFOD_URLS=https://debuginfod.ubuntu.com /usr/bin/cmake --install /home/hornet/Desktop/pathfollowingbot/build/pathbot_description
[0.753s] -- Install configuration: ""
[0.753s] -- Installing: /home/hornet/Desktop/pathfollowingbot/install/pathbot_description/share/pathbot_description/launch
[0.753s] -- Installing: /home/hornet/Desktop/pathfollowingbot/install/pathbot_description/share/pathbot_description/launch/rviz.launch.py
[0.753s] -- Installing: /home/hornet/Desktop/pathfollowingbot/install/pathbot_description/share/pathbot_description/urdf
[0.753s] -- Installing: /home/hornet/Desktop/pathfollowingbot/install/pathbot_description/share/pathbot_description/urdf/robot.gazebo.xacro
[0.754s] -- Installing: /home/hornet/Desktop/pathfollowingbot/install/pathbot_description/share/pathbot_description/urdf/robot.xacro
[0.754s] -- Installing: /home/hornet/Desktop/pathfollowingbot/install/pathbot_description/share/pathbot_description/rviz
[0.754s] -- Installing: /home/hornet/Desktop/pathfollowingbot/install/pathbot_description/share/pathbot_description/rviz/slam.rviz
[0.754s] -- Installing: /home/hornet/Desktop/pathfollowingbot/install/pathbot_description/share/ament_index/resource_index/package_run_dependencies/pathbot_description
[0.754s] -- Installing: /home/hornet/Desktop/pathfollowingbot/install/pathbot_description/share/ament_index/resource_index/parent_prefix_path/pathbot_description
[0.754s] -- Installing: /home/hornet/Desktop/pathfollowingbot/install/pathbot_description/share/pathbot_description/environment/ament_prefix_path.sh
[0.754s] -- Installing: /home/hornet/Desktop/pathfollowingbot/install/pathbot_description/share/pathbot_description/environment/ament_prefix_path.dsv
[0.754s] -- Installing: /home/hornet/Desktop/pathfollowingbot/install/pathbot_description/share/pathbot_description/environment/path.sh
[0.754s] -- Installing: /home/hornet/Desktop/pathfollowingbot/install/pathbot_description/share/pathbot_description/environment/path.dsv
[0.754s] -- Installing: /home/hornet/Desktop/pathfollowingbot/install/pathbot_description/share/pathbot_description/local_setup.bash
[0.754s] -- Installing: /home/hornet/Desktop/pathfollowingbot/install/pathbot_description/share/pathbot_description/local_setup.sh
[0.754s] -- Installing: /home/hornet/Desktop/pathfollowingbot/install/pathbot_description/share/pathbot_description/local_setup.zsh
[0.754s] -- Installing: /home/hornet/Desktop/pathfollowingbot/install/pathbot_description/share/pathbot_description/local_setup.dsv
[0.754s] -- Installing: /home/hornet/Desktop/pathfollowingbot/install/pathbot_description/share/pathbot_description/package.dsv
[0.755s] -- Installing: /home/hornet/Desktop/pathfollowingbot/install/pathbot_description/share/ament_index/resource_index/packages/pathbot_description
[0.755s] -- Installing: /home/hornet/Desktop/pathfollowingbot/install/pathbot_description/share/pathbot_description/cmake/pathbot_descriptionConfig.cmake
[0.755s] -- Installing: /home/hornet/Desktop/pathfollowingbot/install/pathbot_description/share/pathbot_description/cmake/pathbot_descriptionConfig-version.cmake
[0.755s] -- Installing: /home/hornet/Desktop/pathfollowingbot/install/pathbot_description/share/pathbot_description/package.xml
[0.756s] Invoked command in '/home/hornet/Desktop/pathfollowingbot/build/pathbot_description' returned '0': CMAKE_PREFIX_PATH=${CMAKE_PREFIX_PATH}:/opt/ros/jazzy DEBUGINFOD_URLS=https://debuginfod.ubuntu.com /usr/bin/cmake --install /home/hornet/Desktop/pathfollowingbot/build/pathbot_description
