[0.006s] Invoking command in '/home/hornet/Desktop/pathfollowingbot/build/pathbot_nodes': CMAKE_PREFIX_PATH=${CMAKE_PREFIX_PATH}:/opt/ros/jazzy DEBUGINFOD_URLS=https://debuginfod.ubuntu.com /usr/bin/cmake /home/hornet/Desktop/pathfollowingbot/src/pathbot_nodes -DCMAKE_INSTALL_PREFIX=/home/hornet/Desktop/pathfollowingbot/install/pathbot_nodes
[0.044s] -- The C compiler identification is GNU 11.5.0
[0.092s] -- The CXX compiler identification is GNU 11.5.0
[0.103s] -- Detecting C compiler ABI info
[0.182s] -- Detecting C compiler ABI info - done
[0.189s] -- Check for working C compiler: /usr/bin/cc - skipped
[0.189s] -- Detecting C compile features
[0.190s] -- Detecting C compile features - done
[0.197s] -- Detecting CXX compiler ABI info
[0.282s] -- Detecting CXX compiler ABI info - done
[0.296s] -- Check for working CXX compiler: /usr/bin/c++ - skipped
[0.297s] -- Detecting CXX compile features
[0.297s] -- Detecting CXX compile features - done
[0.302s] -- Found ament_cmake: 2.5.6 (/opt/ros/jazzy/share/ament_cmake/cmake)
[0.445s] -- Found Python3: /usr/bin/python3 (found version "3.12.3") found components: Interpreter 
[0.553s] -- Found rclcpp: 28.1.21 (/opt/ros/jazzy/share/rclcpp/cmake)
[0.606s] -- Found rosidl_generator_c: 4.6.9 (/opt/ros/jazzy/share/rosidl_generator_c/cmake)
[0.622s] -- Found rosidl_generator_cpp: 4.6.9 (/opt/ros/jazzy/share/rosidl_generator_cpp/cmake)
[0.641s] -- Using all available rosidl_typesupport_c: rosidl_typesupport_fastrtps_c;rosidl_typesupport_introspection_c
[0.662s] -- Using all available rosidl_typesupport_cpp: rosidl_typesupport_fastrtps_cpp;rosidl_typesupport_introspection_cpp
[0.770s] -- Found rmw_implementation_cmake: 7.3.3 (/opt/ros/jazzy/share/rmw_implementation_cmake/cmake)
[0.770s] -- Found rmw_fastrtps_cpp: 8.4.4 (/opt/ros/jazzy/share/rmw_fastrtps_cpp/cmake)
[0.833s] -- Found OpenSSL: /usr/lib/x86_64-linux-gnu/libcrypto.so (found version "3.0.13")  
[0.853s] -- Found FastRTPS: /opt/ros/jazzy/include (Required is at least version "2.13") 
[0.873s] -- Using RMW implementation 'rmw_fastrtps_cpp' as default
[0.938s] -- Found sensor_msgs: 5.3.8 (/opt/ros/jazzy/share/sensor_msgs/cmake)
[0.983s] -- Found ament_lint_auto: 0.17.5 (/opt/ros/jazzy/share/ament_lint_auto/cmake)
[1.079s] -- Added test 'cppcheck' to perform static code analysis on C / C++ code
[1.079s] -- Configured cppcheck include dirs: 
[1.080s] -- Configured cppcheck exclude dirs and/or files: 
[1.080s] -- Added test 'lint_cmake' to check CMake code style
[1.081s] -- Added test 'uncrustify' to check C / C++ code style
[1.081s] -- Configured uncrustify additional arguments: 
[1.082s] -- Added test 'xmllint' to check XML markup files
[1.084s] -- Configuring done (1.1s)
[1.094s] -- Generating done (0.0s)
[1.097s] -- Build files have been written to: /home/hornet/Desktop/pathfollowingbot/build/pathbot_nodes
[1.107s] Invoked command in '/home/hornet/Desktop/pathfollowingbot/build/pathbot_nodes' returned '0': CMAKE_PREFIX_PATH=${CMAKE_PREFIX_PATH}:/opt/ros/jazzy DEBUGINFOD_URLS=https://debuginfod.ubuntu.com /usr/bin/cmake /home/hornet/Desktop/pathfollowingbot/src/pathbot_nodes -DCMAKE_INSTALL_PREFIX=/home/hornet/Desktop/pathfollowingbot/install/pathbot_nodes
[1.108s] Invoking command in '/home/hornet/Desktop/pathfollowingbot/build/pathbot_nodes': CMAKE_PREFIX_PATH=${CMAKE_PREFIX_PATH}:/opt/ros/jazzy DEBUGINFOD_URLS=https://debuginfod.ubuntu.com /usr/bin/cmake --build /home/hornet/Desktop/pathfollowingbot/build/pathbot_nodes -- -j16 -l16
[1.152s] [ 50%] Building CXX object CMakeFiles/scan_frame_corrector.dir/src/scan_frame_corrector.cpp.o
[7.240s] [100%] Linking CXX executable scan_frame_corrector
[7.458s] [100%] Built target scan_frame_corrector
[7.468s] Invoked command in '/home/hornet/Desktop/pathfollowingbot/build/pathbot_nodes' returned '0': CMAKE_PREFIX_PATH=${CMAKE_PREFIX_PATH}:/opt/ros/jazzy DEBUGINFOD_URLS=https://debuginfod.ubuntu.com /usr/bin/cmake --build /home/hornet/Desktop/pathfollowingbot/build/pathbot_nodes -- -j16 -l16
[7.468s] Invoking command in '/home/hornet/Desktop/pathfollowingbot/build/pathbot_nodes': CMAKE_PREFIX_PATH=${CMAKE_PREFIX_PATH}:/opt/ros/jazzy DEBUGINFOD_URLS=https://debuginfod.ubuntu.com /usr/bin/cmake --install /home/hornet/Desktop/pathfollowingbot/build/pathbot_nodes
[7.476s] -- Install configuration: ""
[7.476s] -- Installing: /home/hornet/Desktop/pathfollowingbot/install/pathbot_nodes/lib/pathbot_nodes/scan_frame_corrector
[7.479s] -- Set non-toolchain portion of runtime path of "/home/hornet/Desktop/pathfollowingbot/install/pathbot_nodes/lib/pathbot_nodes/scan_frame_corrector" to ""
[7.480s] -- Installing: /home/hornet/Desktop/pathfollowingbot/install/pathbot_nodes/share/ament_index/resource_index/package_run_dependencies/pathbot_nodes
[7.480s] -- Installing: /home/hornet/Desktop/pathfollowingbot/install/pathbot_nodes/share/ament_index/resource_index/parent_prefix_path/pathbot_nodes
[7.480s] -- Installing: /home/hornet/Desktop/pathfollowingbot/install/pathbot_nodes/share/pathbot_nodes/environment/ament_prefix_path.sh
[7.480s] -- Installing: /home/hornet/Desktop/pathfollowingbot/install/pathbot_nodes/share/pathbot_nodes/environment/ament_prefix_path.dsv
[7.480s] -- Installing: /home/hornet/Desktop/pathfollowingbot/install/pathbot_nodes/share/pathbot_nodes/environment/path.sh
[7.480s] -- Installing: /home/hornet/Desktop/pathfollowingbot/install/pathbot_nodes/share/pathbot_nodes/environment/path.dsv
[7.480s] -- Installing: /home/hornet/Desktop/pathfollowingbot/install/pathbot_nodes/share/pathbot_nodes/local_setup.bash
[7.480s] -- Installing: /home/hornet/Desktop/pathfollowingbot/install/pathbot_nodes/share/pathbot_nodes/local_setup.sh
[7.480s] -- Installing: /home/hornet/Desktop/pathfollowingbot/install/pathbot_nodes/share/pathbot_nodes/local_setup.zsh
[7.480s] -- Installing: /home/hornet/Desktop/pathfollowingbot/install/pathbot_nodes/share/pathbot_nodes/local_setup.dsv
[7.480s] -- Installing: /home/hornet/Desktop/pathfollowingbot/install/pathbot_nodes/share/pathbot_nodes/package.dsv
[7.480s] -- Installing: /home/hornet/Desktop/pathfollowingbot/install/pathbot_nodes/share/ament_index/resource_index/packages/pathbot_nodes
[7.481s] -- Installing: /home/hornet/Desktop/pathfollowingbot/install/pathbot_nodes/share/pathbot_nodes/cmake/pathbot_nodesConfig.cmake
[7.481s] -- Installing: /home/hornet/Desktop/pathfollowingbot/install/pathbot_nodes/share/pathbot_nodes/cmake/pathbot_nodesConfig-version.cmake
[7.481s] -- Installing: /home/hornet/Desktop/pathfollowingbot/install/pathbot_nodes/share/pathbot_nodes/package.xml
[7.481s] Invoked command in '/home/hornet/Desktop/pathfollowingbot/build/pathbot_nodes' returned '0': CMAKE_PREFIX_PATH=${CMAKE_PREFIX_PATH}:/opt/ros/jazzy DEBUGINFOD_URLS=https://debuginfod.ubuntu.com /usr/bin/cmake --install /home/hornet/Desktop/pathfollowingbot/build/pathbot_nodes
