[0.073s] DEBUG:colcon:Command line arguments: ['/usr/bin/colcon', 'build', '--packages-select', 'pathbot_simulation']
[0.073s] DEBUG:colcon:Parsed command line arguments: Namespace(log_base=None, log_level=None, verb_name='build', build_base='build', install_base='install', merge_install=False, symlink_install=False, test_result_base=None, continue_on_error=False, executor='parallel', parallel_workers=16, event_handlers=None, ignore_user_meta=False, metas=['./colcon.meta'], base_paths=['.'], packages_ignore=None, packages_ignore_regex=None, paths=None, packages_up_to=None, packages_up_to_regex=None, packages_above=None, packages_above_and_dependencies=None, packages_above_depth=None, packages_select_by_dep=None, packages_skip_by_dep=None, packages_skip_up_to=None, packages_select_build_failed=False, packages_skip_build_finished=False, packages_select_test_failures=False, packages_skip_test_passed=False, packages_select=['pathbot_simulation'], packages_skip=None, packages_select_regex=None, packages_skip_regex=None, packages_start=None, packages_end=None, allow_overriding=[], cmake_args=None, cmake_target=None, cmake_target_skip_unavailable=False, cmake_clean_cache=False, cmake_clean_first=False, cmake_force_configure=False, ament_cmake_args=None, catkin_cmake_args=None, catkin_skip_building_tests=False, mixin_files=None, mixin=None, verb_parser=<colcon_mixin.mixin.mixin_argument.MixinArgumentDecorator object at 0x70ea07b97050>, verb_extension=<colcon_core.verb.build.BuildVerb object at 0x70ea07b96cc0>, main=<bound method BuildVerb.main of <colcon_core.verb.build.BuildVerb object at 0x70ea07b96cc0>>, mixin_verb=('build',))
[0.100s] Level 1:colcon.colcon_core.package_discovery:discover_packages(colcon_meta) check parameters
[0.100s] Level 1:colcon.colcon_core.package_discovery:discover_packages(recursive) check parameters
[0.100s] Level 1:colcon.colcon_core.package_discovery:discover_packages(ignore) check parameters
[0.100s] Level 1:colcon.colcon_core.package_discovery:discover_packages(path) check parameters
[0.100s] Level 1:colcon.colcon_core.package_discovery:discover_packages(colcon_meta) discover
[0.100s] Level 1:colcon.colcon_core.package_discovery:discover_packages(recursive) discover
[0.100s] INFO:colcon.colcon_core.package_discovery:Crawling recursively for packages in '/home/hornet/Desktop/pathfollowingbot/src'
[0.100s] Level 1:colcon.colcon_core.package_identification:_identify(.) by extensions ['ignore', 'ignore_ament_install']
[0.100s] Level 1:colcon.colcon_core.package_identification:_identify(.) by extension 'ignore'
[0.100s] Level 1:colcon.colcon_core.package_identification:_identify(.) by extension 'ignore_ament_install'
[0.101s] Level 1:colcon.colcon_core.package_identification:_identify(.) by extensions ['colcon_pkg']
[0.101s] Level 1:colcon.colcon_core.package_identification:_identify(.) by extension 'colcon_pkg'
[0.101s] Level 1:colcon.colcon_core.package_identification:_identify(.) by extensions ['colcon_meta']
[0.101s] Level 1:colcon.colcon_core.package_identification:_identify(.) by extension 'colcon_meta'
[0.101s] Level 1:colcon.colcon_core.package_identification:_identify(.) by extensions ['ros']
[0.101s] Level 1:colcon.colcon_core.package_identification:_identify(.) by extension 'ros'
[0.119s] Level 1:colcon.colcon_core.package_identification:_identify(.) by extensions ['cmake', 'python']
[0.119s] Level 1:colcon.colcon_core.package_identification:_identify(.) by extension 'cmake'
[0.119s] Level 1:colcon.colcon_core.package_identification:_identify(.) by extension 'python'
[0.119s] Level 1:colcon.colcon_core.package_identification:_identify(.) by extensions ['python_setup_py']
[0.119s] Level 1:colcon.colcon_core.package_identification:_identify(.) by extension 'python_setup_py'
[0.119s] Level 1:colcon.colcon_core.package_identification:_identify(build) by extensions ['ignore', 'ignore_ament_install']
[0.119s] Level 1:colcon.colcon_core.package_identification:_identify(build) by extension 'ignore'
[0.119s] Level 1:colcon.colcon_core.package_identification:_identify(build) ignored
[0.119s] Level 1:colcon.colcon_core.package_identification:_identify(install) by extensions ['ignore', 'ignore_ament_install']
[0.120s] Level 1:colcon.colcon_core.package_identification:_identify(install) by extension 'ignore'
[0.120s] Level 1:colcon.colcon_core.package_identification:_identify(install) ignored
[0.120s] Level 1:colcon.colcon_core.package_identification:_identify(log) by extensions ['ignore', 'ignore_ament_install']
[0.120s] Level 1:colcon.colcon_core.package_identification:_identify(log) by extension 'ignore'
[0.120s] Level 1:colcon.colcon_core.package_identification:_identify(log) ignored
[0.120s] Level 1:colcon.colcon_core.package_identification:_identify(pathbot_bringup) by extensions ['ignore', 'ignore_ament_install']
[0.120s] Level 1:colcon.colcon_core.package_identification:_identify(pathbot_bringup) by extension 'ignore'
[0.120s] Level 1:colcon.colcon_core.package_identification:_identify(pathbot_bringup) by extension 'ignore_ament_install'
[0.120s] Level 1:colcon.colcon_core.package_identification:_identify(pathbot_bringup) by extensions ['colcon_pkg']
[0.120s] Level 1:colcon.colcon_core.package_identification:_identify(pathbot_bringup) by extension 'colcon_pkg'
[0.120s] Level 1:colcon.colcon_core.package_identification:_identify(pathbot_bringup) by extensions ['colcon_meta']
[0.120s] Level 1:colcon.colcon_core.package_identification:_identify(pathbot_bringup) by extension 'colcon_meta'
[0.120s] Level 1:colcon.colcon_core.package_identification:_identify(pathbot_bringup) by extensions ['ros']
[0.120s] Level 1:colcon.colcon_core.package_identification:_identify(pathbot_bringup) by extension 'ros'
[0.122s] DEBUG:colcon.colcon_core.package_identification:Package 'pathbot_bringup' with type 'ros.ament_cmake' and name 'pathbot_bringup'
[0.122s] Level 1:colcon.colcon_core.package_identification:_identify(pathbot_control) by extensions ['ignore', 'ignore_ament_install']
[0.122s] Level 1:colcon.colcon_core.package_identification:_identify(pathbot_control) by extension 'ignore'
[0.122s] Level 1:colcon.colcon_core.package_identification:_identify(pathbot_control) by extension 'ignore_ament_install'
[0.122s] Level 1:colcon.colcon_core.package_identification:_identify(pathbot_control) by extensions ['colcon_pkg']
[0.122s] Level 1:colcon.colcon_core.package_identification:_identify(pathbot_control) by extension 'colcon_pkg'
[0.122s] Level 1:colcon.colcon_core.package_identification:_identify(pathbot_control) by extensions ['colcon_meta']
[0.122s] Level 1:colcon.colcon_core.package_identification:_identify(pathbot_control) by extension 'colcon_meta'
[0.122s] Level 1:colcon.colcon_core.package_identification:_identify(pathbot_control) by extensions ['ros']
[0.122s] Level 1:colcon.colcon_core.package_identification:_identify(pathbot_control) by extension 'ros'
[0.122s] DEBUG:colcon.colcon_core.package_identification:Package 'pathbot_control' with type 'ros.ament_cmake' and name 'pathbot_control'
[0.122s] Level 1:colcon.colcon_core.package_identification:_identify(pathbot_description) by extensions ['ignore', 'ignore_ament_install']
[0.122s] Level 1:colcon.colcon_core.package_identification:_identify(pathbot_description) by extension 'ignore'
[0.122s] Level 1:colcon.colcon_core.package_identification:_identify(pathbot_description) by extension 'ignore_ament_install'
[0.123s] Level 1:colcon.colcon_core.package_identification:_identify(pathbot_description) by extensions ['colcon_pkg']
[0.123s] Level 1:colcon.colcon_core.package_identification:_identify(pathbot_description) by extension 'colcon_pkg'
[0.123s] Level 1:colcon.colcon_core.package_identification:_identify(pathbot_description) by extensions ['colcon_meta']
[0.123s] Level 1:colcon.colcon_core.package_identification:_identify(pathbot_description) by extension 'colcon_meta'
[0.123s] Level 1:colcon.colcon_core.package_identification:_identify(pathbot_description) by extensions ['ros']
[0.123s] Level 1:colcon.colcon_core.package_identification:_identify(pathbot_description) by extension 'ros'
[0.123s] DEBUG:colcon.colcon_core.package_identification:Package 'pathbot_description' with type 'ros.ament_cmake' and name 'pathbot_description'
[0.123s] Level 1:colcon.colcon_core.package_identification:_identify(pathbot_navigation) by extensions ['ignore', 'ignore_ament_install']
[0.123s] Level 1:colcon.colcon_core.package_identification:_identify(pathbot_navigation) by extension 'ignore'
[0.123s] Level 1:colcon.colcon_core.package_identification:_identify(pathbot_navigation) by extension 'ignore_ament_install'
[0.123s] Level 1:colcon.colcon_core.package_identification:_identify(pathbot_navigation) by extensions ['colcon_pkg']
[0.123s] Level 1:colcon.colcon_core.package_identification:_identify(pathbot_navigation) by extension 'colcon_pkg'
[0.123s] Level 1:colcon.colcon_core.package_identification:_identify(pathbot_navigation) by extensions ['colcon_meta']
[0.123s] Level 1:colcon.colcon_core.package_identification:_identify(pathbot_navigation) by extension 'colcon_meta'
[0.123s] Level 1:colcon.colcon_core.package_identification:_identify(pathbot_navigation) by extensions ['ros']
[0.123s] Level 1:colcon.colcon_core.package_identification:_identify(pathbot_navigation) by extension 'ros'
[0.123s] DEBUG:colcon.colcon_core.package_identification:Package 'pathbot_navigation' with type 'ros.ament_cmake' and name 'pathbot_navigation'
[0.124s] Level 1:colcon.colcon_core.package_identification:_identify(pathbot_nodes) by extensions ['ignore', 'ignore_ament_install']
[0.124s] Level 1:colcon.colcon_core.package_identification:_identify(pathbot_nodes) by extension 'ignore'
[0.124s] Level 1:colcon.colcon_core.package_identification:_identify(pathbot_nodes) by extension 'ignore_ament_install'
[0.124s] Level 1:colcon.colcon_core.package_identification:_identify(pathbot_nodes) by extensions ['colcon_pkg']
[0.124s] Level 1:colcon.colcon_core.package_identification:_identify(pathbot_nodes) by extension 'colcon_pkg'
[0.124s] Level 1:colcon.colcon_core.package_identification:_identify(pathbot_nodes) by extensions ['colcon_meta']
[0.124s] Level 1:colcon.colcon_core.package_identification:_identify(pathbot_nodes) by extension 'colcon_meta'
[0.124s] Level 1:colcon.colcon_core.package_identification:_identify(pathbot_nodes) by extensions ['ros']
[0.124s] Level 1:colcon.colcon_core.package_identification:_identify(pathbot_nodes) by extension 'ros'
[0.124s] DEBUG:colcon.colcon_core.package_identification:Package 'pathbot_nodes' with type 'ros.ament_cmake' and name 'pathbot_nodes'
[0.124s] Level 1:colcon.colcon_core.package_identification:_identify(pathbot_simulation) by extensions ['ignore', 'ignore_ament_install']
[0.124s] Level 1:colcon.colcon_core.package_identification:_identify(pathbot_simulation) by extension 'ignore'
[0.124s] Level 1:colcon.colcon_core.package_identification:_identify(pathbot_simulation) by extension 'ignore_ament_install'
[0.124s] Level 1:colcon.colcon_core.package_identification:_identify(pathbot_simulation) by extensions ['colcon_pkg']
[0.124s] Level 1:colcon.colcon_core.package_identification:_identify(pathbot_simulation) by extension 'colcon_pkg'
[0.124s] Level 1:colcon.colcon_core.package_identification:_identify(pathbot_simulation) by extensions ['colcon_meta']
[0.124s] Level 1:colcon.colcon_core.package_identification:_identify(pathbot_simulation) by extension 'colcon_meta'
[0.124s] Level 1:colcon.colcon_core.package_identification:_identify(pathbot_simulation) by extensions ['ros']
[0.124s] Level 1:colcon.colcon_core.package_identification:_identify(pathbot_simulation) by extension 'ros'
[0.124s] DEBUG:colcon.colcon_core.package_identification:Package 'pathbot_simulation' with type 'ros.ament_cmake' and name 'pathbot_simulation'
[0.124s] Level 1:colcon.colcon_core.package_discovery:discover_packages(recursive) using defaults
[0.124s] Level 1:colcon.colcon_core.package_discovery:discover_packages(ignore) discover
[0.124s] Level 1:colcon.colcon_core.package_discovery:discover_packages(ignore) using defaults
[0.124s] Level 1:colcon.colcon_core.package_discovery:discover_packages(path) discover
[0.124s] Level 1:colcon.colcon_core.package_discovery:discover_packages(path) using defaults
[0.138s] INFO:colcon.colcon_core.package_selection:Skipping not selected package 'pathbot_control' in 'pathbot_control'
[0.138s] INFO:colcon.colcon_core.package_selection:Skipping not selected package 'pathbot_description' in 'pathbot_description'
[0.138s] INFO:colcon.colcon_core.package_selection:Skipping not selected package 'pathbot_nodes' in 'pathbot_nodes'
[0.138s] INFO:colcon.colcon_core.package_selection:Skipping not selected package 'pathbot_navigation' in 'pathbot_navigation'
[0.138s] INFO:colcon.colcon_core.package_selection:Skipping not selected package 'pathbot_bringup' in 'pathbot_bringup'
[0.138s] Level 1:colcon.colcon_core.package_discovery:discover_packages(prefix_path) check parameters
[0.138s] Level 1:colcon.colcon_core.package_discovery:discover_packages(prefix_path) discover
[0.140s] DEBUG:colcon.colcon_installed_package_information.package_discovery:Found 431 installed packages in /opt/ros/jazzy
[0.141s] Level 1:colcon.colcon_core.package_discovery:discover_packages(prefix_path) using defaults
[0.173s] Level 5:colcon.colcon_core.verb:set package 'pathbot_simulation' build argument 'cmake_args' from command line to 'None'
[0.173s] Level 5:colcon.colcon_core.verb:set package 'pathbot_simulation' build argument 'cmake_target' from command line to 'None'
[0.173s] Level 5:colcon.colcon_core.verb:set package 'pathbot_simulation' build argument 'cmake_target_skip_unavailable' from command line to 'False'
[0.173s] Level 5:colcon.colcon_core.verb:set package 'pathbot_simulation' build argument 'cmake_clean_cache' from command line to 'False'
[0.173s] Level 5:colcon.colcon_core.verb:set package 'pathbot_simulation' build argument 'cmake_clean_first' from command line to 'False'
[0.173s] Level 5:colcon.colcon_core.verb:set package 'pathbot_simulation' build argument 'cmake_force_configure' from command line to 'False'
[0.173s] Level 5:colcon.colcon_core.verb:set package 'pathbot_simulation' build argument 'ament_cmake_args' from command line to 'None'
[0.173s] Level 5:colcon.colcon_core.verb:set package 'pathbot_simulation' build argument 'catkin_cmake_args' from command line to 'None'
[0.173s] Level 5:colcon.colcon_core.verb:set package 'pathbot_simulation' build argument 'catkin_skip_building_tests' from command line to 'False'
[0.173s] DEBUG:colcon.colcon_core.verb:Building package 'pathbot_simulation' with the following arguments: {'ament_cmake_args': None, 'build_base': '/home/hornet/Desktop/pathfollowingbot/src/build/pathbot_simulation', 'catkin_cmake_args': None, 'catkin_skip_building_tests': False, 'cmake_args': None, 'cmake_clean_cache': False, 'cmake_clean_first': False, 'cmake_force_configure': False, 'cmake_target': None, 'cmake_target_skip_unavailable': False, 'install_base': '/home/hornet/Desktop/pathfollowingbot/src/install/pathbot_simulation', 'merge_install': False, 'path': '/home/hornet/Desktop/pathfollowingbot/src/pathbot_simulation', 'symlink_install': False, 'test_result_base': None}
[0.173s] INFO:colcon.colcon_core.executor:Executing jobs using 'parallel' executor
[0.174s] DEBUG:colcon.colcon_parallel_executor.executor.parallel:run_until_complete
[0.174s] INFO:colcon.colcon_ros.task.ament_cmake.build:Building ROS package in '/home/hornet/Desktop/pathfollowingbot/src/pathbot_simulation' with build type 'ament_cmake'
[0.174s] INFO:colcon.colcon_cmake.task.cmake.build:Building CMake package in '/home/hornet/Desktop/pathfollowingbot/src/pathbot_simulation'
[0.176s] INFO:colcon.colcon_core.plugin_system:Skipping extension 'colcon_core.shell.bat': Not used on non-Windows systems
[0.176s] INFO:colcon.colcon_core.shell:Skip shell extension 'powershell' for command environment: Not usable outside of PowerShell
[0.176s] DEBUG:colcon.colcon_core.shell:Skip shell extension 'dsv' for command environment
[0.177s] ERROR:colcon.colcon_cmake.task.cmake.build:Failed to find the following files:
- /home/hornet/Desktop/pathfollowingbot/src/install/pathbot_description/share/pathbot_description/package.sh
Check that the following packages have been built:
- pathbot_description
[0.178s] Level 1:colcon.colcon_core.environment:create_environment_scripts_only(pathbot_simulation)
[0.179s] Level 1:colcon.colcon_core.environment:checking '/home/hornet/Desktop/pathfollowingbot/src/install/pathbot_simulation' for CMake module files
[0.179s] Level 1:colcon.colcon_core.environment:checking '/home/hornet/Desktop/pathfollowingbot/src/install/pathbot_simulation' for CMake config files
[0.179s] Level 1:colcon.colcon_core.environment:checking '/home/hornet/Desktop/pathfollowingbot/src/install/pathbot_simulation/bin'
[0.179s] Level 1:colcon.colcon_core.environment:checking '/home/hornet/Desktop/pathfollowingbot/src/install/pathbot_simulation/lib/pkgconfig/pathbot_simulation.pc'
[0.179s] Level 1:colcon.colcon_core.environment:checking '/home/hornet/Desktop/pathfollowingbot/src/install/pathbot_simulation/lib/python3.12/site-packages'
[0.179s] Level 1:colcon.colcon_core.environment:checking '/home/hornet/Desktop/pathfollowingbot/src/install/pathbot_simulation/bin'
[0.179s] INFO:colcon.colcon_core.shell:Creating package script '/home/hornet/Desktop/pathfollowingbot/src/install/pathbot_simulation/share/pathbot_simulation/package.ps1'
[0.180s] INFO:colcon.colcon_core.shell:Creating package descriptor '/home/hornet/Desktop/pathfollowingbot/src/install/pathbot_simulation/share/pathbot_simulation/package.dsv'
[0.180s] INFO:colcon.colcon_core.shell:Creating package script '/home/hornet/Desktop/pathfollowingbot/src/install/pathbot_simulation/share/pathbot_simulation/package.sh'
[0.181s] INFO:colcon.colcon_core.shell:Creating package script '/home/hornet/Desktop/pathfollowingbot/src/install/pathbot_simulation/share/pathbot_simulation/package.bash'
[0.181s] INFO:colcon.colcon_core.shell:Creating package script '/home/hornet/Desktop/pathfollowingbot/src/install/pathbot_simulation/share/pathbot_simulation/package.zsh'
[0.181s] Level 1:colcon.colcon_core.environment:create_file_with_runtime_dependencies(/home/hornet/Desktop/pathfollowingbot/src/install/pathbot_simulation/share/colcon-core/packages/pathbot_simulation)
[0.192s] DEBUG:colcon.colcon_parallel_executor.executor.parallel:closing loop
[0.192s] DEBUG:colcon.colcon_parallel_executor.executor.parallel:loop closed
[0.192s] DEBUG:colcon.colcon_parallel_executor.executor.parallel:run_until_complete finished with '1'
[0.192s] DEBUG:colcon.colcon_core.event_reactor:joining thread
[0.195s] INFO:colcon.colcon_core.plugin_system:Skipping extension 'colcon_notification.desktop_notification.terminal_notifier': Not used on non-Darwin systems
[0.195s] INFO:colcon.colcon_core.plugin_system:Skipping extension 'colcon_notification.desktop_notification.win32': Not used on non-Windows systems
[0.195s] INFO:colcon.colcon_notification.desktop_notification:Sending desktop notification using 'notify2'
[0.204s] DEBUG:colcon.colcon_core.event_reactor:joined thread
[0.204s] INFO:colcon.colcon_core.shell:Creating prefix script '/home/hornet/Desktop/pathfollowingbot/src/install/local_setup.ps1'
[0.205s] INFO:colcon.colcon_core.shell:Creating prefix util module '/home/hornet/Desktop/pathfollowingbot/src/install/_local_setup_util_ps1.py'
[0.206s] INFO:colcon.colcon_core.shell:Creating prefix chain script '/home/hornet/Desktop/pathfollowingbot/src/install/setup.ps1'
[0.206s] INFO:colcon.colcon_core.shell:Creating prefix script '/home/hornet/Desktop/pathfollowingbot/src/install/local_setup.sh'
[0.207s] INFO:colcon.colcon_core.shell:Creating prefix util module '/home/hornet/Desktop/pathfollowingbot/src/install/_local_setup_util_sh.py'
[0.207s] INFO:colcon.colcon_core.shell:Creating prefix chain script '/home/hornet/Desktop/pathfollowingbot/src/install/setup.sh'
[0.207s] INFO:colcon.colcon_core.shell:Creating prefix script '/home/hornet/Desktop/pathfollowingbot/src/install/local_setup.bash'
[0.208s] INFO:colcon.colcon_core.shell:Creating prefix chain script '/home/hornet/Desktop/pathfollowingbot/src/install/setup.bash'
[0.208s] INFO:colcon.colcon_core.shell:Creating prefix script '/home/hornet/Desktop/pathfollowingbot/src/install/local_setup.zsh'
[0.208s] INFO:colcon.colcon_core.shell:Creating prefix chain script '/home/hornet/Desktop/pathfollowingbot/src/install/setup.zsh'
