-- Install configuration: ""
-- Up-to-date: /home/hornet/Desktop/pathfollowingbot/install/pathbot_navigation/share/pathbot_navigation/launch
-- Up-to-date: /home/hornet/Desktop/pathfollowingbot/install/pathbot_navigation/share/pathbot_navigation/launch/map_saver.launch.py
-- Up-to-date: /home/hornet/Desktop/pathfollowingbot/install/pathbot_navigation/share/pathbot_navigation/launch/nav2.launch.py
-- Up-to-date: /home/hornet/Desktop/pathfollowingbot/install/pathbot_navigation/share/pathbot_navigation/launch/slam.launch.py
-- Up-to-date: /home/hornet/Desktop/pathfollowingbot/install/pathbot_navigation/share/pathbot_navigation/config
-- Up-to-date: /home/hornet/Desktop/pathfollowingbot/install/pathbot_navigation/share/pathbot_navigation/config/nav2_params.yaml
-- Up-to-date: /home/hornet/Desktop/pathfollowingbot/install/pathbot_navigation/share/pathbot_navigation/config/mapper_params_online_async.yaml
-- Up-to-date: /home/hornet/Desktop/pathfollowingbot/install/pathbot_navigation/share/pathbot_navigation/config/slam_toolbox.yaml
-- Up-to-date: /home/hornet/Desktop/pathfollowingbot/install/pathbot_navigation/share/pathbot_navigation/maps
-- Installing: /home/hornet/Desktop/pathfollowingbot/install/pathbot_navigation/share/pathbot_navigation/maps/warehouse.pgm
-- Installing: /home/hornet/Desktop/pathfollowingbot/install/pathbot_navigation/share/pathbot_navigation/maps/warehouse.yaml
-- Up-to-date: /home/hornet/Desktop/pathfollowingbot/install/pathbot_navigation/share/pathbot_navigation/rviz
-- Up-to-date: /home/hornet/Desktop/pathfollowingbot/install/pathbot_navigation/share/pathbot_navigation/rviz/nav2_map.rviz
-- Up-to-date: /home/hornet/Desktop/pathfollowingbot/install/pathbot_navigation/share/ament_index/resource_index/package_run_dependencies/pathbot_navigation
-- Up-to-date: /home/hornet/Desktop/pathfollowingbot/install/pathbot_navigation/share/ament_index/resource_index/parent_prefix_path/pathbot_navigation
-- Up-to-date: /home/hornet/Desktop/pathfollowingbot/install/pathbot_navigation/share/pathbot_navigation/environment/ament_prefix_path.sh
-- Up-to-date: /home/hornet/Desktop/pathfollowingbot/install/pathbot_navigation/share/pathbot_navigation/environment/ament_prefix_path.dsv
-- Up-to-date: /home/hornet/Desktop/pathfollowingbot/install/pathbot_navigation/share/pathbot_navigation/environment/path.sh
-- Up-to-date: /home/hornet/Desktop/pathfollowingbot/install/pathbot_navigation/share/pathbot_navigation/environment/path.dsv
-- Up-to-date: /home/hornet/Desktop/pathfollowingbot/install/pathbot_navigation/share/pathbot_navigation/local_setup.bash
-- Up-to-date: /home/hornet/Desktop/pathfollowingbot/install/pathbot_navigation/share/pathbot_navigation/local_setup.sh
-- Up-to-date: /home/hornet/Desktop/pathfollowingbot/install/pathbot_navigation/share/pathbot_navigation/local_setup.zsh
-- Up-to-date: /home/hornet/Desktop/pathfollowingbot/install/pathbot_navigation/share/pathbot_navigation/local_setup.dsv
-- Installing: /home/hornet/Desktop/pathfollowingbot/install/pathbot_navigation/share/pathbot_navigation/package.dsv
-- Up-to-date: /home/hornet/Desktop/pathfollowingbot/install/pathbot_navigation/share/ament_index/resource_index/packages/pathbot_navigation
-- Up-to-date: /home/hornet/Desktop/pathfollowingbot/install/pathbot_navigation/share/pathbot_navigation/cmake/pathbot_navigationConfig.cmake
-- Up-to-date: /home/hornet/Desktop/pathfollowingbot/install/pathbot_navigation/share/pathbot_navigation/cmake/pathbot_navigationConfig-version.cmake
-- Up-to-date: /home/hornet/Desktop/pathfollowingbot/install/pathbot_navigation/share/pathbot_navigation/package.xml
