[0.008s] Invoking command in '/home/hornet/Desktop/pathfollowingbot/build/pathbot_navigation': AMENT_PREFIX_PATH=/home/hornet/Desktop/pathfollowingbot/install/pathbot_nodes:${AMENT_PREFIX_PATH} CMAKE_PREFIX_PATH=/home/hornet/Desktop/pathfollowingbot/install/pathbot_nodes:/opt/ros/jazzy/opt/gz_sim_vendor:/opt/ros/jazzy/opt/gz_sensors_vendor:/opt/ros/jazzy/opt/gz_physics_vendor:/opt/ros/jazzy/opt/sdformat_vendor:/opt/ros/jazzy/opt/gz_gui_vendor:/opt/ros/jazzy/opt/gz_transport_vendor:/opt/ros/jazzy/opt/gz_rendering_vendor:/opt/ros/jazzy/opt/gz_plugin_vendor:/opt/ros/jazzy/opt/gz_fuel_tools_vendor:/opt/ros/jazzy/opt/gz_msgs_vendor:/opt/ros/jazzy/opt/gz_common_vendor:/opt/ros/jazzy/opt/gz_math_vendor:/opt/ros/jazzy/opt/gz_utils_vendor:/opt/ros/jazzy/opt/gz_tools_vendor:/opt/ros/jazzy/opt/gz_ogre_next_vendor:/opt/ros/jazzy/opt/gz_dartsim_vendor:/opt/ros/jazzy/opt/gz_cmake_vendor:/opt/ros/jazzy DEBUGINFOD_URLS=https://debuginfod.ubuntu.com /usr/bin/cmake --build /home/hornet/Desktop/pathfollowingbot/build/pathbot_navigation -- -j16 -l16
[0.053s] Invoked command in '/home/hornet/Desktop/pathfollowingbot/build/pathbot_navigation' returned '0': AMENT_PREFIX_PATH=/home/hornet/Desktop/pathfollowingbot/install/pathbot_nodes:${AMENT_PREFIX_PATH} CMAKE_PREFIX_PATH=/home/hornet/Desktop/pathfollowingbot/install/pathbot_nodes:/opt/ros/jazzy/opt/gz_sim_vendor:/opt/ros/jazzy/opt/gz_sensors_vendor:/opt/ros/jazzy/opt/gz_physics_vendor:/opt/ros/jazzy/opt/sdformat_vendor:/opt/ros/jazzy/opt/gz_gui_vendor:/opt/ros/jazzy/opt/gz_transport_vendor:/opt/ros/jazzy/opt/gz_rendering_vendor:/opt/ros/jazzy/opt/gz_plugin_vendor:/opt/ros/jazzy/opt/gz_fuel_tools_vendor:/opt/ros/jazzy/opt/gz_msgs_vendor:/opt/ros/jazzy/opt/gz_common_vendor:/opt/ros/jazzy/opt/gz_math_vendor:/opt/ros/jazzy/opt/gz_utils_vendor:/opt/ros/jazzy/opt/gz_tools_vendor:/opt/ros/jazzy/opt/gz_ogre_next_vendor:/opt/ros/jazzy/opt/gz_dartsim_vendor:/opt/ros/jazzy/opt/gz_cmake_vendor:/opt/ros/jazzy DEBUGINFOD_URLS=https://debuginfod.ubuntu.com /usr/bin/cmake --build /home/hornet/Desktop/pathfollowingbot/build/pathbot_navigation -- -j16 -l16
[0.054s] Invoking command in '/home/hornet/Desktop/pathfollowingbot/build/pathbot_navigation': AMENT_PREFIX_PATH=/home/hornet/Desktop/pathfollowingbot/install/pathbot_nodes:${AMENT_PREFIX_PATH} CMAKE_PREFIX_PATH=/home/hornet/Desktop/pathfollowingbot/install/pathbot_nodes:/opt/ros/jazzy/opt/gz_sim_vendor:/opt/ros/jazzy/opt/gz_sensors_vendor:/opt/ros/jazzy/opt/gz_physics_vendor:/opt/ros/jazzy/opt/sdformat_vendor:/opt/ros/jazzy/opt/gz_gui_vendor:/opt/ros/jazzy/opt/gz_transport_vendor:/opt/ros/jazzy/opt/gz_rendering_vendor:/opt/ros/jazzy/opt/gz_plugin_vendor:/opt/ros/jazzy/opt/gz_fuel_tools_vendor:/opt/ros/jazzy/opt/gz_msgs_vendor:/opt/ros/jazzy/opt/gz_common_vendor:/opt/ros/jazzy/opt/gz_math_vendor:/opt/ros/jazzy/opt/gz_utils_vendor:/opt/ros/jazzy/opt/gz_tools_vendor:/opt/ros/jazzy/opt/gz_ogre_next_vendor:/opt/ros/jazzy/opt/gz_dartsim_vendor:/opt/ros/jazzy/opt/gz_cmake_vendor:/opt/ros/jazzy DEBUGINFOD_URLS=https://debuginfod.ubuntu.com /usr/bin/cmake --install /home/hornet/Desktop/pathfollowingbot/build/pathbot_navigation
[0.061s] -- Install configuration: ""
[0.062s] -- Up-to-date: /home/hornet/Desktop/pathfollowingbot/install/pathbot_navigation/share/pathbot_navigation/launch
[0.062s] -- Up-to-date: /home/hornet/Desktop/pathfollowingbot/install/pathbot_navigation/share/pathbot_navigation/launch/map_saver.launch.py
[0.062s] -- Up-to-date: /home/hornet/Desktop/pathfollowingbot/install/pathbot_navigation/share/pathbot_navigation/launch/nav2.launch.py
[0.062s] -- Up-to-date: /home/hornet/Desktop/pathfollowingbot/install/pathbot_navigation/share/pathbot_navigation/launch/slam.launch.py
[0.062s] -- Up-to-date: /home/hornet/Desktop/pathfollowingbot/install/pathbot_navigation/share/pathbot_navigation/config
[0.062s] -- Up-to-date: /home/hornet/Desktop/pathfollowingbot/install/pathbot_navigation/share/pathbot_navigation/config/nav2_params.yaml
[0.062s] -- Up-to-date: /home/hornet/Desktop/pathfollowingbot/install/pathbot_navigation/share/pathbot_navigation/config/mapper_params_online_async.yaml
[0.062s] -- Up-to-date: /home/hornet/Desktop/pathfollowingbot/install/pathbot_navigation/share/pathbot_navigation/config/slam_toolbox.yaml
[0.063s] -- Up-to-date: /home/hornet/Desktop/pathfollowingbot/install/pathbot_navigation/share/pathbot_navigation/maps
[0.063s] -- Up-to-date: /home/hornet/Desktop/pathfollowingbot/install/pathbot_navigation/share/pathbot_navigation/rviz
[0.063s] -- Up-to-date: /home/hornet/Desktop/pathfollowingbot/install/pathbot_navigation/share/pathbot_navigation/rviz/nav2_map.rviz
[0.063s] -- Up-to-date: /home/hornet/Desktop/pathfollowingbot/install/pathbot_navigation/share/ament_index/resource_index/package_run_dependencies/pathbot_navigation
[0.064s] -- Up-to-date: /home/hornet/Desktop/pathfollowingbot/install/pathbot_navigation/share/ament_index/resource_index/parent_prefix_path/pathbot_navigation
[0.064s] -- Up-to-date: /home/hornet/Desktop/pathfollowingbot/install/pathbot_navigation/share/pathbot_navigation/environment/ament_prefix_path.sh
[0.064s] -- Up-to-date: /home/hornet/Desktop/pathfollowingbot/install/pathbot_navigation/share/pathbot_navigation/environment/ament_prefix_path.dsv
[0.064s] -- Up-to-date: /home/hornet/Desktop/pathfollowingbot/install/pathbot_navigation/share/pathbot_navigation/environment/path.sh
[0.064s] -- Up-to-date: /home/hornet/Desktop/pathfollowingbot/install/pathbot_navigation/share/pathbot_navigation/environment/path.dsv
[0.064s] -- Up-to-date: /home/hornet/Desktop/pathfollowingbot/install/pathbot_navigation/share/pathbot_navigation/local_setup.bash
[0.064s] -- Up-to-date: /home/hornet/Desktop/pathfollowingbot/install/pathbot_navigation/share/pathbot_navigation/local_setup.sh
[0.064s] -- Up-to-date: /home/hornet/Desktop/pathfollowingbot/install/pathbot_navigation/share/pathbot_navigation/local_setup.zsh
[0.064s] -- Up-to-date: /home/hornet/Desktop/pathfollowingbot/install/pathbot_navigation/share/pathbot_navigation/local_setup.dsv
[0.064s] -- Up-to-date: /home/hornet/Desktop/pathfollowingbot/install/pathbot_navigation/share/pathbot_navigation/package.dsv
[0.064s] -- Up-to-date: /home/hornet/Desktop/pathfollowingbot/install/pathbot_navigation/share/ament_index/resource_index/packages/pathbot_navigation
[0.064s] -- Up-to-date: /home/hornet/Desktop/pathfollowingbot/install/pathbot_navigation/share/pathbot_navigation/cmake/pathbot_navigationConfig.cmake
[0.064s] -- Up-to-date: /home/hornet/Desktop/pathfollowingbot/install/pathbot_navigation/share/pathbot_navigation/cmake/pathbot_navigationConfig-version.cmake
[0.065s] -- Up-to-date: /home/hornet/Desktop/pathfollowingbot/install/pathbot_navigation/share/pathbot_navigation/package.xml
[0.065s] Invoked command in '/home/hornet/Desktop/pathfollowingbot/build/pathbot_navigation' returned '0': AMENT_PREFIX_PATH=/home/hornet/Desktop/pathfollowingbot/install/pathbot_nodes:${AMENT_PREFIX_PATH} CMAKE_PREFIX_PATH=/home/hornet/Desktop/pathfollowingbot/install/pathbot_nodes:/opt/ros/jazzy/opt/gz_sim_vendor:/opt/ros/jazzy/opt/gz_sensors_vendor:/opt/ros/jazzy/opt/gz_physics_vendor:/opt/ros/jazzy/opt/sdformat_vendor:/opt/ros/jazzy/opt/gz_gui_vendor:/opt/ros/jazzy/opt/gz_transport_vendor:/opt/ros/jazzy/opt/gz_rendering_vendor:/opt/ros/jazzy/opt/gz_plugin_vendor:/opt/ros/jazzy/opt/gz_fuel_tools_vendor:/opt/ros/jazzy/opt/gz_msgs_vendor:/opt/ros/jazzy/opt/gz_common_vendor:/opt/ros/jazzy/opt/gz_math_vendor:/opt/ros/jazzy/opt/gz_utils_vendor:/opt/ros/jazzy/opt/gz_tools_vendor:/opt/ros/jazzy/opt/gz_ogre_next_vendor:/opt/ros/jazzy/opt/gz_dartsim_vendor:/opt/ros/jazzy/opt/gz_cmake_vendor:/opt/ros/jazzy DEBUGINFOD_URLS=https://debuginfod.ubuntu.com /usr/bin/cmake --install /home/hornet/Desktop/pathfollowingbot/build/pathbot_navigation
