-- Found ament_cmake: 2.5.6 (/opt/ros/jazzy/share/ament_cmake/cmake)
-- Override CMake install command with custom implementation using symlinks instead of copying resources
-- Found ament_lint_auto: 0.17.5 (/opt/ros/jazzy/share/ament_lint_auto/cmake)
-- Added test 'flake8' to check Python code syntax and style conventions
-- Configured 'flake8' exclude dirs and/or files: 
-- Added test 'lint_cmake' to check CMake code style
-- Added test 'pep257' to check Python code against some of the docstring style conventions in PEP 257
-- Added test 'xmllint' to check XML markup files
-- Configuring done (0.2s)
-- Generating done (0.0s)
-- Build files have been written to: /home/hornet/Desktop/pathfollowingbot/build/pathbot_bringup
-- Install configuration: ""
-- Execute custom install script
-- Symlinking: /home/hornet/Desktop/pathfollowingbot/install/pathbot_bringup/share/pathbot_bringup/launch/bringup.launch.py
-- Symlinking: /home/hornet/Desktop/pathfollowingbot/install/pathbot_bringup/share/ament_index/resource_index/package_run_dependencies/pathbot_bringup
-- Symlinking: /home/hornet/Desktop/pathfollowingbot/install/pathbot_bringup/share/ament_index/resource_index/parent_prefix_path/pathbot_bringup
-- Symlinking: /home/hornet/Desktop/pathfollowingbot/install/pathbot_bringup/share/pathbot_bringup/environment/ament_prefix_path.sh
-- Symlinking: /home/hornet/Desktop/pathfollowingbot/install/pathbot_bringup/share/pathbot_bringup/environment/ament_prefix_path.dsv
-- Symlinking: /home/hornet/Desktop/pathfollowingbot/install/pathbot_bringup/share/pathbot_bringup/environment/path.sh
-- Symlinking: /home/hornet/Desktop/pathfollowingbot/install/pathbot_bringup/share/pathbot_bringup/environment/path.dsv
-- Symlinking: /home/hornet/Desktop/pathfollowingbot/install/pathbot_bringup/share/pathbot_bringup/local_setup.bash
-- Symlinking: /home/hornet/Desktop/pathfollowingbot/install/pathbot_bringup/share/pathbot_bringup/local_setup.sh
-- Symlinking: /home/hornet/Desktop/pathfollowingbot/install/pathbot_bringup/share/pathbot_bringup/local_setup.zsh
-- Symlinking: /home/hornet/Desktop/pathfollowingbot/install/pathbot_bringup/share/pathbot_bringup/local_setup.dsv
-- Symlinking: /home/hornet/Desktop/pathfollowingbot/install/pathbot_bringup/share/pathbot_bringup/package.dsv
-- Symlinking: /home/hornet/Desktop/pathfollowingbot/install/pathbot_bringup/share/ament_index/resource_index/packages/pathbot_bringup
-- Symlinking: /home/hornet/Desktop/pathfollowingbot/install/pathbot_bringup/share/pathbot_bringup/cmake/pathbot_bringupConfig.cmake
-- Symlinking: /home/hornet/Desktop/pathfollowingbot/install/pathbot_bringup/share/pathbot_bringup/cmake/pathbot_bringupConfig-version.cmake
-- Symlinking: /home/hornet/Desktop/pathfollowingbot/install/pathbot_bringup/share/pathbot_bringup/package.xml
