-- Found ament_cmake: 2.5.6 (/opt/ros/jazzy/share/ament_cmake/cmake)
-- Override CMake install command with custom implementation using symlinks instead of copying resources
-- Found ament_lint_auto: 0.17.5 (/opt/ros/jazzy/share/ament_lint_auto/cmake)
-- Added test 'flake8' to check Python code syntax and style conventions
-- Configured 'flake8' exclude dirs and/or files: 
-- Added test 'lint_cmake' to check CMake code style
-- Added test 'pep257' to check Python code against some of the docstring style conventions in PEP 257
-- Added test 'xmllint' to check XML markup files
-- Configuring done (0.2s)
-- Generating done (0.0s)
-- Build files have been written to: /home/hornet/Desktop/pathfollowingbot/build/pathbot_navigation
-- Install configuration: ""
-- Execute custom install script
-- Up-to-date symlink: /home/hornet/Desktop/pathfollowingbot/install/pathbot_navigation/share/pathbot_navigation/launch/map_saver.launch.py
-- Up-to-date symlink: /home/hornet/Desktop/pathfollowingbot/install/pathbot_navigation/share/pathbot_navigation/launch/nav2.launch.py
-- Up-to-date symlink: /home/hornet/Desktop/pathfollowingbot/install/pathbot_navigation/share/pathbot_navigation/launch/slam.launch.py
-- Up-to-date symlink: /home/hornet/Desktop/pathfollowingbot/install/pathbot_navigation/share/pathbot_navigation/config/mapper_params_online_async.yaml
-- Up-to-date symlink: /home/hornet/Desktop/pathfollowingbot/install/pathbot_navigation/share/pathbot_navigation/config/nav2_params.yaml
-- Up-to-date symlink: /home/hornet/Desktop/pathfollowingbot/install/pathbot_navigation/share/pathbot_navigation/config/slam_toolbox.yaml
-- Up-to-date symlink: /home/hornet/Desktop/pathfollowingbot/install/pathbot_navigation/share/pathbot_navigation/rviz/nav2_map.rviz
-- Up-to-date symlink: /home/hornet/Desktop/pathfollowingbot/install/pathbot_navigation/share/ament_index/resource_index/package_run_dependencies/pathbot_navigation
-- Up-to-date symlink: /home/hornet/Desktop/pathfollowingbot/install/pathbot_navigation/share/ament_index/resource_index/parent_prefix_path/pathbot_navigation
-- Up-to-date symlink: /home/hornet/Desktop/pathfollowingbot/install/pathbot_navigation/share/pathbot_navigation/environment/ament_prefix_path.sh
-- Up-to-date symlink: /home/hornet/Desktop/pathfollowingbot/install/pathbot_navigation/share/pathbot_navigation/environment/ament_prefix_path.dsv
-- Up-to-date symlink: /home/hornet/Desktop/pathfollowingbot/install/pathbot_navigation/share/pathbot_navigation/environment/path.sh
-- Up-to-date symlink: /home/hornet/Desktop/pathfollowingbot/install/pathbot_navigation/share/pathbot_navigation/environment/path.dsv
-- Up-to-date symlink: /home/hornet/Desktop/pathfollowingbot/install/pathbot_navigation/share/pathbot_navigation/local_setup.bash
-- Up-to-date symlink: /home/hornet/Desktop/pathfollowingbot/install/pathbot_navigation/share/pathbot_navigation/local_setup.sh
-- Up-to-date symlink: /home/hornet/Desktop/pathfollowingbot/install/pathbot_navigation/share/pathbot_navigation/local_setup.zsh
-- Up-to-date symlink: /home/hornet/Desktop/pathfollowingbot/install/pathbot_navigation/share/pathbot_navigation/local_setup.dsv
-- Symlinking: /home/hornet/Desktop/pathfollowingbot/install/pathbot_navigation/share/pathbot_navigation/package.dsv
-- Up-to-date symlink: /home/hornet/Desktop/pathfollowingbot/install/pathbot_navigation/share/ament_index/resource_index/packages/pathbot_navigation
-- Up-to-date symlink: /home/hornet/Desktop/pathfollowingbot/install/pathbot_navigation/share/pathbot_navigation/cmake/pathbot_navigationConfig.cmake
-- Up-to-date symlink: /home/hornet/Desktop/pathfollowingbot/install/pathbot_navigation/share/pathbot_navigation/cmake/pathbot_navigationConfig-version.cmake
-- Up-to-date symlink: /home/hornet/Desktop/pathfollowingbot/install/pathbot_navigation/share/pathbot_navigation/package.xml
