-- Found ament_cmake: 2.5.6 (/opt/ros/jazzy/share/ament_cmake/cmake)
-- Override CMake install command with custom implementation using symlinks instead of copying resources
-- Found ament_lint_auto: 0.17.5 (/opt/ros/jazzy/share/ament_lint_auto/cmake)
-- Added test 'flake8' to check Python code syntax and style conventions
-- Configured 'flake8' exclude dirs and/or files: 
-- Added test 'lint_cmake' to check CMake code style
-- Added test 'pep257' to check Python code against some of the docstring style conventions in PEP 257
-- Added test 'xmllint' to check XML markup files
-- Configuring done (0.3s)
-- Generating done (0.0s)
-- Build files have been written to: /home/hornet/Desktop/pathfollowingbot/build/pathbot_control
-- Install configuration: ""
-- Execute custom install script
-- Symlinking: /home/hornet/Desktop/pathfollowingbot/install/pathbot_control/lib/pathbot_control/path_planner.py
-- Symlinking: /home/hornet/Desktop/pathfollowingbot/install/pathbot_control/lib/pathbot_control/pure_pursuit.py
-- Symlinking: /home/hornet/Desktop/pathfollowingbot/install/pathbot_control/lib/pathbot_control/publish_path.py
-- Symlinking: /home/hornet/Desktop/pathfollowingbot/install/pathbot_control/share/pathbot_control/launch/path_follower.launch.py
-- Symlinking: /home/hornet/Desktop/pathfollowingbot/install/pathbot_control/share/pathbot_control/docs/PURE_PURSUIT.md
-- Symlinking: /home/hornet/Desktop/pathfollowingbot/install/pathbot_control/share/ament_index/resource_index/package_run_dependencies/pathbot_control
-- Symlinking: /home/hornet/Desktop/pathfollowingbot/install/pathbot_control/share/ament_index/resource_index/parent_prefix_path/pathbot_control
-- Symlinking: /home/hornet/Desktop/pathfollowingbot/install/pathbot_control/share/pathbot_control/environment/ament_prefix_path.sh
-- Symlinking: /home/hornet/Desktop/pathfollowingbot/install/pathbot_control/share/pathbot_control/environment/ament_prefix_path.dsv
-- Symlinking: /home/hornet/Desktop/pathfollowingbot/install/pathbot_control/share/pathbot_control/environment/path.sh
-- Symlinking: /home/hornet/Desktop/pathfollowingbot/install/pathbot_control/share/pathbot_control/environment/path.dsv
-- Symlinking: /home/hornet/Desktop/pathfollowingbot/install/pathbot_control/share/pathbot_control/local_setup.bash
-- Symlinking: /home/hornet/Desktop/pathfollowingbot/install/pathbot_control/share/pathbot_control/local_setup.sh
-- Symlinking: /home/hornet/Desktop/pathfollowingbot/install/pathbot_control/share/pathbot_control/local_setup.zsh
-- Symlinking: /home/hornet/Desktop/pathfollowingbot/install/pathbot_control/share/pathbot_control/local_setup.dsv
-- Symlinking: /home/hornet/Desktop/pathfollowingbot/install/pathbot_control/share/pathbot_control/package.dsv
-- Symlinking: /home/hornet/Desktop/pathfollowingbot/install/pathbot_control/share/ament_index/resource_index/packages/pathbot_control
-- Symlinking: /home/hornet/Desktop/pathfollowingbot/install/pathbot_control/share/pathbot_control/cmake/pathbot_controlConfig.cmake
-- Symlinking: /home/hornet/Desktop/pathfollowingbot/install/pathbot_control/share/pathbot_control/cmake/pathbot_controlConfig-version.cmake
-- Symlinking: /home/hornet/Desktop/pathfollowingbot/install/pathbot_control/share/pathbot_control/package.xml
