[0.007s] Invoking command in '/home/hornet/Desktop/pathfollowingbot/build/pathbot_nodes': CMAKE_PREFIX_PATH=${CMAKE_PREFIX_PATH}:/opt/ros/jazzy DEBUGINFOD_URLS=https://debuginfod.ubuntu.com /usr/bin/cmake /home/hornet/Desktop/pathfollowingbot/src/pathbot_nodes -DCMAKE_INSTALL_PREFIX=/home/hornet/Desktop/pathfollowingbot/install/pathbot_nodes
[0.141s] -- The C compiler identification is GNU 11.5.0
[0.267s] -- The CXX compiler identification is GNU 11.5.0
[0.289s] -- Detecting C compiler ABI info
[0.388s] -- Detecting C compiler ABI info - done
[0.397s] -- Check for working C compiler: /usr/bin/cc - skipped
[0.397s] -- Detecting C compile features
[0.397s] -- Detecting C compile features - done
[0.408s] -- Detecting CXX compiler ABI info
[0.507s] -- Detecting CXX compiler ABI info - done
[0.517s] -- Check for working CXX compiler: /usr/bin/c++ - skipped
[0.517s] -- Detecting CXX compile features
[0.517s] -- Detecting CXX compile features - done
[0.541s] -- Found ament_cmake: 2.5.6 (/opt/ros/jazzy/share/ament_cmake/cmake)
[0.722s] -- Found Python3: /usr/bin/python3 (found version "3.12.3") found components: Interpreter 
[0.868s] -- Found rclcpp: 28.1.21 (/opt/ros/jazzy/share/rclcpp/cmake)
[0.920s] -- Found rosidl_generator_c: 4.6.9 (/opt/ros/jazzy/share/rosidl_generator_c/cmake)
[0.938s] -- Found rosidl_generator_cpp: 4.6.9 (/opt/ros/jazzy/share/rosidl_generator_cpp/cmake)
[0.960s] -- Using all available rosidl_typesupport_c: rosidl_typesupport_fastrtps_c;rosidl_typesupport_introspection_c
[0.983s] -- Using all available rosidl_typesupport_cpp: rosidl_typesupport_fastrtps_cpp;rosidl_typesupport_introspection_cpp
[1.084s] -- Found rmw_implementation_cmake: 7.3.3 (/opt/ros/jazzy/share/rmw_implementation_cmake/cmake)
[1.089s] -- Found rmw_fastrtps_cpp: 8.4.4 (/opt/ros/jazzy/share/rmw_fastrtps_cpp/cmake)
[1.230s] -- Found OpenSSL: /usr/lib/x86_64-linux-gnu/libcrypto.so (found version "3.0.13")  
[1.256s] -- Found FastRTPS: /opt/ros/jazzy/include (Required is at least version "2.13") 
[1.284s] -- Using RMW implementation 'rmw_fastrtps_cpp' as default
[1.364s] -- Found sensor_msgs: 5.3.8 (/opt/ros/jazzy/share/sensor_msgs/cmake)
[1.411s] -- Found ament_lint_auto: 0.17.5 (/opt/ros/jazzy/share/ament_lint_auto/cmake)
[1.512s] -- Added test 'cppcheck' to perform static code analysis on C / C++ code
[1.512s] -- Configured cppcheck include dirs: 
[1.512s] -- Configured cppcheck exclude dirs and/or files: 
[1.513s] -- Added test 'lint_cmake' to check CMake code style
[1.514s] -- Added test 'uncrustify' to check C / C++ code style
[1.514s] -- Configured uncrustify additional arguments: 
[1.514s] -- Added test 'xmllint' to check XML markup files
[1.516s] -- Configuring done (1.5s)
[1.525s] -- Generating done (0.0s)
[1.528s] -- Build files have been written to: /home/hornet/Desktop/pathfollowingbot/build/pathbot_nodes
[1.538s] Invoked command in '/home/hornet/Desktop/pathfollowingbot/build/pathbot_nodes' returned '0': CMAKE_PREFIX_PATH=${CMAKE_PREFIX_PATH}:/opt/ros/jazzy DEBUGINFOD_URLS=https://debuginfod.ubuntu.com /usr/bin/cmake /home/hornet/Desktop/pathfollowingbot/src/pathbot_nodes -DCMAKE_INSTALL_PREFIX=/home/hornet/Desktop/pathfollowingbot/install/pathbot_nodes
[1.539s] Invoking command in '/home/hornet/Desktop/pathfollowingbot/build/pathbot_nodes': CMAKE_PREFIX_PATH=${CMAKE_PREFIX_PATH}:/opt/ros/jazzy DEBUGINFOD_URLS=https://debuginfod.ubuntu.com /usr/bin/cmake --build /home/hornet/Desktop/pathfollowingbot/build/pathbot_nodes -- -j16 -l16
[1.612s] [ 50%] Building CXX object CMakeFiles/scan_frame_corrector.dir/src/scan_frame_corrector.cpp.o
[9.034s] [100%] Linking CXX executable scan_frame_corrector
[9.325s] [100%] Built target scan_frame_corrector
[9.336s] Invoked command in '/home/hornet/Desktop/pathfollowingbot/build/pathbot_nodes' returned '0': CMAKE_PREFIX_PATH=${CMAKE_PREFIX_PATH}:/opt/ros/jazzy DEBUGINFOD_URLS=https://debuginfod.ubuntu.com /usr/bin/cmake --build /home/hornet/Desktop/pathfollowingbot/build/pathbot_nodes -- -j16 -l16
[9.337s] Invoking command in '/home/hornet/Desktop/pathfollowingbot/build/pathbot_nodes': CMAKE_PREFIX_PATH=${CMAKE_PREFIX_PATH}:/opt/ros/jazzy DEBUGINFOD_URLS=https://debuginfod.ubuntu.com /usr/bin/cmake --install /home/hornet/Desktop/pathfollowingbot/build/pathbot_nodes
[9.343s] -- Install configuration: ""
[9.343s] -- Installing: /home/hornet/Desktop/pathfollowingbot/install/pathbot_nodes/lib/pathbot_nodes/scan_frame_corrector
[9.346s] -- Set non-toolchain portion of runtime path of "/home/hornet/Desktop/pathfollowingbot/install/pathbot_nodes/lib/pathbot_nodes/scan_frame_corrector" to ""
[9.346s] -- Installing: /home/hornet/Desktop/pathfollowingbot/install/pathbot_nodes/share/ament_index/resource_index/package_run_dependencies/pathbot_nodes
[9.346s] -- Installing: /home/hornet/Desktop/pathfollowingbot/install/pathbot_nodes/share/ament_index/resource_index/parent_prefix_path/pathbot_nodes
[9.347s] -- Installing: /home/hornet/Desktop/pathfollowingbot/install/pathbot_nodes/share/pathbot_nodes/environment/ament_prefix_path.sh
[9.347s] -- Installing: /home/hornet/Desktop/pathfollowingbot/install/pathbot_nodes/share/pathbot_nodes/environment/ament_prefix_path.dsv
[9.347s] -- Installing: /home/hornet/Desktop/pathfollowingbot/install/pathbot_nodes/share/pathbot_nodes/environment/path.sh
[9.347s] -- Installing: /home/hornet/Desktop/pathfollowingbot/install/pathbot_nodes/share/pathbot_nodes/environment/path.dsv
[9.347s] -- Installing: /home/hornet/Desktop/pathfollowingbot/install/pathbot_nodes/share/pathbot_nodes/local_setup.bash
[9.347s] -- Installing: /home/hornet/Desktop/pathfollowingbot/install/pathbot_nodes/share/pathbot_nodes/local_setup.sh
[9.347s] -- Installing: /home/hornet/Desktop/pathfollowingbot/install/pathbot_nodes/share/pathbot_nodes/local_setup.zsh
[9.347s] -- Installing: /home/hornet/Desktop/pathfollowingbot/install/pathbot_nodes/share/pathbot_nodes/local_setup.dsv
[9.347s] -- Installing: /home/hornet/Desktop/pathfollowingbot/install/pathbot_nodes/share/pathbot_nodes/package.dsv
[9.347s] -- Installing: /home/hornet/Desktop/pathfollowingbot/install/pathbot_nodes/share/ament_index/resource_index/packages/pathbot_nodes
[9.347s] -- Installing: /home/hornet/Desktop/pathfollowingbot/install/pathbot_nodes/share/pathbot_nodes/cmake/pathbot_nodesConfig.cmake
[9.347s] -- Installing: /home/hornet/Desktop/pathfollowingbot/install/pathbot_nodes/share/pathbot_nodes/cmake/pathbot_nodesConfig-version.cmake
[9.347s] -- Installing: /home/hornet/Desktop/pathfollowingbot/install/pathbot_nodes/share/pathbot_nodes/package.xml
[9.348s] Invoked command in '/home/hornet/Desktop/pathfollowingbot/build/pathbot_nodes' returned '0': CMAKE_PREFIX_PATH=${CMAKE_PREFIX_PATH}:/opt/ros/jazzy DEBUGINFOD_URLS=https://debuginfod.ubuntu.com /usr/bin/cmake --install /home/hornet/Desktop/pathfollowingbot/build/pathbot_nodes
